
Discarded input sections

 .note.GNU-stack
                0x0000000000000000        0x0 build/us_n64/actors/common1.o

Memory Configuration

Name             Origin             Length             Attributes
*default*        0x0000000000000000 0xffffffffffffffff

Linker script and memory map

Address of section .text set to 0x3000000
LOAD build/us_n64/actors/common1.o
                [!provide]                        PROVIDE (__executable_start = SEGMENT_START ("text-segment", 0x400000))
                0x0000000000400000                . = SEGMENT_START ("text-segment", 0x400000)

.interp
 *(.interp)

.MIPS.abiflags  0x0000000000400000       0x18
 *(.MIPS.abiflags)
 .MIPS.abiflags
                0x0000000000400000       0x18 build/us_n64/actors/common1.o

.reginfo        0x0000000000400018       0x18
 *(.reginfo)
 .reginfo       0x0000000000400018       0x18 build/us_n64/actors/common1.o

.note.gnu.build-id
 *(.note.gnu.build-id)

.dynamic
 *(.dynamic)

.hash
 *(.hash)

.gnu.hash
 *(.gnu.hash)

.dynsym
 *(.dynsym)

.dynstr
 *(.dynstr)

.gnu.version
 *(.gnu.version)

.gnu.version_d
 *(.gnu.version_d)

.gnu.version_r
 *(.gnu.version_r)

.rel.dyn        0x0000000000400030        0x0
 *(.rel.init)
 *(.rel.text .rel.text.* .rel.gnu.linkonce.t.*)
 *(.rel.fini)
 *(.rel.rodata .rel.rodata.* .rel.gnu.linkonce.r.*)
 *(.rel.data.rel.ro .rel.data.rel.ro.* .rel.gnu.linkonce.d.rel.ro.*)
 *(.rel.data .rel.data.* .rel.gnu.linkonce.d.*)
 *(.rel.tdata .rel.tdata.* .rel.gnu.linkonce.td.*)
 *(.rel.tbss .rel.tbss.* .rel.gnu.linkonce.tb.*)
 *(.rel.ctors)
 *(.rel.dtors)
 *(.rel.got)
 *(.rel.dyn)
 .rel.dyn       0x0000000000400030        0x0 build/us_n64/actors/common1.o
 *(.rel.sdata .rel.sdata.* .rel.gnu.linkonce.s.*)
 *(.rel.sbss .rel.sbss.* .rel.gnu.linkonce.sb.*)
 *(.rel.sdata2 .rel.sdata2.* .rel.gnu.linkonce.s2.*)
 *(.rel.sbss2 .rel.sbss2.* .rel.gnu.linkonce.sb2.*)
 *(.rel.bss .rel.bss.* .rel.gnu.linkonce.b.*)
                [!provide]                        PROVIDE (__rel_iplt_start = .)
 *(.rel.iplt)
                [!provide]                        PROVIDE (__rel_iplt_end = .)

.rela.dyn       0x0000000000400030        0x0
 *(.rela.init)
 *(.rela.text .rela.text.* .rela.gnu.linkonce.t.*)
 *(.rela.fini)
 *(.rela.rodata .rela.rodata.* .rela.gnu.linkonce.r.*)
 *(.rela.data .rela.data.* .rela.gnu.linkonce.d.*)
 *(.rela.tdata .rela.tdata.* .rela.gnu.linkonce.td.*)
 *(.rela.tbss .rela.tbss.* .rela.gnu.linkonce.tb.*)
 *(.rela.ctors)
 *(.rela.dtors)
 *(.rela.got)
 *(.rela.sdata .rela.sdata.* .rela.gnu.linkonce.s.*)
 *(.rela.sbss .rela.sbss.* .rela.gnu.linkonce.sb.*)
 *(.rela.sdata2 .rela.sdata2.* .rela.gnu.linkonce.s2.*)
 *(.rela.sbss2 .rela.sbss2.* .rela.gnu.linkonce.sb2.*)
 *(.rela.bss .rela.bss.* .rela.gnu.linkonce.b.*)
                [!provide]                        PROVIDE (__rela_iplt_start = .)
 *(.rela.iplt)
                [!provide]                        PROVIDE (__rela_iplt_end = .)

.rel.plt
 *(.rel.plt)

.rela.plt
 *(.rela.plt)

.init
 *(SORT_NONE(.init))

.plt
 *(.plt)

.iplt
 *(.iplt)

.text           0x0000000003000000        0x0
                0x0000000003000000                _ftext = .
 *(.text.unlikely .text.*_unlikely .text.unlikely.*)
 *(.text.exit .text.exit.*)
 *(.text.startup .text.startup.*)
 *(.text.hot .text.hot.*)
 *(.text .stub .text.* .gnu.linkonce.t.*)
 .text          0x0000000003000000        0x0 build/us_n64/actors/common1.o
 *(.gnu.warning)
 *(.mips16.fn.*)
 *(.mips16.call.*)

.fini
 *(SORT_NONE(.fini))
                [!provide]                        PROVIDE (__etext = .)
                [!provide]                        PROVIDE (_etext = .)
                [!provide]                        PROVIDE (etext = .)

.rodata
 *(.rodata .rodata.* .gnu.linkonce.r.*)

.rodata1
 *(.rodata1)

.sdata2
 *(.sdata2 .sdata2.* .gnu.linkonce.s2.*)

.sbss2
 *(.sbss2 .sbss2.* .gnu.linkonce.sb2.*)

.eh_frame_hdr
 *(.eh_frame_hdr)
 *(.eh_frame_entry .eh_frame_entry.*)

.eh_frame
 *(.eh_frame)
 *(.eh_frame.*)

.gcc_except_table
 *(.gcc_except_table .gcc_except_table.*)

.gnu_extab
 *(.gnu_extab*)

.exception_ranges
 *(.exception_ranges .exception_ranges*)
                0x0000000003000000                . = DATA_SEGMENT_ALIGN (CONSTANT (MAXPAGESIZE), CONSTANT (COMMONPAGESIZE))

.eh_frame
 *(.eh_frame)
 *(.eh_frame.*)

.gnu_extab
 *(.gnu_extab)

.gcc_except_table
 *(.gcc_except_table .gcc_except_table.*)

.exception_ranges
 *(.exception_ranges .exception_ranges*)

.tdata
 *(.tdata .tdata.* .gnu.linkonce.td.*)

.tbss
 *(.tbss .tbss.* .gnu.linkonce.tb.*)
 *(.tcommon)

.preinit_array  0x0000000003000000        0x0
                [!provide]                        PROVIDE (__preinit_array_start = .)
 *(.preinit_array)
                [!provide]                        PROVIDE (__preinit_array_end = .)

.init_array     0x0000000003000000        0x0
                [!provide]                        PROVIDE (__init_array_start = .)
 *(SORT_BY_INIT_PRIORITY(.init_array.*) SORT_BY_INIT_PRIORITY(.ctors.*))
 *(.init_array EXCLUDE_FILE(*crtend?.o *crtend.o *crtbegin?.o *crtbegin.o) .ctors)
                [!provide]                        PROVIDE (__init_array_end = .)

.fini_array     0x0000000003000000        0x0
                [!provide]                        PROVIDE (__fini_array_start = .)
 *(SORT_BY_INIT_PRIORITY(.fini_array.*) SORT_BY_INIT_PRIORITY(.dtors.*))
 *(.fini_array EXCLUDE_FILE(*crtend?.o *crtend.o *crtbegin?.o *crtbegin.o) .dtors)
                [!provide]                        PROVIDE (__fini_array_end = .)

.ctors
 *crtbegin.o(.ctors)
 *crtbegin?.o(.ctors)
 *(EXCLUDE_FILE(*crtend?.o *crtend.o) .ctors)
 *(SORT_BY_NAME(.ctors.*))
 *(.ctors)

.dtors
 *crtbegin.o(.dtors)
 *crtbegin?.o(.dtors)
 *(EXCLUDE_FILE(*crtend?.o *crtend.o) .dtors)
 *(SORT_BY_NAME(.dtors.*))
 *(.dtors)

.jcr
 *(.jcr)

.data.rel.ro
 *(.data.rel.ro.local* .gnu.linkonce.d.rel.ro.local.*)
 *(.data.rel.ro .data.rel.ro.* .gnu.linkonce.d.rel.ro.*)
                0x0000000003000000                . = DATA_SEGMENT_RELRO_END (., 0x0)

.data           0x0000000003000000    0x3c4e0
                0x0000000003000000                _fdata = .
 *(.data .data.* .gnu.linkonce.d.*)
 .data          0x0000000003000000    0x3c4e0 build/us_n64/actors/common1.o
                0x0000000003000000                tree_seg3_dl_palm_transparent
                0x0000000003000018                tree_seg3_dl_palm
                0x0000000003000030                tree_seg3_sub_dl_palm
                0x0000000003001110                tree_seg3_dl_snowy_pine_transparent
                0x0000000003001128                tree_seg3_dl_snowy_pine
                0x0000000003001140                tree_seg3_sub_dl_snowy_pine
                0x00000000030021e0                tree_seg3_dl_spiky_transparent
                0x00000000030021f8                tree_seg3_dl_spiky
                0x0000000003002210                tree_seg3_sub_dl_spiky
                0x00000000030032f0                tree_seg3_dl_bubbly_transparent
                0x0000000003003308                tree_seg3_dl_bubbly
                0x0000000003003320                tree_seg3_sub_dl_bubbly
                0x0000000003003388                tree_seg3_sub_dl_bubbly_right_side
                0x00000000030033b8                tree_seg3_sub_dl_bubbly_left_side
                0x0000000003005448                wooden_signpost_seg3_collision_0302DD80
                0x00000000030054e8                wooden_signpost_seg3_dl_0302DD08
                0x0000000003005560                wooden_signpost_seg3_dl_0302DCD0
                0x0000000003005590                wooden_signpost_seg3_dl_0302DC40
                0x0000000003005788                wooden_signpost_seg3_dl_0302DA48
                0x00000000030057e8                wooden_signpost_seg3_dl_0302D9C8
                0x00000000030068c8                white_particle_dl
                0x0000000003006b98                transparent_star_seg3_dl_body
                0x0000000003006bd8                transparent_star_seg3_sub_dl_body
                0x0000000003006d18                dirt_seg3_dl_tiny_particle_billboard
                0x0000000003006d40                dirt_seg3_dl_tiny_particle_yellow
                0x0000000003006d88                dirt_seg3_dl_tiny_particle_blue
                0x0000000003006dd0                dirt_seg3_dl_tiny_particle_green
                0x0000000003006e18                dirt_seg3_dl_tiny_particle_red
                0x0000000003006e60                dirt_seg3_dl_cartoon_star_billboard
                0x0000000003006ea0                dirt_seg3_dl_cartoon_star_yellow
                0x0000000003006ed0                dirt_seg3_dl_cartoon_star_blue
                0x0000000003006f00                dirt_seg3_dl_cartoon_star_green
                0x0000000003006f30                dirt_seg3_dl_cartoon_star_red
                0x0000000003006f60                dirt_seg3_sub_dl_cartoon_star
                0x0000000003007140                dirt_seg3_dl_dirt_particle
                0x00000000030071b0                dirt_seg3_sub_dl_dirt_particle
                0x0000000003007410                sand_seg3_dl_particle
                0x00000000030076e0                star_seg3_dl_eyes
                0x0000000003007750                star_seg3_sub_dl_eyes
                0x0000000003007848                star_seg3_dl_body
                0x00000000030078e0                star_seg3_sub_dl_body
                0x0000000003008a20                mushroom_1up_seg3_dl_0302A660
                0x0000000003008a90                mushroom_1up_seg3_dl_0302A628
                0x0000000003009b00                dl_breath_meter_health_segments_end
                0x0000000003009b38                dl_breath_meter_health_segments_begin
                0x0000000003009ba8                dl_breath_meter_base
                0x0000000003009cc8                breath_meter_segments_lut
                0x000000000300fce8                dl_power_meter_health_segments_end
                0x000000000300fd20                dl_power_meter_health_segments_begin
                0x000000000300fd90                dl_power_meter_base
                0x000000000300feb0                power_meter_health_segments_lut
                0x0000000003015ed0                mario_cap_seg3_dl_03023298
                0x0000000003016018                mario_cap_seg3_dl_03023160
                0x0000000003016160                mario_cap_seg3_dl_03023108
                0x00000000030161b8                mario_cap_seg3_dl_030230B0
                0x0000000003016210                mario_cap_seg3_dl_03022FF8
                0x00000000030162d8                mario_cap_seg3_dl_03022F48
                0x0000000003016398                mario_cap_seg3_dl_03022F20
                0x00000000030163c0                mario_cap_seg3_dl_03022ED8
                0x0000000003016408                mario_cap_seg3_dl_03022EA8
                0x0000000003016428                mario_cap_seg3_dl_03022E78
                0x0000000003016588                mario_cap_seg3_dl_03022D10
                0x00000000030165c0                mario_cap_seg3_dl_03022CC8
                0x00000000030165f0                mario_cap_seg3_dl_03022B68
                0x00000000030166b0                mario_cap_seg3_dl_03022B30
                0x000000000301c2b8                leaves_seg3_dl_0301CDE0
                0x000000000301c588                pebble_seg3_dl_0301CB00
                0x000000000301ce58                blue_fish_seg3_anims_0301C2B0
                0x000000000301cf60                blue_fish_seg3_dl_0301C150
                0x000000000301cfc0                blue_fish_seg3_dl_0301C0A8
                0x000000000301d0d0                blue_fish_seg3_dl_0301BFB8
                0x000000000301d130                blue_fish_seg3_dl_0301BEC0
                0x000000000301dab8                flame_seg3_dl_0301B5A8
                0x000000000301dad0                flame_seg3_dl_0301B590
                0x000000000301dae8                flame_seg3_dl_0301B578
                0x000000000301db00                flame_seg3_dl_0301B560
                0x000000000301db18                flame_seg3_dl_0301B548
                0x000000000301db30                flame_seg3_dl_0301B530
                0x000000000301db48                flame_seg3_dl_0301B518
                0x000000000301db60                flame_seg3_dl_0301B500
                0x000000000301db78                flame_seg3_dl_0301B470
                0x000000000301dc00                flame_seg3_dl_0301B458
                0x000000000301dc18                flame_seg3_dl_0301B440
                0x000000000301dc30                flame_seg3_dl_0301B428
                0x000000000301dc48                flame_seg3_dl_0301B410
                0x000000000301dc60                flame_seg3_dl_0301B3F8
                0x000000000301dc78                flame_seg3_dl_0301B3E0
                0x000000000301dc90                flame_seg3_dl_0301B3C8
                0x000000000301dca8                flame_seg3_dl_0301B3B0
                0x000000000301dcc0                flame_seg3_dl_0301B320
                0x0000000003021d88                bowser_key_seg3_anims_list
                0x0000000003022b30                bowser_key_dl
                0x0000000003023818                door_seg3_collision_door
                0x0000000003023874                door_seg3_anims_030156C0
                0x0000000003023d88                door_seg3_dl_haunted_door_far
                0x0000000003023e08                door_seg3_dl_cave_door_far
                0x0000000003023e88                door_seg3_dl_metal_door_far
                0x0000000003023f08                door_seg3_dl_rough_wooden_door2_far
                0x0000000003023f88                door_seg3_dl_rough_wooden_door_far
                0x0000000003024008                door_seg3_sub_dl_themed_door_far_begin
                0x0000000003024038                door_seg3_sub_dl_themed_handle_far
                0x0000000003024060                door_seg3_sub_dl_themed_door_far
                0x00000000030241a0                door_seg3_dl_haunted_door_near
                0x0000000003024260                door_seg3_dl_cave_door_near
                0x0000000003024320                door_seg3_dl_metal_door_near
                0x00000000030243e0                door_seg3_dl_rough_wooden_door2_near
                0x00000000030244a0                door_seg3_dl_rough_wooden_door_near
                0x0000000003024560                door_seg3_sub_dl_themed_door_begin
                0x0000000003024590                door_seg3_sub_dl_themed_door
                0x00000000030245b0                door_seg3_sub_dl_themed_door_sides
                0x0000000003024600                door_seg3_sub_dl_themed_handle_near
                0x00000000030249e0                door_seg3_dl_key_door
                0x0000000003024a70                door_seg3_sub_dl_lock
                0x0000000003024ba8                door_seg3_sub_dl_key_door
                0x0000000003024d00                door_seg3_sub_dl_key_door_sides
                0x0000000003024e68                door_seg3_dl_three_stars_far
                0x0000000003024e98                door_seg3_dl_three_stars_near
                0x0000000003024ec8                door_seg3_dl_one_star_far
                0x0000000003024ef8                door_seg3_dl_one_star_near
                0x0000000003024f28                door_seg3_dl_zero_star_far
                0x0000000003024f58                door_seg3_dl_zero_star_near
                0x0000000003024f88                door_seg3_vertex_star_sign_end
                0x0000000003024fb8                door_seg3_vertex_star_sign_begin
                0x00000000030250a0                door_seg3_dl_cabin_door_far
                0x00000000030250b8                door_seg3_dl_polished_wooden_door_far
                0x00000000030250d8                door_seg3_sub_dl_polished_wooden_door_far
                0x00000000030252c0                door_seg3_dl_cabin_door_near
                0x0000000003025338                door_seg3_dl_polished_wooden_door_near
                0x00000000030253b8                door_seg3_sub_dl_polished_wooden_door_handle_2
                0x0000000003025430                door_seg3_sub_dl_polished_wooden_door_handle_1
                0x00000000030254a8                door_seg3_sub_dl_polished_wooden_door_near
                0x000000000302f440                warp_pipe_seg3_collision_03009AC8
                0x000000000302f6b8                warp_pipe_seg3_dl_03009A50
                0x000000000302f730                warp_pipe_seg3_dl_03009A20
                0x000000000302f768                warp_pipe_seg3_dl_03009968
                0x0000000003030130                warp_pipe_seg3_dl_03008F98
                0x0000000003030190                warp_pipe_seg3_dl_03008E40
                0x00000000030316c8                coin_seg3_dl_secret_22_5_r
                0x00000000030316f0                coin_seg3_dl_secret_45_r
                0x0000000003031718                coin_seg3_dl_secret_67_5_r
                0x0000000003031740                coin_seg3_dl_secret_90
                0x0000000003031768                coin_seg3_dl_secret_67_5
                0x0000000003031790                coin_seg3_dl_secret_45
                0x00000000030317b8                coin_seg3_dl_secret_22_5
                0x00000000030317e0                coin_seg3_dl_secret_0
                0x0000000003031808                coin_seg3_dl_red_22_5_r
                0x0000000003031830                coin_seg3_dl_red_45_r
                0x0000000003031858                coin_seg3_dl_red_67_5_r
                0x0000000003031880                coin_seg3_dl_red_90
                0x00000000030318a8                coin_seg3_dl_red_67_5
                0x00000000030318d0                coin_seg3_dl_red_45
                0x00000000030318f8                coin_seg3_dl_red_22_5
                0x0000000003031920                coin_seg3_dl_red_0
                0x0000000003031948                coin_seg3_dl_blue_45_r
                0x0000000003031970                coin_seg3_dl_blue_22_5_r
                0x0000000003031998                coin_seg3_dl_blue_67_5_r
                0x00000000030319c0                coin_seg3_dl_blue_90
                0x00000000030319e8                coin_seg3_dl_blue_67_5
                0x0000000003031a10                coin_seg3_dl_blue_45
                0x0000000003031a38                coin_seg3_dl_blue_22_5
                0x0000000003031a60                coin_seg3_dl_blue_0
                0x0000000003031a88                coin_seg3_dl_yellow_22_5_r
                0x0000000003031ab0                coin_seg3_dl_yellow_45_r
                0x0000000003031ad8                coin_seg3_dl_yellow_67_5_r
                0x0000000003031b00                coin_seg3_dl_yellow_90
                0x0000000003031b28                coin_seg3_dl_yellow_67_5
                0x0000000003031b50                coin_seg3_dl_yellow_45
                0x0000000003031b78                coin_seg3_dl_yellow_22_5
                0x0000000003031ba0                coin_seg3_dl_yellow_0
                0x0000000003031bc8                coin_seg3_dl_end
                0x0000000003031bf8                coin_seg3_dl_start
                0x0000000003036e58                butterfly_seg3_anims_030056B0
                0x0000000003036fd8                butterfly_seg3_dl_030054A0
                0x0000000003037068                butterfly_seg3_dl_03005408
                0x00000000030381b8                explosion_seg3_dl_03004328
                0x00000000030381d0                explosion_seg3_dl_03004310
                0x00000000030381e8                explosion_seg3_dl_030042F8
                0x0000000003038200                explosion_seg3_dl_030042E0
                0x0000000003038218                explosion_seg3_dl_030042C8
                0x0000000003038230                explosion_seg3_dl_030042B0
                0x0000000003038248                explosion_seg3_dl_03004298
                0x0000000003038260                explosion_seg3_dl_03004208
                0x000000000303bb28                mist_seg3_dl_03000920
                0x000000000303bbc0                mist_seg3_dl_03000880

.data1
 *(.data1)

.got.plt
 *(.got.plt)
                0x000000000303c4e0                . = .
                0x000000000303c4e0                . = .
                0x00000000030444d0                _gp = (ALIGN (0x10) + 0x7ff0)

.got
 *(.got)

.sdata
 *(.sdata .sdata.* .gnu.linkonce.s.*)

.lit8
 *(.lit8)

.lit4
 *(.lit4)
                0x000000000303c4e0                _edata = .
                [!provide]                        PROVIDE (edata = .)
                0x000000000303c4e0                . = .
                0x000000000303c4e0                __bss_start = .
                0x000000000303c4e0                _fbss = .

.sbss
 *(.dynsbss)
 *(.sbss .sbss.* .gnu.linkonce.sb.*)
 *(.scommon)

.bss            0x000000000303c4e0        0x0
 *(.dynbss)
 *(.bss .bss.* .gnu.linkonce.b.*)
 .bss           0x000000000303c4e0        0x0 build/us_n64/actors/common1.o
 *(COMMON)
                0x000000000303c4e0                . = ALIGN ((. != 0x0)?0x4:0x1)
                0x000000000303c4e0                . = ALIGN (0x4)
                0x000000000303c4e0                . = SEGMENT_START ("ldata-segment", .)
                0x000000000303c4e0                . = ALIGN (0x4)
                0x000000000303c4e0                _end = .
                [!provide]                        PROVIDE (end = .)
                0x000000000303c4e0                . = DATA_SEGMENT_END (.)

.stab
 *(.stab)

.stabstr
 *(.stabstr)

.stab.excl
 *(.stab.excl)

.stab.exclstr
 *(.stab.exclstr)

.stab.index
 *(.stab.index)

.stab.indexstr
 *(.stab.indexstr)

.comment        0x0000000000000000       0x25
 *(.comment)
 .comment       0x0000000000000000       0x25 build/us_n64/actors/common1.o
                                         0x26 (size before relaxing)

.pdr            0x0000000000000000        0x0
 .pdr           0x0000000000000000        0x0 build/us_n64/actors/common1.o

.debug
 *(.debug)

.line
 *(.line)

.debug_srcinfo
 *(.debug_srcinfo)

.debug_sfnames
 *(.debug_sfnames)

.debug_aranges
 *(.debug_aranges)

.debug_pubnames
 *(.debug_pubnames)

.debug_info
 *(.debug_info .gnu.linkonce.wi.*)

.debug_abbrev
 *(.debug_abbrev)

.debug_line
 *(.debug_line .debug_line.* .debug_line_end)

.debug_frame
 *(.debug_frame)

.debug_str
 *(.debug_str)

.debug_loc
 *(.debug_loc)

.debug_macinfo
 *(.debug_macinfo)

.debug_weaknames
 *(.debug_weaknames)

.debug_funcnames
 *(.debug_funcnames)

.debug_typenames
 *(.debug_typenames)

.debug_varnames
 *(.debug_varnames)

.debug_pubtypes
 *(.debug_pubtypes)

.debug_ranges
 *(.debug_ranges)

.debug_macro
 *(.debug_macro)

.debug_addr
 *(.debug_addr)

.gnu.attributes
                0x0000000000000000       0x10
 *(.gnu.attributes)
 .gnu.attributes
                0x0000000000000000       0x10 build/us_n64/actors/common1.o

.gptab.sdata
 *(.gptab.data)
 *(.gptab.sdata)

.gptab.sbss
 *(.gptab.bss)
 *(.gptab.sbss)

.mdebug.abi32   0x0000000000000000        0x0
 *(.mdebug.abi32)
 .mdebug.abi32  0x0000000000000000        0x0 build/us_n64/actors/common1.o

.mdebug.abiN32
 *(.mdebug.abiN32)

.mdebug.abi64
 *(.mdebug.abi64)

.mdebug.abiO64
 *(.mdebug.abiO64)

.mdebug.eabi32
 *(.mdebug.eabi32)

.mdebug.eabi64
 *(.mdebug.eabi64)

.gcc_compiled_long32
 *(.gcc_compiled_long32)

.gcc_compiled_long64
 *(.gcc_compiled_long64)

/DISCARD/
 *(.note.GNU-stack)
 *(.gnu_debuglink)
 *(.gnu.lto_*)
OUTPUT(build/us_n64/actors/common1.elf elf32-bigmips)
