
Discarded input sections

 .note.GNU-stack
                0x0000000000000000        0x0 build/us_n64/actors/group14.o

Memory Configuration

Name             Origin             Length             Attributes
*default*        0x0000000000000000 0xffffffffffffffff

Linker script and memory map

Address of section .text set to 0x6000000
LOAD build/us_n64/actors/group14.o
                [!provide]                        PROVIDE (__executable_start = SEGMENT_START ("text-segment", 0x400000))
                0x0000000000400000                . = SEGMENT_START ("text-segment", 0x400000)

.interp
 *(.interp)

.MIPS.abiflags  0x0000000000400000       0x18
 *(.MIPS.abiflags)
 .MIPS.abiflags
                0x0000000000400000       0x18 build/us_n64/actors/group14.o

.reginfo        0x0000000000400018       0x18
 *(.reginfo)
 .reginfo       0x0000000000400018       0x18 build/us_n64/actors/group14.o

.note.gnu.build-id
 *(.note.gnu.build-id)

.dynamic
 *(.dynamic)

.hash
 *(.hash)

.gnu.hash
 *(.gnu.hash)

.dynsym
 *(.dynsym)

.dynstr
 *(.dynstr)

.gnu.version
 *(.gnu.version)

.gnu.version_d
 *(.gnu.version_d)

.gnu.version_r
 *(.gnu.version_r)

.rel.dyn        0x0000000000400030        0x0
 *(.rel.init)
 *(.rel.text .rel.text.* .rel.gnu.linkonce.t.*)
 *(.rel.fini)
 *(.rel.rodata .rel.rodata.* .rel.gnu.linkonce.r.*)
 *(.rel.data.rel.ro .rel.data.rel.ro.* .rel.gnu.linkonce.d.rel.ro.*)
 *(.rel.data .rel.data.* .rel.gnu.linkonce.d.*)
 *(.rel.tdata .rel.tdata.* .rel.gnu.linkonce.td.*)
 *(.rel.tbss .rel.tbss.* .rel.gnu.linkonce.tb.*)
 *(.rel.ctors)
 *(.rel.dtors)
 *(.rel.got)
 *(.rel.dyn)
 .rel.dyn       0x0000000000400030        0x0 build/us_n64/actors/group14.o
 *(.rel.sdata .rel.sdata.* .rel.gnu.linkonce.s.*)
 *(.rel.sbss .rel.sbss.* .rel.gnu.linkonce.sb.*)
 *(.rel.sdata2 .rel.sdata2.* .rel.gnu.linkonce.s2.*)
 *(.rel.sbss2 .rel.sbss2.* .rel.gnu.linkonce.sb2.*)
 *(.rel.bss .rel.bss.* .rel.gnu.linkonce.b.*)
                [!provide]                        PROVIDE (__rel_iplt_start = .)
 *(.rel.iplt)
                [!provide]                        PROVIDE (__rel_iplt_end = .)

.rela.dyn       0x0000000000400030        0x0
 *(.rela.init)
 *(.rela.text .rela.text.* .rela.gnu.linkonce.t.*)
 *(.rela.fini)
 *(.rela.rodata .rela.rodata.* .rela.gnu.linkonce.r.*)
 *(.rela.data .rela.data.* .rela.gnu.linkonce.d.*)
 *(.rela.tdata .rela.tdata.* .rela.gnu.linkonce.td.*)
 *(.rela.tbss .rela.tbss.* .rela.gnu.linkonce.tb.*)
 *(.rela.ctors)
 *(.rela.dtors)
 *(.rela.got)
 *(.rela.sdata .rela.sdata.* .rela.gnu.linkonce.s.*)
 *(.rela.sbss .rela.sbss.* .rela.gnu.linkonce.sb.*)
 *(.rela.sdata2 .rela.sdata2.* .rela.gnu.linkonce.s2.*)
 *(.rela.sbss2 .rela.sbss2.* .rela.gnu.linkonce.sb2.*)
 *(.rela.bss .rela.bss.* .rela.gnu.linkonce.b.*)
                [!provide]                        PROVIDE (__rela_iplt_start = .)
 *(.rela.iplt)
                [!provide]                        PROVIDE (__rela_iplt_end = .)

.rel.plt
 *(.rel.plt)

.rela.plt
 *(.rela.plt)

.init
 *(SORT_NONE(.init))

.plt
 *(.plt)

.iplt
 *(.iplt)

.text           0x0000000006000000        0x0
                0x0000000006000000                _ftext = .
 *(.text.unlikely .text.*_unlikely .text.unlikely.*)
 *(.text.exit .text.exit.*)
 *(.text.startup .text.startup.*)
 *(.text.hot .text.hot.*)
 *(.text .stub .text.* .gnu.linkonce.t.*)
 .text          0x0000000006000000        0x0 build/us_n64/actors/group14.o
 *(.gnu.warning)
 *(.mips16.fn.*)
 *(.mips16.call.*)

.fini
 *(SORT_NONE(.fini))
                [!provide]                        PROVIDE (__etext = .)
                [!provide]                        PROVIDE (_etext = .)
                [!provide]                        PROVIDE (etext = .)

.rodata
 *(.rodata .rodata.* .gnu.linkonce.r.*)

.rodata1
 *(.rodata1)

.sdata2
 *(.sdata2 .sdata2.* .gnu.linkonce.s2.*)

.sbss2
 *(.sbss2 .sbss2.* .gnu.linkonce.sb2.*)

.eh_frame_hdr
 *(.eh_frame_hdr)
 *(.eh_frame_entry .eh_frame_entry.*)

.eh_frame
 *(.eh_frame)
 *(.eh_frame.*)

.gcc_except_table
 *(.gcc_except_table .gcc_except_table.*)

.gnu_extab
 *(.gnu_extab*)

.exception_ranges
 *(.exception_ranges .exception_ranges*)
                0x0000000006000000                . = DATA_SEGMENT_ALIGN (CONSTANT (MAXPAGESIZE), CONSTANT (COMMONPAGESIZE))

.eh_frame
 *(.eh_frame)
 *(.eh_frame.*)

.gnu_extab
 *(.gnu_extab)

.gcc_except_table
 *(.gcc_except_table .gcc_except_table.*)

.exception_ranges
 *(.exception_ranges .exception_ranges*)

.tdata
 *(.tdata .tdata.* .gnu.linkonce.td.*)

.tbss
 *(.tbss .tbss.* .gnu.linkonce.tb.*)
 *(.tcommon)

.preinit_array  0x0000000006000000        0x0
                [!provide]                        PROVIDE (__preinit_array_start = .)
 *(.preinit_array)
                [!provide]                        PROVIDE (__preinit_array_end = .)

.init_array     0x0000000006000000        0x0
                [!provide]                        PROVIDE (__init_array_start = .)
 *(SORT_BY_INIT_PRIORITY(.init_array.*) SORT_BY_INIT_PRIORITY(.ctors.*))
 *(.init_array EXCLUDE_FILE(*crtend?.o *crtend.o *crtbegin?.o *crtbegin.o) .ctors)
                [!provide]                        PROVIDE (__init_array_end = .)

.fini_array     0x0000000006000000        0x0
                [!provide]                        PROVIDE (__fini_array_start = .)
 *(SORT_BY_INIT_PRIORITY(.fini_array.*) SORT_BY_INIT_PRIORITY(.dtors.*))
 *(.fini_array EXCLUDE_FILE(*crtend?.o *crtend.o *crtbegin?.o *crtbegin.o) .dtors)
                [!provide]                        PROVIDE (__fini_array_end = .)

.ctors
 *crtbegin.o(.ctors)
 *crtbegin?.o(.ctors)
 *(EXCLUDE_FILE(*crtend?.o *crtend.o) .ctors)
 *(SORT_BY_NAME(.ctors.*))
 *(.ctors)

.dtors
 *crtbegin.o(.dtors)
 *crtbegin?.o(.dtors)
 *(EXCLUDE_FILE(*crtend?.o *crtend.o) .dtors)
 *(SORT_BY_NAME(.dtors.*))
 *(.dtors)

.jcr
 *(.jcr)

.data.rel.ro
 *(.data.rel.ro.local* .gnu.linkonce.d.rel.ro.local.*)
 *(.data.rel.ro .data.rel.ro.* .gnu.linkonce.d.rel.ro.*)
                0x0000000006000000                . = DATA_SEGMENT_RELRO_END (., 0x0)

.data           0x0000000006000000    0x24210
                0x0000000006000000                _fdata = .
 *(.data .data.* .gnu.linkonce.d.*)
 .data          0x0000000006000000    0x24210 build/us_n64/actors/group14.o
                0x0000000006000000                chain_chomp_seg6_anims_06025178
                0x0000000006000150                chain_chomp_seg6_dl_06024FC0
                0x00000000060001c0                chain_chomp_seg6_dl_06024F50
                0x0000000006000398                chain_chomp_seg6_dl_06024D60
                0x0000000006000408                chain_chomp_seg6_dl_06024CF0
                0x00000000060005e0                chain_chomp_seg6_dl_06024B00
                0x0000000006000650                chain_chomp_seg6_dl_06024AA8
                0x0000000006000768                chain_chomp_seg6_dl_06024940
                0x00000000060007f8                chain_chomp_seg6_dl_06024900
                0x0000000006000830                chain_chomp_seg6_dl_06024700
                0x0000000006000d88                chain_chomp_seg6_dl_06024240
                0x0000000006000e18                chain_chomp_seg6_dl_06024040
                0x0000000006000f40                chain_chomp_seg6_dl_06024000
                0x0000000006003ba8                chain_ball_seg6_dl_060212E8
                0x0000000006004478                whomp_seg6_collision_06020A0C
                0x0000000006004514                whomp_seg6_anims_06020A04
                0x0000000006004e88                whomp_seg6_dl_06020038
                0x0000000006004ee8                whomp_seg6_dl_0601FFA0
                0x0000000006004fe0                whomp_seg6_dl_0601FEA8
                0x0000000006005040                whomp_seg6_dl_0601FE10
                0x0000000006005198                whomp_seg6_dl_0601FCA8
                0x0000000006005208                whomp_seg6_dl_0601FC70
                0x0000000006005278                whomp_seg6_dl_0601FBC0
                0x00000000060052e8                whomp_seg6_dl_0601FB88
                0x0000000006005358                whomp_seg6_dl_0601FAE8
                0x00000000060053b8                whomp_seg6_dl_0601FA58
                0x0000000006005598                whomp_seg6_dl_0601F880
                0x00000000060055f8                whomp_seg6_dl_0601F7F0
                0x00000000060057d8                whomp_seg6_dl_0601F5E0
                0x0000000006005870                whomp_seg6_dl_0601F5A8
                0x00000000060058a0                whomp_seg6_dl_0601F570
                0x00000000060058d0                whomp_seg6_dl_0601F4F8
                0x0000000006008ab8                piranha_plant_seg6_anims_0601C31C
                0x000000000600de80                piranha_plant_seg6_dl_06016F20
                0x000000000600dee0                piranha_plant_seg6_dl_06016EB8
                0x000000000600e000                piranha_plant_seg6_dl_06016D98
                0x000000000600e060                piranha_plant_seg6_dl_06016D30
                0x000000000600e180                piranha_plant_seg6_dl_06016C10
                0x000000000600e1e0                piranha_plant_seg6_dl_06016BA8
                0x000000000600e300                piranha_plant_seg6_dl_06016A78
                0x000000000600e370                piranha_plant_seg6_dl_060169E8
                0x000000000600e400                piranha_plant_seg6_dl_060169A8
                0x000000000600e440                piranha_plant_seg6_dl_06016960
                0x000000000600e478                piranha_plant_seg6_dl_06016890
                0x000000000600e510                piranha_plant_seg6_dl_060167B8
                0x000000000600e5b8                piranha_plant_seg6_dl_06016750
                0x000000000600ebd8                piranha_plant_seg6_dl_06016120
                0x000000000600ec48                piranha_plant_seg6_dl_060160B0
                0x000000000600ecb8                piranha_plant_seg6_dl_06016060
                0x000000000600ed00                piranha_plant_seg6_dl_06015F68
                0x000000000600edb0                piranha_plant_seg6_dl_06015EA8
                0x000000000600ee48                piranha_plant_seg6_dl_06015E40
                0x000000000600f438                piranha_plant_seg6_dl_06015850
                0x000000000600f498                piranha_plant_seg6_dl_06015798
                0x000000000600f6d8                piranha_plant_seg6_dl_06015578
                0x000000000600f748                piranha_plant_seg6_dl_06015530
                0x000000000600f7d8                piranha_plant_seg6_dl_06015480
                0x000000000600f848                piranha_plant_seg6_dl_06015438
                0x00000000060138d8                koopa_seg6_anims_06011364
                0x00000000060185e0                koopa_seg6_dl_0600C498
                0x0000000006018738                koopa_seg6_dl_0600C240
                0x00000000060188d8                koopa_seg6_dl_0600BE80
                0x0000000006018b38                koopa_seg6_dl_0600BE10
                0x0000000006018b90                koopa_seg6_dl_0600BC88
                0x0000000006018c98                koopa_seg6_dl_0600BC18
                0x0000000006018cf0                koopa_seg6_dl_0600BA90
                0x0000000006018df8                koopa_seg6_dl_0600BA10
                0x0000000006018e58                koopa_seg6_dl_0600B8B8
                0x0000000006018f38                koopa_seg6_dl_0600B838
                0x0000000006018f98                koopa_seg6_dl_0600B6E0
                0x000000000601bb90                koopa_seg6_dl_06008B50
                0x000000000601bc00                koopa_seg6_dl_06008AC0
                0x000000000601bc68                koopa_seg6_dl_06008A68
                0x000000000601bca8                koopa_seg6_dl_060089B0
                0x000000000601bf70                koopa_seg6_dl_060086D0
                0x000000000601bfe0                koopa_seg6_dl_06008640
                0x000000000601c048                koopa_seg6_dl_060085E8
                0x000000000601c088                koopa_seg6_dl_06008530
                0x000000000601c350                koopa_seg6_dl_06008250
                0x000000000601c3c0                koopa_seg6_dl_060080F8
                0x000000000601c4b8                koopa_seg6_dl_06008050
                0x000000000601c520                koopa_seg6_dl_06007FB8
                0x000000000601c9d8                koopa_seg6_dl_06007B20
                0x000000000601ca00                koopa_seg6_dl_06007AF8
                0x000000000601ca28                koopa_seg6_dl_06007AA0
                0x000000000601ca80                koopa_seg6_dl_06007A60
                0x000000000601cac0                koopa_seg6_dl_06007970
                0x000000000601cb80                koopa_seg6_dl_06007850
                0x000000000601cc38                koopa_seg6_dl_060076B0
                0x000000000601cd30                koopa_seg6_dl_06007658
                0x0000000006021d60                poundable_pole_collision_wooden_post
                0x0000000006021e80                poundable_pole_seg6_dl_06002410
                0x0000000006021f00                poundable_pole_seg6_dl_06002358
                0x0000000006021f80                poundable_pole_seg6_dl_060022F0
                0x0000000006023280                koopa_flag_seg6_anims_06001028
                0x0000000006023438                koopa_flag_seg6_dl_06000E38
                0x0000000006023478                koopa_flag_seg6_dl_06000E20
                0x00000000060234c0                koopa_flag_seg6_dl_06000DB0
                0x0000000006023500                koopa_flag_seg6_dl_06000D90
                0x0000000006023558                koopa_flag_seg6_dl_06000CE0
                0x00000000060235c8                koopa_flag_seg6_dl_06000CA8
                0x0000000006023638                koopa_flag_seg6_dl_06000BF8
                0x00000000060236a8                koopa_flag_seg6_dl_06000BC0
                0x0000000006023718                koopa_flag_seg6_dl_06000B08
                0x0000000006023790                koopa_flag_seg6_dl_06000AE8
                0x00000000060237a8                koopa_flag_seg6_dl_06000AB8
                0x0000000006023858                koopa_flag_seg6_dl_06000A08
                0x0000000006023888                koopa_flag_seg6_dl_06000968

.data1
 *(.data1)

.got.plt
 *(.got.plt)
                0x0000000006024210                . = .
                0x0000000006024210                . = .
                0x000000000602c200                _gp = (ALIGN (0x10) + 0x7ff0)

.got
 *(.got)

.sdata
 *(.sdata .sdata.* .gnu.linkonce.s.*)

.lit8
 *(.lit8)

.lit4
 *(.lit4)
                0x0000000006024210                _edata = .
                [!provide]                        PROVIDE (edata = .)
                0x0000000006024210                . = .
                0x0000000006024210                __bss_start = .
                0x0000000006024210                _fbss = .

.sbss
 *(.dynsbss)
 *(.sbss .sbss.* .gnu.linkonce.sb.*)
 *(.scommon)

.bss            0x0000000006024210        0x0
 *(.dynbss)
 *(.bss .bss.* .gnu.linkonce.b.*)
 .bss           0x0000000006024210        0x0 build/us_n64/actors/group14.o
 *(COMMON)
                0x0000000006024210                . = ALIGN ((. != 0x0)?0x4:0x1)
                0x0000000006024210                . = ALIGN (0x4)
                0x0000000006024210                . = SEGMENT_START ("ldata-segment", .)
                0x0000000006024210                . = ALIGN (0x4)
                0x0000000006024210                _end = .
                [!provide]                        PROVIDE (end = .)
                0x0000000006024210                . = DATA_SEGMENT_END (.)

.stab
 *(.stab)

.stabstr
 *(.stabstr)

.stab.excl
 *(.stab.excl)

.stab.exclstr
 *(.stab.exclstr)

.stab.index
 *(.stab.index)

.stab.indexstr
 *(.stab.indexstr)

.comment        0x0000000000000000       0x25
 *(.comment)
 .comment       0x0000000000000000       0x25 build/us_n64/actors/group14.o
                                         0x26 (size before relaxing)

.pdr            0x0000000000000000        0x0
 .pdr           0x0000000000000000        0x0 build/us_n64/actors/group14.o

.debug
 *(.debug)

.line
 *(.line)

.debug_srcinfo
 *(.debug_srcinfo)

.debug_sfnames
 *(.debug_sfnames)

.debug_aranges
 *(.debug_aranges)

.debug_pubnames
 *(.debug_pubnames)

.debug_info
 *(.debug_info .gnu.linkonce.wi.*)

.debug_abbrev
 *(.debug_abbrev)

.debug_line
 *(.debug_line .debug_line.* .debug_line_end)

.debug_frame
 *(.debug_frame)

.debug_str
 *(.debug_str)

.debug_loc
 *(.debug_loc)

.debug_macinfo
 *(.debug_macinfo)

.debug_weaknames
 *(.debug_weaknames)

.debug_funcnames
 *(.debug_funcnames)

.debug_typenames
 *(.debug_typenames)

.debug_varnames
 *(.debug_varnames)

.debug_pubtypes
 *(.debug_pubtypes)

.debug_ranges
 *(.debug_ranges)

.debug_macro
 *(.debug_macro)

.debug_addr
 *(.debug_addr)

.gnu.attributes
                0x0000000000000000       0x10
 *(.gnu.attributes)
 .gnu.attributes
                0x0000000000000000       0x10 build/us_n64/actors/group14.o

.gptab.sdata
 *(.gptab.data)
 *(.gptab.sdata)

.gptab.sbss
 *(.gptab.bss)
 *(.gptab.sbss)

.mdebug.abi32   0x0000000000000000        0x0
 *(.mdebug.abi32)
 .mdebug.abi32  0x0000000000000000        0x0 build/us_n64/actors/group14.o

.mdebug.abiN32
 *(.mdebug.abiN32)

.mdebug.abi64
 *(.mdebug.abi64)

.mdebug.abiO64
 *(.mdebug.abiO64)

.mdebug.eabi32
 *(.mdebug.eabi32)

.mdebug.eabi64
 *(.mdebug.eabi64)

.gcc_compiled_long32
 *(.gcc_compiled_long32)

.gcc_compiled_long64
 *(.gcc_compiled_long64)

/DISCARD/
 *(.note.GNU-stack)
 *(.gnu_debuglink)
 *(.gnu.lto_*)
OUTPUT(build/us_n64/actors/group14.elf elf32-bigmips)
