
Discarded input sections

 .note.GNU-stack
                0x0000000000000000        0x0 build/us_n64/actors/group15.o

Memory Configuration

Name             Origin             Length             Attributes
*default*        0x0000000000000000 0xffffffffffffffff

Linker script and memory map

Address of section .text set to 0x6000000
LOAD build/us_n64/actors/group15.o
                [!provide]                        PROVIDE (__executable_start = SEGMENT_START ("text-segment", 0x400000))
                0x0000000000400000                . = SEGMENT_START ("text-segment", 0x400000)

.interp
 *(.interp)

.MIPS.abiflags  0x0000000000400000       0x18
 *(.MIPS.abiflags)
 .MIPS.abiflags
                0x0000000000400000       0x18 build/us_n64/actors/group15.o

.reginfo        0x0000000000400018       0x18
 *(.reginfo)
 .reginfo       0x0000000000400018       0x18 build/us_n64/actors/group15.o

.note.gnu.build-id
 *(.note.gnu.build-id)

.dynamic
 *(.dynamic)

.hash
 *(.hash)

.gnu.hash
 *(.gnu.hash)

.dynsym
 *(.dynsym)

.dynstr
 *(.dynstr)

.gnu.version
 *(.gnu.version)

.gnu.version_d
 *(.gnu.version_d)

.gnu.version_r
 *(.gnu.version_r)

.rel.dyn        0x0000000000400030        0x0
 *(.rel.init)
 *(.rel.text .rel.text.* .rel.gnu.linkonce.t.*)
 *(.rel.fini)
 *(.rel.rodata .rel.rodata.* .rel.gnu.linkonce.r.*)
 *(.rel.data.rel.ro .rel.data.rel.ro.* .rel.gnu.linkonce.d.rel.ro.*)
 *(.rel.data .rel.data.* .rel.gnu.linkonce.d.*)
 *(.rel.tdata .rel.tdata.* .rel.gnu.linkonce.td.*)
 *(.rel.tbss .rel.tbss.* .rel.gnu.linkonce.tb.*)
 *(.rel.ctors)
 *(.rel.dtors)
 *(.rel.got)
 *(.rel.dyn)
 .rel.dyn       0x0000000000400030        0x0 build/us_n64/actors/group15.o
 *(.rel.sdata .rel.sdata.* .rel.gnu.linkonce.s.*)
 *(.rel.sbss .rel.sbss.* .rel.gnu.linkonce.sb.*)
 *(.rel.sdata2 .rel.sdata2.* .rel.gnu.linkonce.s2.*)
 *(.rel.sbss2 .rel.sbss2.* .rel.gnu.linkonce.sb2.*)
 *(.rel.bss .rel.bss.* .rel.gnu.linkonce.b.*)
                [!provide]                        PROVIDE (__rel_iplt_start = .)
 *(.rel.iplt)
                [!provide]                        PROVIDE (__rel_iplt_end = .)

.rela.dyn       0x0000000000400030        0x0
 *(.rela.init)
 *(.rela.text .rela.text.* .rela.gnu.linkonce.t.*)
 *(.rela.fini)
 *(.rela.rodata .rela.rodata.* .rela.gnu.linkonce.r.*)
 *(.rela.data .rela.data.* .rela.gnu.linkonce.d.*)
 *(.rela.tdata .rela.tdata.* .rela.gnu.linkonce.td.*)
 *(.rela.tbss .rela.tbss.* .rela.gnu.linkonce.tb.*)
 *(.rela.ctors)
 *(.rela.dtors)
 *(.rela.got)
 *(.rela.sdata .rela.sdata.* .rela.gnu.linkonce.s.*)
 *(.rela.sbss .rela.sbss.* .rela.gnu.linkonce.sb.*)
 *(.rela.sdata2 .rela.sdata2.* .rela.gnu.linkonce.s2.*)
 *(.rela.sbss2 .rela.sbss2.* .rela.gnu.linkonce.sb2.*)
 *(.rela.bss .rela.bss.* .rela.gnu.linkonce.b.*)
                [!provide]                        PROVIDE (__rela_iplt_start = .)
 *(.rela.iplt)
                [!provide]                        PROVIDE (__rela_iplt_end = .)

.rel.plt
 *(.rel.plt)

.rela.plt
 *(.rela.plt)

.init
 *(SORT_NONE(.init))

.plt
 *(.plt)

.iplt
 *(.iplt)

.text           0x0000000006000000        0x0
                0x0000000006000000                _ftext = .
 *(.text.unlikely .text.*_unlikely .text.unlikely.*)
 *(.text.exit .text.exit.*)
 *(.text.startup .text.startup.*)
 *(.text.hot .text.hot.*)
 *(.text .stub .text.* .gnu.linkonce.t.*)
 .text          0x0000000006000000        0x0 build/us_n64/actors/group15.o
 *(.gnu.warning)
 *(.mips16.fn.*)
 *(.mips16.call.*)

.fini
 *(SORT_NONE(.fini))
                [!provide]                        PROVIDE (__etext = .)
                [!provide]                        PROVIDE (_etext = .)
                [!provide]                        PROVIDE (etext = .)

.rodata
 *(.rodata .rodata.* .gnu.linkonce.r.*)

.rodata1
 *(.rodata1)

.sdata2
 *(.sdata2 .sdata2.* .gnu.linkonce.s2.*)

.sbss2
 *(.sbss2 .sbss2.* .gnu.linkonce.sb2.*)

.eh_frame_hdr
 *(.eh_frame_hdr)
 *(.eh_frame_entry .eh_frame_entry.*)

.eh_frame
 *(.eh_frame)
 *(.eh_frame.*)

.gcc_except_table
 *(.gcc_except_table .gcc_except_table.*)

.gnu_extab
 *(.gnu_extab*)

.exception_ranges
 *(.exception_ranges .exception_ranges*)
                0x0000000006000000                . = DATA_SEGMENT_ALIGN (CONSTANT (MAXPAGESIZE), CONSTANT (COMMONPAGESIZE))

.eh_frame
 *(.eh_frame)
 *(.eh_frame.*)

.gnu_extab
 *(.gnu_extab)

.gcc_except_table
 *(.gcc_except_table .gcc_except_table.*)

.exception_ranges
 *(.exception_ranges .exception_ranges*)

.tdata
 *(.tdata .tdata.* .gnu.linkonce.td.*)

.tbss
 *(.tbss .tbss.* .gnu.linkonce.tb.*)
 *(.tcommon)

.preinit_array  0x0000000006000000        0x0
                [!provide]                        PROVIDE (__preinit_array_start = .)
 *(.preinit_array)
                [!provide]                        PROVIDE (__preinit_array_end = .)

.init_array     0x0000000006000000        0x0
                [!provide]                        PROVIDE (__init_array_start = .)
 *(SORT_BY_INIT_PRIORITY(.init_array.*) SORT_BY_INIT_PRIORITY(.ctors.*))
 *(.init_array EXCLUDE_FILE(*crtend?.o *crtend.o *crtbegin?.o *crtbegin.o) .ctors)
                [!provide]                        PROVIDE (__init_array_end = .)

.fini_array     0x0000000006000000        0x0
                [!provide]                        PROVIDE (__fini_array_start = .)
 *(SORT_BY_INIT_PRIORITY(.fini_array.*) SORT_BY_INIT_PRIORITY(.dtors.*))
 *(.fini_array EXCLUDE_FILE(*crtend?.o *crtend.o *crtbegin?.o *crtbegin.o) .dtors)
                [!provide]                        PROVIDE (__fini_array_end = .)

.ctors
 *crtbegin.o(.ctors)
 *crtbegin?.o(.ctors)
 *(EXCLUDE_FILE(*crtend?.o *crtend.o) .ctors)
 *(SORT_BY_NAME(.ctors.*))
 *(.ctors)

.dtors
 *crtbegin.o(.dtors)
 *crtbegin?.o(.dtors)
 *(EXCLUDE_FILE(*crtend?.o *crtend.o) .dtors)
 *(SORT_BY_NAME(.dtors.*))
 *(.dtors)

.jcr
 *(.jcr)

.data.rel.ro
 *(.data.rel.ro.local* .gnu.linkonce.d.rel.ro.local.*)
 *(.data.rel.ro .data.rel.ro.* .gnu.linkonce.d.rel.ro.*)
                0x0000000006000000                . = DATA_SEGMENT_RELRO_END (., 0x0)

.data           0x0000000006000000    0x16940
                0x0000000006000000                _fdata = .
 *(.data .data.* .gnu.linkonce.d.*)
 .data          0x0000000006000000    0x16940 build/us_n64/actors/group15.o
                0x0000000006000000                boo_castle_seg6_dl_06017CE0
                0x00000000060000a0                boo_castle_seg6_dl_06017AD0
                0x0000000006000200                boo_castle_seg6_dl_06017A78
                0x0000000006000248                boo_castle_seg6_dl_06017A10
                0x0000000006002650                mips_seg6_anims_06015634
                0x0000000006005cc0                mips_seg6_dl_06011FC0
                0x0000000006005ce0                mips_seg6_dl_06011F70
                0x0000000006005d88                mips_seg6_dl_06011ED8
                0x0000000006005da8                mips_seg6_dl_06011E88
                0x0000000006005e50                mips_seg6_dl_06011DB0
                0x0000000006005eb0                mips_seg6_dl_06011D10
                0x0000000006006018                mips_seg6_dl_06011BB0
                0x0000000006006078                mips_seg6_dl_06011B00
                0x00000000060061f8                mips_seg6_dl_06011990
                0x0000000006006258                mips_seg6_dl_060118E0
                0x00000000060063d0                mips_seg6_dl_06011780
                0x0000000006006430                mips_seg6_dl_060116B0
                0x00000000060065e0                mips_seg6_dl_06011520
                0x0000000006006640                mips_seg6_dl_06011470
                0x00000000060067b8                mips_seg6_dl_06011310
                0x0000000006006818                mips_seg6_dl_06011240
                0x00000000060069c8                mips_seg6_dl_060110B0
                0x0000000006006a28                mips_seg6_dl_06010FF8
                0x0000000006006be0                mips_seg6_dl_06010E60
                0x0000000006006c40                mips_seg6_dl_06010DB0
                0x0000000006006dc0                mips_seg6_dl_06010C40
                0x0000000006006e20                mips_seg6_dl_06010A98
                0x0000000006007190                mips_seg6_dl_060107B8
                0x0000000006007200                mips_seg6_dl_06010748
                0x0000000006007278                mips_seg6_dl_06010600
                0x0000000006007da0                toad_seg6_anims_0600FB58
                0x000000000600ed18                toad_seg6_dl_06008BD8
                0x000000000600ed40                toad_seg6_dl_06008A90
                0x000000000600efc8                toad_seg6_dl_06008890
                0x000000000600eff0                toad_seg6_dl_06008748
                0x000000000600f290                toad_seg6_us_dl_06008608
                0x000000000600f2d8                toad_seg6_dl_06008520
                0x000000000600f318                toad_seg6_dl_060083E8
                0x000000000600f588                toad_seg6_dl_060081F8
                0x000000000600f5b0                toad_seg6_dl_060080C0
                0x000000000600f840                toad_seg6_dl_06007EB0
                0x000000000600f868                toad_seg6_dl_06007D10
                0x000000000600fbe0                toad_seg6_us_dl_06007B00
                0x000000000600fc08                toad_seg6_dl_06007A48
                0x000000000600fc40                toad_seg6_dl_06007960
                0x000000000600fe98                toad_seg6_us_dl_06007788
                0x000000000600ff18                toad_seg6_dl_06007710
                0x000000000600ff90                toad_seg6_dl_060076C0
                0x000000000600ffc0                toad_seg6_dl_06007498
                0x0000000006010108                toad_seg6_dl_06007300
                0x0000000006011bf0                lakitu_seg6_anims_060058F8
                0x0000000006011eb8                lakitu_seg6_dl_06005610
                0x0000000006011ef0                lakitu_seg6_dl_060055E8
                0x0000000006011f28                lakitu_seg6_dl_06005598
                0x00000000060120a0                lakitu_seg6_dl_06005360
                0x0000000006012118                lakitu_seg6_dl_06005218
                0x0000000006012228                lakitu_seg6_dl_060051D0
                0x0000000006012738                lakitu_seg6_dl_06004C88
                0x0000000006012760                lakitu_seg6_dl_06004C60
                0x0000000006012788                lakitu_seg6_dl_06004C30
                0x00000000060127b8                lakitu_seg6_dl_06004BE8
                0x0000000006012800                lakitu_seg6_dl_06004BA8
                0x0000000006012900                lakitu_seg6_dl_060049E0
                0x0000000006012a88                lakitu_seg6_dl_060047E8
                0x0000000006012c10                lakitu_seg6_dl_06004680
                0x0000000006012c70                lakitu_seg6_dl_06004410
                0x0000000006013358                lakitu_seg6_dl_06003E30
                0x00000000060133c0                lakitu_seg6_dl_06003DB0
                0x0000000006013420                lakitu_seg6_dl_06003C80

.data1
 *(.data1)

.got.plt
 *(.got.plt)
                0x0000000006016940                . = .
                0x0000000006016940                . = .
                0x000000000601e930                _gp = (ALIGN (0x10) + 0x7ff0)

.got
 *(.got)

.sdata
 *(.sdata .sdata.* .gnu.linkonce.s.*)

.lit8
 *(.lit8)

.lit4
 *(.lit4)
                0x0000000006016940                _edata = .
                [!provide]                        PROVIDE (edata = .)
                0x0000000006016940                . = .
                0x0000000006016940                __bss_start = .
                0x0000000006016940                _fbss = .

.sbss
 *(.dynsbss)
 *(.sbss .sbss.* .gnu.linkonce.sb.*)
 *(.scommon)

.bss            0x0000000006016940        0x0
 *(.dynbss)
 *(.bss .bss.* .gnu.linkonce.b.*)
 .bss           0x0000000006016940        0x0 build/us_n64/actors/group15.o
 *(COMMON)
                0x0000000006016940                . = ALIGN ((. != 0x0)?0x4:0x1)
                0x0000000006016940                . = ALIGN (0x4)
                0x0000000006016940                . = SEGMENT_START ("ldata-segment", .)
                0x0000000006016940                . = ALIGN (0x4)
                0x0000000006016940                _end = .
                [!provide]                        PROVIDE (end = .)
                0x0000000006016940                . = DATA_SEGMENT_END (.)

.stab
 *(.stab)

.stabstr
 *(.stabstr)

.stab.excl
 *(.stab.excl)

.stab.exclstr
 *(.stab.exclstr)

.stab.index
 *(.stab.index)

.stab.indexstr
 *(.stab.indexstr)

.comment        0x0000000000000000       0x25
 *(.comment)
 .comment       0x0000000000000000       0x25 build/us_n64/actors/group15.o
                                         0x26 (size before relaxing)

.pdr            0x0000000000000000        0x0
 .pdr           0x0000000000000000        0x0 build/us_n64/actors/group15.o

.debug
 *(.debug)

.line
 *(.line)

.debug_srcinfo
 *(.debug_srcinfo)

.debug_sfnames
 *(.debug_sfnames)

.debug_aranges
 *(.debug_aranges)

.debug_pubnames
 *(.debug_pubnames)

.debug_info
 *(.debug_info .gnu.linkonce.wi.*)

.debug_abbrev
 *(.debug_abbrev)

.debug_line
 *(.debug_line .debug_line.* .debug_line_end)

.debug_frame
 *(.debug_frame)

.debug_str
 *(.debug_str)

.debug_loc
 *(.debug_loc)

.debug_macinfo
 *(.debug_macinfo)

.debug_weaknames
 *(.debug_weaknames)

.debug_funcnames
 *(.debug_funcnames)

.debug_typenames
 *(.debug_typenames)

.debug_varnames
 *(.debug_varnames)

.debug_pubtypes
 *(.debug_pubtypes)

.debug_ranges
 *(.debug_ranges)

.debug_macro
 *(.debug_macro)

.debug_addr
 *(.debug_addr)

.gnu.attributes
                0x0000000000000000       0x10
 *(.gnu.attributes)
 .gnu.attributes
                0x0000000000000000       0x10 build/us_n64/actors/group15.o

.gptab.sdata
 *(.gptab.data)
 *(.gptab.sdata)

.gptab.sbss
 *(.gptab.bss)
 *(.gptab.sbss)

.mdebug.abi32   0x0000000000000000        0x0
 *(.mdebug.abi32)
 .mdebug.abi32  0x0000000000000000        0x0 build/us_n64/actors/group15.o

.mdebug.abiN32
 *(.mdebug.abiN32)

.mdebug.abi64
 *(.mdebug.abi64)

.mdebug.abiO64
 *(.mdebug.abiO64)

.mdebug.eabi32
 *(.mdebug.eabi32)

.mdebug.eabi64
 *(.mdebug.eabi64)

.gcc_compiled_long32
 *(.gcc_compiled_long32)

.gcc_compiled_long64
 *(.gcc_compiled_long64)

/DISCARD/
 *(.note.GNU-stack)
 *(.gnu_debuglink)
 *(.gnu.lto_*)
OUTPUT(build/us_n64/actors/group15.elf elf32-bigmips)
