
Discarded input sections

 .note.GNU-stack
                0x0000000000000000        0x0 build/us_n64/actors/group6.o

Memory Configuration

Name             Origin             Length             Attributes
*default*        0x0000000000000000 0xffffffffffffffff

Linker script and memory map

Address of section .text set to 0x5000000
LOAD build/us_n64/actors/group6.o
                [!provide]                        PROVIDE (__executable_start = SEGMENT_START ("text-segment", 0x400000))
                0x0000000000400000                . = SEGMENT_START ("text-segment", 0x400000)

.interp
 *(.interp)

.MIPS.abiflags  0x0000000000400000       0x18
 *(.MIPS.abiflags)
 .MIPS.abiflags
                0x0000000000400000       0x18 build/us_n64/actors/group6.o

.reginfo        0x0000000000400018       0x18
 *(.reginfo)
 .reginfo       0x0000000000400018       0x18 build/us_n64/actors/group6.o

.note.gnu.build-id
 *(.note.gnu.build-id)

.dynamic
 *(.dynamic)

.hash
 *(.hash)

.gnu.hash
 *(.gnu.hash)

.dynsym
 *(.dynsym)

.dynstr
 *(.dynstr)

.gnu.version
 *(.gnu.version)

.gnu.version_d
 *(.gnu.version_d)

.gnu.version_r
 *(.gnu.version_r)

.rel.dyn        0x0000000000400030        0x0
 *(.rel.init)
 *(.rel.text .rel.text.* .rel.gnu.linkonce.t.*)
 *(.rel.fini)
 *(.rel.rodata .rel.rodata.* .rel.gnu.linkonce.r.*)
 *(.rel.data.rel.ro .rel.data.rel.ro.* .rel.gnu.linkonce.d.rel.ro.*)
 *(.rel.data .rel.data.* .rel.gnu.linkonce.d.*)
 *(.rel.tdata .rel.tdata.* .rel.gnu.linkonce.td.*)
 *(.rel.tbss .rel.tbss.* .rel.gnu.linkonce.tb.*)
 *(.rel.ctors)
 *(.rel.dtors)
 *(.rel.got)
 *(.rel.dyn)
 .rel.dyn       0x0000000000400030        0x0 build/us_n64/actors/group6.o
 *(.rel.sdata .rel.sdata.* .rel.gnu.linkonce.s.*)
 *(.rel.sbss .rel.sbss.* .rel.gnu.linkonce.sb.*)
 *(.rel.sdata2 .rel.sdata2.* .rel.gnu.linkonce.s2.*)
 *(.rel.sbss2 .rel.sbss2.* .rel.gnu.linkonce.sb2.*)
 *(.rel.bss .rel.bss.* .rel.gnu.linkonce.b.*)
                [!provide]                        PROVIDE (__rel_iplt_start = .)
 *(.rel.iplt)
                [!provide]                        PROVIDE (__rel_iplt_end = .)

.rela.dyn       0x0000000000400030        0x0
 *(.rela.init)
 *(.rela.text .rela.text.* .rela.gnu.linkonce.t.*)
 *(.rela.fini)
 *(.rela.rodata .rela.rodata.* .rela.gnu.linkonce.r.*)
 *(.rela.data .rela.data.* .rela.gnu.linkonce.d.*)
 *(.rela.tdata .rela.tdata.* .rela.gnu.linkonce.td.*)
 *(.rela.tbss .rela.tbss.* .rela.gnu.linkonce.tb.*)
 *(.rela.ctors)
 *(.rela.dtors)
 *(.rela.got)
 *(.rela.sdata .rela.sdata.* .rela.gnu.linkonce.s.*)
 *(.rela.sbss .rela.sbss.* .rela.gnu.linkonce.sb.*)
 *(.rela.sdata2 .rela.sdata2.* .rela.gnu.linkonce.s2.*)
 *(.rela.sbss2 .rela.sbss2.* .rela.gnu.linkonce.sb2.*)
 *(.rela.bss .rela.bss.* .rela.gnu.linkonce.b.*)
                [!provide]                        PROVIDE (__rela_iplt_start = .)
 *(.rela.iplt)
                [!provide]                        PROVIDE (__rela_iplt_end = .)

.rel.plt
 *(.rel.plt)

.rela.plt
 *(.rela.plt)

.init
 *(SORT_NONE(.init))

.plt
 *(.plt)

.iplt
 *(.iplt)

.text           0x0000000005000000        0x0
                0x0000000005000000                _ftext = .
 *(.text.unlikely .text.*_unlikely .text.unlikely.*)
 *(.text.exit .text.exit.*)
 *(.text.startup .text.startup.*)
 *(.text.hot .text.hot.*)
 *(.text .stub .text.* .gnu.linkonce.t.*)
 .text          0x0000000005000000        0x0 build/us_n64/actors/group6.o
 *(.gnu.warning)
 *(.mips16.fn.*)
 *(.mips16.call.*)

.fini
 *(SORT_NONE(.fini))
                [!provide]                        PROVIDE (__etext = .)
                [!provide]                        PROVIDE (_etext = .)
                [!provide]                        PROVIDE (etext = .)

.rodata
 *(.rodata .rodata.* .gnu.linkonce.r.*)

.rodata1
 *(.rodata1)

.sdata2
 *(.sdata2 .sdata2.* .gnu.linkonce.s2.*)

.sbss2
 *(.sbss2 .sbss2.* .gnu.linkonce.sb2.*)

.eh_frame_hdr
 *(.eh_frame_hdr)
 *(.eh_frame_entry .eh_frame_entry.*)

.eh_frame
 *(.eh_frame)
 *(.eh_frame.*)

.gcc_except_table
 *(.gcc_except_table .gcc_except_table.*)

.gnu_extab
 *(.gnu_extab*)

.exception_ranges
 *(.exception_ranges .exception_ranges*)
                0x0000000005000000                . = DATA_SEGMENT_ALIGN (CONSTANT (MAXPAGESIZE), CONSTANT (COMMONPAGESIZE))

.eh_frame
 *(.eh_frame)
 *(.eh_frame.*)

.gnu_extab
 *(.gnu_extab)

.gcc_except_table
 *(.gcc_except_table .gcc_except_table.*)

.exception_ranges
 *(.exception_ranges .exception_ranges*)

.tdata
 *(.tdata .tdata.* .gnu.linkonce.td.*)

.tbss
 *(.tbss .tbss.* .gnu.linkonce.tb.*)
 *(.tcommon)

.preinit_array  0x0000000005000000        0x0
                [!provide]                        PROVIDE (__preinit_array_start = .)
 *(.preinit_array)
                [!provide]                        PROVIDE (__preinit_array_end = .)

.init_array     0x0000000005000000        0x0
                [!provide]                        PROVIDE (__init_array_start = .)
 *(SORT_BY_INIT_PRIORITY(.init_array.*) SORT_BY_INIT_PRIORITY(.ctors.*))
 *(.init_array EXCLUDE_FILE(*crtend?.o *crtend.o *crtbegin?.o *crtbegin.o) .ctors)
                [!provide]                        PROVIDE (__init_array_end = .)

.fini_array     0x0000000005000000        0x0
                [!provide]                        PROVIDE (__fini_array_start = .)
 *(SORT_BY_INIT_PRIORITY(.fini_array.*) SORT_BY_INIT_PRIORITY(.dtors.*))
 *(.fini_array EXCLUDE_FILE(*crtend?.o *crtend.o *crtbegin?.o *crtbegin.o) .dtors)
                [!provide]                        PROVIDE (__fini_array_end = .)

.ctors
 *crtbegin.o(.ctors)
 *crtbegin?.o(.ctors)
 *(EXCLUDE_FILE(*crtend?.o *crtend.o) .ctors)
 *(SORT_BY_NAME(.ctors.*))
 *(.ctors)

.dtors
 *crtbegin.o(.dtors)
 *crtbegin?.o(.dtors)
 *(EXCLUDE_FILE(*crtend?.o *crtend.o) .dtors)
 *(SORT_BY_NAME(.dtors.*))
 *(.dtors)

.jcr
 *(.jcr)

.data.rel.ro
 *(.data.rel.ro.local* .gnu.linkonce.d.rel.ro.local.*)
 *(.data.rel.ro .data.rel.ro.* .gnu.linkonce.d.rel.ro.*)
                0x0000000005000000                . = DATA_SEGMENT_RELRO_END (., 0x0)

.data           0x0000000005000000    0x157f0
                0x0000000005000000                _fdata = .
 *(.data .data.* .gnu.linkonce.d.*)
 .data          0x0000000005000000    0x157f0 build/us_n64/actors/group6.o
                0x0000000005000000                fwoosh_seg5_dl_05016040
                0x0000000005000070                fwoosh_seg5_dl_05016008
                0x00000000050008e0                ukiki_seg5_anims_05015784
                0x0000000005008f08                ukiki_seg5_dl_0500D108
                0x0000000005008f70                ukiki_seg5_dl_0500D078
                0x0000000005008fd8                ukiki_seg5_dl_0500CFF0
                0x0000000005009040                ukiki_seg5_dl_0500CF68
                0x0000000005009568                ukiki_seg5_dl_0500CA48
                0x00000000050095c8                ukiki_seg5_dl_0500C9B0
                0x00000000050096e0                ukiki_seg5_dl_0500C898
                0x0000000005009740                ukiki_seg5_dl_0500C800
                0x0000000005009858                ukiki_seg5_dl_0500C6E8
                0x00000000050098b8                ukiki_seg5_dl_0500C650
                0x00000000050099e0                ukiki_seg5_dl_0500C528
                0x0000000005009a40                ukiki_seg5_dl_0500C490
                0x0000000005009b68                ukiki_seg5_dl_0500C368
                0x0000000005009bc8                ukiki_seg5_dl_0500C2D0
                0x0000000005009ce0                ukiki_seg5_dl_0500C1B8
                0x0000000005009d40                ukiki_seg5_dl_0500C120
                0x0000000005009e68                ukiki_seg5_dl_0500BFF8
                0x0000000005009ec8                ukiki_seg5_dl_0500BF60
                0x0000000005009ff0                ukiki_seg5_dl_0500BE38
                0x000000000500a050                ukiki_seg5_dl_0500BDA0
                0x000000000500a178                ukiki_seg5_dl_0500BC78
                0x000000000500a1d8                ukiki_seg5_dl_0500BC10
                0x000000000500a2a8                ukiki_seg5_dl_0500BB28
                0x000000000500a308                ukiki_seg5_dl_0500BA90
                0x000000000500a410                ukiki_seg5_dl_0500B988
                0x000000000500a470                ukiki_seg5_dl_0500B920
                0x000000000500a550                ukiki_seg5_dl_0500B820
                0x000000000500a5b8                ukiki_seg5_dl_0500B7E8
                0x000000000500a5e8                ukiki_seg5_dl_0500B660
                0x000000000500a9f8                ukiki_seg5_dl_0500B310
                0x000000000500aa20                ukiki_seg5_dl_0500B2E8
                0x000000000500aa48                ukiki_seg5_dl_0500B2B8
                0x000000000500aa78                ukiki_seg5_dl_0500B278
                0x000000000500aab8                ukiki_seg5_dl_0500B1D8
                0x000000000500ab28                ukiki_seg5_dl_0500B040
                0x000000000500e078                smoke_seg5_dl_05007AF8
                0x000000000500e0e8                smoke_seg5_dl_05007AC0
                0x000000000500e958                monty_mole_seg5_anims_05007248
                0x0000000005010e30                monty_mole_seg5_dl_05004D30
                0x0000000005010ea0                monty_mole_seg5_dl_05004CE8
                0x0000000005010f30                monty_mole_seg5_dl_05004C00
                0x0000000005010fc0                monty_mole_seg5_dl_05004BE0
                0x0000000005010fd8                monty_mole_seg5_dl_05004B50
                0x0000000005011038                monty_mole_seg5_dl_05004A10
                0x00000000050110f8                monty_mole_seg5_dl_050049B0
                0x00000000050115d8                monty_mole_seg5_dl_050044B0
                0x0000000005011640                monty_mole_seg5_dl_05004368
                0x0000000005011700                monty_mole_seg5_dl_050042B8
                0x0000000005011a58                monty_mole_seg5_dl_05003F50
                0x0000000005011ad8                monty_mole_seg5_dl_05003ED8
                0x0000000005011b28                monty_mole_seg5_dl_05003E60
                0x0000000005011d10                monty_mole_seg5_dl_05003C48
                0x0000000005011d90                monty_mole_seg5_dl_05003BD0
                0x0000000005011de0                monty_mole_seg5_dl_05003B68
                0x0000000005011f60                monty_mole_seg5_dl_050039D0
                0x0000000005011fc0                monty_mole_seg5_dl_05003938
                0x00000000050120b8                monty_mole_seg5_dl_05003820
                0x0000000005012138                monty_mole_seg5_dl_050037A8
                0x0000000005012188                monty_mole_seg5_dl_05003730
                0x0000000005012370                monty_mole_seg5_dl_05003518
                0x00000000050123f0                monty_mole_seg5_dl_050034A0
                0x0000000005012440                monty_mole_seg5_dl_05003438
                0x00000000050125c0                monty_mole_seg5_dl_050032A0
                0x0000000005012620                monty_mole_seg5_dl_05003208
                0x0000000005014f18                monty_mole_hole_seg5_dl_05000840

.data1
 *(.data1)

.got.plt
 *(.got.plt)
                0x00000000050157f0                . = .
                0x00000000050157f0                . = .
                0x000000000501d7e0                _gp = (ALIGN (0x10) + 0x7ff0)

.got
 *(.got)

.sdata
 *(.sdata .sdata.* .gnu.linkonce.s.*)

.lit8
 *(.lit8)

.lit4
 *(.lit4)
                0x00000000050157f0                _edata = .
                [!provide]                        PROVIDE (edata = .)
                0x00000000050157f0                . = .
                0x00000000050157f0                __bss_start = .
                0x00000000050157f0                _fbss = .

.sbss
 *(.dynsbss)
 *(.sbss .sbss.* .gnu.linkonce.sb.*)
 *(.scommon)

.bss            0x00000000050157f0        0x0
 *(.dynbss)
 *(.bss .bss.* .gnu.linkonce.b.*)
 .bss           0x00000000050157f0        0x0 build/us_n64/actors/group6.o
 *(COMMON)
                0x00000000050157f0                . = ALIGN ((. != 0x0)?0x4:0x1)
                0x00000000050157f0                . = ALIGN (0x4)
                0x00000000050157f0                . = SEGMENT_START ("ldata-segment", .)
                0x00000000050157f0                . = ALIGN (0x4)
                0x00000000050157f0                _end = .
                [!provide]                        PROVIDE (end = .)
                0x00000000050157f0                . = DATA_SEGMENT_END (.)

.stab
 *(.stab)

.stabstr
 *(.stabstr)

.stab.excl
 *(.stab.excl)

.stab.exclstr
 *(.stab.exclstr)

.stab.index
 *(.stab.index)

.stab.indexstr
 *(.stab.indexstr)

.comment        0x0000000000000000       0x25
 *(.comment)
 .comment       0x0000000000000000       0x25 build/us_n64/actors/group6.o
                                         0x26 (size before relaxing)

.pdr            0x0000000000000000        0x0
 .pdr           0x0000000000000000        0x0 build/us_n64/actors/group6.o

.debug
 *(.debug)

.line
 *(.line)

.debug_srcinfo
 *(.debug_srcinfo)

.debug_sfnames
 *(.debug_sfnames)

.debug_aranges
 *(.debug_aranges)

.debug_pubnames
 *(.debug_pubnames)

.debug_info
 *(.debug_info .gnu.linkonce.wi.*)

.debug_abbrev
 *(.debug_abbrev)

.debug_line
 *(.debug_line .debug_line.* .debug_line_end)

.debug_frame
 *(.debug_frame)

.debug_str
 *(.debug_str)

.debug_loc
 *(.debug_loc)

.debug_macinfo
 *(.debug_macinfo)

.debug_weaknames
 *(.debug_weaknames)

.debug_funcnames
 *(.debug_funcnames)

.debug_typenames
 *(.debug_typenames)

.debug_varnames
 *(.debug_varnames)

.debug_pubtypes
 *(.debug_pubtypes)

.debug_ranges
 *(.debug_ranges)

.debug_macro
 *(.debug_macro)

.debug_addr
 *(.debug_addr)

.gnu.attributes
                0x0000000000000000       0x10
 *(.gnu.attributes)
 .gnu.attributes
                0x0000000000000000       0x10 build/us_n64/actors/group6.o

.gptab.sdata
 *(.gptab.data)
 *(.gptab.sdata)

.gptab.sbss
 *(.gptab.bss)
 *(.gptab.sbss)

.mdebug.abi32   0x0000000000000000        0x0
 *(.mdebug.abi32)
 .mdebug.abi32  0x0000000000000000        0x0 build/us_n64/actors/group6.o

.mdebug.abiN32
 *(.mdebug.abiN32)

.mdebug.abi64
 *(.mdebug.abi64)

.mdebug.abiO64
 *(.mdebug.abiO64)

.mdebug.eabi32
 *(.mdebug.eabi32)

.mdebug.eabi64
 *(.mdebug.eabi64)

.gcc_compiled_long32
 *(.gcc_compiled_long32)

.gcc_compiled_long64
 *(.gcc_compiled_long64)

/DISCARD/
 *(.note.GNU-stack)
 *(.gnu_debuglink)
 *(.gnu.lto_*)
OUTPUT(build/us_n64/actors/group6.elf elf32-bigmips)
