
Discarded input sections

 .note.GNU-stack
                0x0000000000000000        0x0 build/us_n64/bin/debug_level_select.o

Memory Configuration

Name             Origin             Length             Attributes
*default*        0x0000000000000000 0xffffffffffffffff

Linker script and memory map

Address of section .text set to 0x7000000
LOAD build/us_n64/bin/debug_level_select.o
                [!provide]                        PROVIDE (__executable_start = SEGMENT_START ("text-segment", 0x400000))
                0x0000000000400000                . = SEGMENT_START ("text-segment", 0x400000)

.interp
 *(.interp)

.MIPS.abiflags  0x0000000000400000       0x18
 *(.MIPS.abiflags)
 .MIPS.abiflags
                0x0000000000400000       0x18 build/us_n64/bin/debug_level_select.o

.reginfo        0x0000000000400018       0x18
 *(.reginfo)
 .reginfo       0x0000000000400018       0x18 build/us_n64/bin/debug_level_select.o

.note.gnu.build-id
 *(.note.gnu.build-id)

.dynamic
 *(.dynamic)

.hash
 *(.hash)

.gnu.hash
 *(.gnu.hash)

.dynsym
 *(.dynsym)

.dynstr
 *(.dynstr)

.gnu.version
 *(.gnu.version)

.gnu.version_d
 *(.gnu.version_d)

.gnu.version_r
 *(.gnu.version_r)

.rel.dyn        0x0000000000400030        0x0
 *(.rel.init)
 *(.rel.text .rel.text.* .rel.gnu.linkonce.t.*)
 *(.rel.fini)
 *(.rel.rodata .rel.rodata.* .rel.gnu.linkonce.r.*)
 *(.rel.data.rel.ro .rel.data.rel.ro.* .rel.gnu.linkonce.d.rel.ro.*)
 *(.rel.data .rel.data.* .rel.gnu.linkonce.d.*)
 *(.rel.tdata .rel.tdata.* .rel.gnu.linkonce.td.*)
 *(.rel.tbss .rel.tbss.* .rel.gnu.linkonce.tb.*)
 *(.rel.ctors)
 *(.rel.dtors)
 *(.rel.got)
 *(.rel.dyn)
 *(.rel.sdata .rel.sdata.* .rel.gnu.linkonce.s.*)
 *(.rel.sbss .rel.sbss.* .rel.gnu.linkonce.sb.*)
 *(.rel.sdata2 .rel.sdata2.* .rel.gnu.linkonce.s2.*)
 *(.rel.sbss2 .rel.sbss2.* .rel.gnu.linkonce.sb2.*)
 *(.rel.bss .rel.bss.* .rel.gnu.linkonce.b.*)
                [!provide]                        PROVIDE (__rel_iplt_start = .)
 *(.rel.iplt)
                [!provide]                        PROVIDE (__rel_iplt_end = .)

.rela.dyn       0x0000000000400030        0x0
 *(.rela.init)
 *(.rela.text .rela.text.* .rela.gnu.linkonce.t.*)
 *(.rela.fini)
 *(.rela.rodata .rela.rodata.* .rela.gnu.linkonce.r.*)
 *(.rela.data .rela.data.* .rela.gnu.linkonce.d.*)
 *(.rela.tdata .rela.tdata.* .rela.gnu.linkonce.td.*)
 *(.rela.tbss .rela.tbss.* .rela.gnu.linkonce.tb.*)
 *(.rela.ctors)
 *(.rela.dtors)
 *(.rela.got)
 *(.rela.sdata .rela.sdata.* .rela.gnu.linkonce.s.*)
 *(.rela.sbss .rela.sbss.* .rela.gnu.linkonce.sb.*)
 *(.rela.sdata2 .rela.sdata2.* .rela.gnu.linkonce.s2.*)
 *(.rela.sbss2 .rela.sbss2.* .rela.gnu.linkonce.sb2.*)
 *(.rela.bss .rela.bss.* .rela.gnu.linkonce.b.*)
                [!provide]                        PROVIDE (__rela_iplt_start = .)
 *(.rela.iplt)
                [!provide]                        PROVIDE (__rela_iplt_end = .)

.rel.plt
 *(.rel.plt)

.rela.plt
 *(.rela.plt)

.init
 *(SORT_NONE(.init))

.plt
 *(.plt)

.iplt
 *(.iplt)

.text           0x0000000007000000        0x0
                0x0000000007000000                _ftext = .
 *(.text.unlikely .text.*_unlikely .text.unlikely.*)
 *(.text.exit .text.exit.*)
 *(.text.startup .text.startup.*)
 *(.text.hot .text.hot.*)
 *(.text .stub .text.* .gnu.linkonce.t.*)
 .text          0x0000000007000000        0x0 build/us_n64/bin/debug_level_select.o
 *(.gnu.warning)
 *(.mips16.fn.*)
 *(.mips16.call.*)

.fini
 *(SORT_NONE(.fini))
                [!provide]                        PROVIDE (__etext = .)
                [!provide]                        PROVIDE (_etext = .)
                [!provide]                        PROVIDE (etext = .)

.rodata
 *(.rodata .rodata.* .gnu.linkonce.r.*)

.rodata1
 *(.rodata1)

.sdata2
 *(.sdata2 .sdata2.* .gnu.linkonce.s2.*)

.sbss2
 *(.sbss2 .sbss2.* .gnu.linkonce.sb2.*)

.eh_frame_hdr
 *(.eh_frame_hdr)
 *(.eh_frame_entry .eh_frame_entry.*)

.eh_frame
 *(.eh_frame)
 *(.eh_frame.*)

.gcc_except_table
 *(.gcc_except_table .gcc_except_table.*)

.gnu_extab
 *(.gnu_extab*)

.exception_ranges
 *(.exception_ranges .exception_ranges*)
                0x0000000007000000                . = DATA_SEGMENT_ALIGN (CONSTANT (MAXPAGESIZE), CONSTANT (COMMONPAGESIZE))

.eh_frame
 *(.eh_frame)
 *(.eh_frame.*)

.gnu_extab
 *(.gnu_extab)

.gcc_except_table
 *(.gcc_except_table .gcc_except_table.*)

.exception_ranges
 *(.exception_ranges .exception_ranges*)

.tdata
 *(.tdata .tdata.* .gnu.linkonce.td.*)

.tbss
 *(.tbss .tbss.* .gnu.linkonce.tb.*)
 *(.tcommon)

.preinit_array  0x0000000007000000        0x0
                [!provide]                        PROVIDE (__preinit_array_start = .)
 *(.preinit_array)
                [!provide]                        PROVIDE (__preinit_array_end = .)

.init_array     0x0000000007000000        0x0
                [!provide]                        PROVIDE (__init_array_start = .)
 *(SORT_BY_INIT_PRIORITY(.init_array.*) SORT_BY_INIT_PRIORITY(.ctors.*))
 *(.init_array EXCLUDE_FILE(*crtend?.o *crtend.o *crtbegin?.o *crtbegin.o) .ctors)
                [!provide]                        PROVIDE (__init_array_end = .)

.fini_array     0x0000000007000000        0x0
                [!provide]                        PROVIDE (__fini_array_start = .)
 *(SORT_BY_INIT_PRIORITY(.fini_array.*) SORT_BY_INIT_PRIORITY(.dtors.*))
 *(.fini_array EXCLUDE_FILE(*crtend?.o *crtend.o *crtbegin?.o *crtbegin.o) .dtors)
                [!provide]                        PROVIDE (__fini_array_end = .)

.ctors
 *crtbegin.o(.ctors)
 *crtbegin?.o(.ctors)
 *(EXCLUDE_FILE(*crtend?.o *crtend.o) .ctors)
 *(SORT_BY_NAME(.ctors.*))
 *(.ctors)

.dtors
 *crtbegin.o(.dtors)
 *crtbegin?.o(.dtors)
 *(EXCLUDE_FILE(*crtend?.o *crtend.o) .dtors)
 *(SORT_BY_NAME(.dtors.*))
 *(.dtors)

.jcr
 *(.jcr)

.data.rel.ro
 *(.data.rel.ro.local* .gnu.linkonce.d.rel.ro.local.*)
 *(.data.rel.ro .data.rel.ro.* .gnu.linkonce.d.rel.ro.*)
                0x0000000007000000                . = DATA_SEGMENT_RELRO_END (., 0x0)

.data           0x0000000007000000     0x5f90
                0x0000000007000000                _fdata = .
 *(.data .data.* .gnu.linkonce.d.*)
 .data          0x0000000007000000        0x0 build/us_n64/bin/debug_level_select.o
 .data.debug_level_select_dl_070063B0
                0x0000000007000000      0x168 build/us_n64/bin/debug_level_select.o
                0x0000000007000000                debug_level_select_dl_070063B0
 .data.debug_level_select_vertex_07006320
                0x0000000007000168       0x90 build/us_n64/bin/debug_level_select.o
 .data.debug_level_select_vertex_07006230
                0x00000000070001f8       0xf0 build/us_n64/bin/debug_level_select.o
 .data.debug_level_select_vertex_07006140
                0x00000000070002e8       0xf0 build/us_n64/bin/debug_level_select.o
 .data.debug_level_select_vertex_07006050
                0x00000000070003d8       0xf0 build/us_n64/bin/debug_level_select.o
 .data.debug_level_select_vertex_07005F60
                0x00000000070004c8       0xf0 build/us_n64/bin/debug_level_select.o
 .data.debug_level_select_vertex_07005E70
                0x00000000070005b8       0xf0 build/us_n64/bin/debug_level_select.o
 .data.debug_level_select_vertex_07005D80
                0x00000000070006a8       0xf0 build/us_n64/bin/debug_level_select.o
 .data.debug_level_select_vertex_07005C90
                0x0000000007000798       0xf0 build/us_n64/bin/debug_level_select.o
 .data.debug_level_select_vertex_07005BA0
                0x0000000007000888       0xf0 build/us_n64/bin/debug_level_select.o
 .data.debug_level_select_vertex_07005AB0
                0x0000000007000978       0xf0 build/us_n64/bin/debug_level_select.o
 .data.debug_level_select_dl_070059F8
                0x0000000007000a68       0x80 build/us_n64/bin/debug_level_select.o
                0x0000000007000a68                debug_level_select_dl_070059F8
 .data.debug_level_select_vertex_07005998
                0x0000000007000ae8       0x60 build/us_n64/bin/debug_level_select.o
 .data.debug_level_select_vertex_070058A8
                0x0000000007000b48       0xf0 build/us_n64/bin/debug_level_select.o
 .data.debug_level_select_vertex_070057B8
                0x0000000007000c38       0xf0 build/us_n64/bin/debug_level_select.o
 .data.debug_level_select_dl_07005558
                0x0000000007000d28      0x1a0 build/us_n64/bin/debug_level_select.o
                0x0000000007000d28                debug_level_select_dl_07005558
 .data.debug_level_select_vertex_07005528
                0x0000000007000ec8       0x30 build/us_n64/bin/debug_level_select.o
 .data.debug_level_select_vertex_07005438
                0x0000000007000ef8       0xf0 build/us_n64/bin/debug_level_select.o
 .data.debug_level_select_vertex_07005348
                0x0000000007000fe8       0xf0 build/us_n64/bin/debug_level_select.o
 .data.debug_level_select_vertex_07005258
                0x00000000070010d8       0xf0 build/us_n64/bin/debug_level_select.o
 .data.debug_level_select_vertex_07005168
                0x00000000070011c8       0xf0 build/us_n64/bin/debug_level_select.o
 .data.debug_level_select_vertex_07005078
                0x00000000070012b8       0xf0 build/us_n64/bin/debug_level_select.o
 .data.debug_level_select_vertex_07004F88
                0x00000000070013a8       0xf0 build/us_n64/bin/debug_level_select.o
 .data.debug_level_select_vertex_07004E98
                0x0000000007001498       0xf0 build/us_n64/bin/debug_level_select.o
 .data.debug_level_select_vertex_07004DA8
                0x0000000007001588       0xf0 build/us_n64/bin/debug_level_select.o
 .data.debug_level_select_vertex_07004CB8
                0x0000000007001678       0xf0 build/us_n64/bin/debug_level_select.o
 .data.debug_level_select_vertex_07004BC8
                0x0000000007001768       0xf0 build/us_n64/bin/debug_level_select.o
 .data.debug_level_select_vertex_07004AD8
                0x0000000007001858       0xf0 build/us_n64/bin/debug_level_select.o
 .data.debug_level_select_dl_070048C8
                0x0000000007001948      0x168 build/us_n64/bin/debug_level_select.o
                0x0000000007001948                debug_level_select_dl_070048C8
 .data.debug_level_select_vertex_07004838
                0x0000000007001ab0       0x90 build/us_n64/bin/debug_level_select.o
 .data.debug_level_select_vertex_07004748
                0x0000000007001b40       0xf0 build/us_n64/bin/debug_level_select.o
 .data.debug_level_select_vertex_07004658
                0x0000000007001c30       0xf0 build/us_n64/bin/debug_level_select.o
 .data.debug_level_select_vertex_07004568
                0x0000000007001d20       0xf0 build/us_n64/bin/debug_level_select.o
 .data.debug_level_select_vertex_07004478
                0x0000000007001e10       0xf0 build/us_n64/bin/debug_level_select.o
 .data.debug_level_select_vertex_07004388
                0x0000000007001f00       0xf0 build/us_n64/bin/debug_level_select.o
 .data.debug_level_select_vertex_07004298
                0x0000000007001ff0       0xf0 build/us_n64/bin/debug_level_select.o
 .data.debug_level_select_vertex_070041A8
                0x00000000070020e0       0xf0 build/us_n64/bin/debug_level_select.o
 .data.debug_level_select_vertex_070040B8
                0x00000000070021d0       0xf0 build/us_n64/bin/debug_level_select.o
 .data.debug_level_select_vertex_07003FC8
                0x00000000070022c0       0xf0 build/us_n64/bin/debug_level_select.o
 .data.debug_level_select_dl_07003DB8
                0x00000000070023b0      0x168 build/us_n64/bin/debug_level_select.o
                0x00000000070023b0                debug_level_select_dl_07003DB8
 .data.debug_level_select_vertex_07003D28
                0x0000000007002518       0x90 build/us_n64/bin/debug_level_select.o
 .data.debug_level_select_vertex_07003C38
                0x00000000070025a8       0xf0 build/us_n64/bin/debug_level_select.o
 .data.debug_level_select_vertex_07003B48
                0x0000000007002698       0xf0 build/us_n64/bin/debug_level_select.o
 .data.debug_level_select_vertex_07003A58
                0x0000000007002788       0xf0 build/us_n64/bin/debug_level_select.o
 .data.debug_level_select_vertex_07003968
                0x0000000007002878       0xf0 build/us_n64/bin/debug_level_select.o
 .data.debug_level_select_vertex_07003878
                0x0000000007002968       0xf0 build/us_n64/bin/debug_level_select.o
 .data.debug_level_select_vertex_07003788
                0x0000000007002a58       0xf0 build/us_n64/bin/debug_level_select.o
 .data.debug_level_select_vertex_07003698
                0x0000000007002b48       0xf0 build/us_n64/bin/debug_level_select.o
 .data.debug_level_select_vertex_070035A8
                0x0000000007002c38       0xf0 build/us_n64/bin/debug_level_select.o
 .data.debug_level_select_vertex_070034B8
                0x0000000007002d28       0xf0 build/us_n64/bin/debug_level_select.o
 .data.debug_level_select_dl_07003258
                0x0000000007002e18      0x1a0 build/us_n64/bin/debug_level_select.o
                0x0000000007002e18                debug_level_select_dl_07003258
 .data.debug_level_select_vertex_07003228
                0x0000000007002fb8       0x30 build/us_n64/bin/debug_level_select.o
 .data.debug_level_select_vertex_07003138
                0x0000000007002fe8       0xf0 build/us_n64/bin/debug_level_select.o
 .data.debug_level_select_vertex_07003048
                0x00000000070030d8       0xf0 build/us_n64/bin/debug_level_select.o
 .data.debug_level_select_vertex_07002F58
                0x00000000070031c8       0xf0 build/us_n64/bin/debug_level_select.o
 .data.debug_level_select_vertex_07002E68
                0x00000000070032b8       0xf0 build/us_n64/bin/debug_level_select.o
 .data.debug_level_select_vertex_07002D78
                0x00000000070033a8       0xf0 build/us_n64/bin/debug_level_select.o
 .data.debug_level_select_vertex_07002C88
                0x0000000007003498       0xf0 build/us_n64/bin/debug_level_select.o
 .data.debug_level_select_vertex_07002B98
                0x0000000007003588       0xf0 build/us_n64/bin/debug_level_select.o
 .data.debug_level_select_vertex_07002AA8
                0x0000000007003678       0xf0 build/us_n64/bin/debug_level_select.o
 .data.debug_level_select_vertex_070029B8
                0x0000000007003768       0xf0 build/us_n64/bin/debug_level_select.o
 .data.debug_level_select_vertex_070028C8
                0x0000000007003858       0xf0 build/us_n64/bin/debug_level_select.o
 .data.debug_level_select_vertex_070027D8
                0x0000000007003948       0xf0 build/us_n64/bin/debug_level_select.o
 .data.debug_level_select_dl_070025F0
                0x0000000007003a38      0x148 build/us_n64/bin/debug_level_select.o
                0x0000000007003a38                debug_level_select_dl_070025F0
 .data.debug_level_select_vertex_07002530
                0x0000000007003b80       0xc0 build/us_n64/bin/debug_level_select.o
 .data.debug_level_select_vertex_07002440
                0x0000000007003c40       0xf0 build/us_n64/bin/debug_level_select.o
 .data.debug_level_select_vertex_07002350
                0x0000000007003d30       0xf0 build/us_n64/bin/debug_level_select.o
 .data.debug_level_select_vertex_07002260
                0x0000000007003e20       0xf0 build/us_n64/bin/debug_level_select.o
 .data.debug_level_select_vertex_07002170
                0x0000000007003f10       0xf0 build/us_n64/bin/debug_level_select.o
 .data.debug_level_select_vertex_07002080
                0x0000000007004000       0xf0 build/us_n64/bin/debug_level_select.o
 .data.debug_level_select_vertex_07001F90
                0x00000000070040f0       0xf0 build/us_n64/bin/debug_level_select.o
 .data.debug_level_select_vertex_07001EA0
                0x00000000070041e0       0xf0 build/us_n64/bin/debug_level_select.o
 .data.debug_level_select_vertex_07001DB0
                0x00000000070042d0       0xf0 build/us_n64/bin/debug_level_select.o
 .data.debug_level_select_dl_07001BA0
                0x00000000070043c0      0x168 build/us_n64/bin/debug_level_select.o
                0x00000000070043c0                debug_level_select_dl_07001BA0
 .data.debug_level_select_vertex_07001B10
                0x0000000007004528       0x90 build/us_n64/bin/debug_level_select.o
 .data.debug_level_select_vertex_07001A20
                0x00000000070045b8       0xf0 build/us_n64/bin/debug_level_select.o
 .data.debug_level_select_vertex_07001930
                0x00000000070046a8       0xf0 build/us_n64/bin/debug_level_select.o
 .data.debug_level_select_vertex_07001840
                0x0000000007004798       0xf0 build/us_n64/bin/debug_level_select.o
 .data.debug_level_select_vertex_07001750
                0x0000000007004888       0xf0 build/us_n64/bin/debug_level_select.o
 .data.debug_level_select_vertex_07001660
                0x0000000007004978       0xf0 build/us_n64/bin/debug_level_select.o
 .data.debug_level_select_vertex_07001570
                0x0000000007004a68       0xf0 build/us_n64/bin/debug_level_select.o
 .data.debug_level_select_vertex_07001480
                0x0000000007004b58       0xf0 build/us_n64/bin/debug_level_select.o
 .data.debug_level_select_vertex_07001390
                0x0000000007004c48       0xf0 build/us_n64/bin/debug_level_select.o
 .data.debug_level_select_vertex_070012A0
                0x0000000007004d38       0xf0 build/us_n64/bin/debug_level_select.o
 .data.debug_level_select_dl_07001100
                0x0000000007004e28      0x120 build/us_n64/bin/debug_level_select.o
                0x0000000007004e28                debug_level_select_dl_07001100
 .data.debug_level_select_vertex_070010D0
                0x0000000007004f48       0x30 build/us_n64/bin/debug_level_select.o
 .data.debug_level_select_vertex_07000FE0
                0x0000000007004f78       0xf0 build/us_n64/bin/debug_level_select.o
 .data.debug_level_select_vertex_07000EF0
                0x0000000007005068       0xf0 build/us_n64/bin/debug_level_select.o
 .data.debug_level_select_vertex_07000E00
                0x0000000007005158       0xf0 build/us_n64/bin/debug_level_select.o
 .data.debug_level_select_vertex_07000D10
                0x0000000007005248       0xf0 build/us_n64/bin/debug_level_select.o
 .data.debug_level_select_vertex_07000C20
                0x0000000007005338       0xf0 build/us_n64/bin/debug_level_select.o
 .data.debug_level_select_vertex_07000B30
                0x0000000007005428       0xf0 build/us_n64/bin/debug_level_select.o
 .data.debug_level_select_vertex_07000A40
                0x0000000007005518       0xf0 build/us_n64/bin/debug_level_select.o
 .data.debug_level_select_dl_07000858
                0x0000000007005608      0x148 build/us_n64/bin/debug_level_select.o
                0x0000000007005608                debug_level_select_dl_07000858
 .data.debug_level_select_vertex_07000798
                0x0000000007005750       0xc0 build/us_n64/bin/debug_level_select.o
 .data.debug_level_select_vertex_070006A8
                0x0000000007005810       0xf0 build/us_n64/bin/debug_level_select.o
 .data.debug_level_select_vertex_070005B8
                0x0000000007005900       0xf0 build/us_n64/bin/debug_level_select.o
 .data.debug_level_select_vertex_070004C8
                0x00000000070059f0       0xf0 build/us_n64/bin/debug_level_select.o
 .data.debug_level_select_vertex_070003D8
                0x0000000007005ae0       0xf0 build/us_n64/bin/debug_level_select.o
 .data.debug_level_select_vertex_070002E8
                0x0000000007005bd0       0xf0 build/us_n64/bin/debug_level_select.o
 .data.debug_level_select_vertex_070001F8
                0x0000000007005cc0       0xf0 build/us_n64/bin/debug_level_select.o
 .data.debug_level_select_vertex_07000108
                0x0000000007005db0       0xf0 build/us_n64/bin/debug_level_select.o
 .data.debug_level_select_vertex_07000018
                0x0000000007005ea0       0xf0 build/us_n64/bin/debug_level_select.o

.data1
 *(.data1)

.got.plt
 *(.got.plt)
                0x0000000007005f90                . = .
                0x0000000007005f90                . = .
                0x000000000700df80                _gp = (ALIGN (0x10) + 0x7ff0)

.got
 *(.got)

.sdata
 *(.sdata .sdata.* .gnu.linkonce.s.*)

.lit8
 *(.lit8)

.lit4
 *(.lit4)
                0x0000000007005f90                _edata = .
                [!provide]                        PROVIDE (edata = .)
                0x0000000007005f90                . = .
                0x0000000007005f90                __bss_start = .
                0x0000000007005f90                _fbss = .

.sbss
 *(.dynsbss)
 *(.sbss .sbss.* .gnu.linkonce.sb.*)
 *(.scommon)

.bss            0x0000000007005f90        0x0
 *(.dynbss)
 *(.bss .bss.* .gnu.linkonce.b.*)
 .bss           0x0000000007005f90        0x0 build/us_n64/bin/debug_level_select.o
 *(COMMON)
                0x0000000007005f90                . = ALIGN ((. != 0x0)?0x4:0x1)
                0x0000000007005f90                . = ALIGN (0x4)
                0x0000000007005f90                . = SEGMENT_START ("ldata-segment", .)
                0x0000000007005f90                . = ALIGN (0x4)
                0x0000000007005f90                _end = .
                [!provide]                        PROVIDE (end = .)
                0x0000000007005f90                . = DATA_SEGMENT_END (.)

.stab
 *(.stab)

.stabstr
 *(.stabstr)

.stab.excl
 *(.stab.excl)

.stab.exclstr
 *(.stab.exclstr)

.stab.index
 *(.stab.index)

.stab.indexstr
 *(.stab.indexstr)

.comment        0x0000000000000000       0x25
 *(.comment)
 .comment       0x0000000000000000       0x25 build/us_n64/bin/debug_level_select.o
                                         0x26 (size before relaxing)

.pdr            0x0000000000000000        0x0
 .pdr           0x0000000000000000        0x0 build/us_n64/bin/debug_level_select.o

.debug
 *(.debug)

.line
 *(.line)

.debug_srcinfo
 *(.debug_srcinfo)

.debug_sfnames
 *(.debug_sfnames)

.debug_aranges
 *(.debug_aranges)

.debug_pubnames
 *(.debug_pubnames)

.debug_info
 *(.debug_info .gnu.linkonce.wi.*)

.debug_abbrev
 *(.debug_abbrev)

.debug_line
 *(.debug_line .debug_line.* .debug_line_end)

.debug_frame
 *(.debug_frame)

.debug_str
 *(.debug_str)

.debug_loc
 *(.debug_loc)

.debug_macinfo
 *(.debug_macinfo)

.debug_weaknames
 *(.debug_weaknames)

.debug_funcnames
 *(.debug_funcnames)

.debug_typenames
 *(.debug_typenames)

.debug_varnames
 *(.debug_varnames)

.debug_pubtypes
 *(.debug_pubtypes)

.debug_ranges
 *(.debug_ranges)

.debug_macro
 *(.debug_macro)

.debug_addr
 *(.debug_addr)

.gnu.attributes
                0x0000000000000000       0x10
 *(.gnu.attributes)
 .gnu.attributes
                0x0000000000000000       0x10 build/us_n64/bin/debug_level_select.o

.gptab.sdata
 *(.gptab.data)
 *(.gptab.sdata)

.gptab.sbss
 *(.gptab.bss)
 *(.gptab.sbss)

.mdebug.abi32   0x0000000000000000        0x0
 *(.mdebug.abi32)
 .mdebug.abi32  0x0000000000000000        0x0 build/us_n64/bin/debug_level_select.o

.mdebug.abiN32
 *(.mdebug.abiN32)

.mdebug.abi64
 *(.mdebug.abi64)

.mdebug.abiO64
 *(.mdebug.abiO64)

.mdebug.eabi32
 *(.mdebug.eabi32)

.mdebug.eabi64
 *(.mdebug.eabi64)

.gcc_compiled_long32
 *(.gcc_compiled_long32)

.gcc_compiled_long64
 *(.gcc_compiled_long64)

/DISCARD/
 *(.note.GNU-stack)
 *(.gnu_debuglink)
 *(.gnu.lto_*)
OUTPUT(build/us_n64/bin/debug_level_select.elf elf32-bigmips)
