
Discarded input sections

 .note.GNU-stack
                0x0000000000000000        0x0 build/us_n64/bin/segment2.o

Memory Configuration

Name             Origin             Length             Attributes
*default*        0x0000000000000000 0xffffffffffffffff

Linker script and memory map

Address of section .text set to 0x2000000
LOAD build/us_n64/bin/segment2.o
                [!provide]                        PROVIDE (__executable_start = SEGMENT_START ("text-segment", 0x400000))
                0x0000000000400000                . = SEGMENT_START ("text-segment", 0x400000)

.interp
 *(.interp)

.MIPS.abiflags  0x0000000000400000       0x18
 *(.MIPS.abiflags)
 .MIPS.abiflags
                0x0000000000400000       0x18 build/us_n64/bin/segment2.o

.reginfo        0x0000000000400018       0x18
 *(.reginfo)
 .reginfo       0x0000000000400018       0x18 build/us_n64/bin/segment2.o

.note.gnu.build-id
 *(.note.gnu.build-id)

.dynamic
 *(.dynamic)

.hash
 *(.hash)

.gnu.hash
 *(.gnu.hash)

.dynsym
 *(.dynsym)

.dynstr
 *(.dynstr)

.gnu.version
 *(.gnu.version)

.gnu.version_d
 *(.gnu.version_d)

.gnu.version_r
 *(.gnu.version_r)

.rel.dyn        0x0000000000400030        0x0
 *(.rel.init)
 *(.rel.text .rel.text.* .rel.gnu.linkonce.t.*)
 *(.rel.fini)
 *(.rel.rodata .rel.rodata.* .rel.gnu.linkonce.r.*)
 *(.rel.data.rel.ro .rel.data.rel.ro.* .rel.gnu.linkonce.d.rel.ro.*)
 *(.rel.data .rel.data.* .rel.gnu.linkonce.d.*)
 *(.rel.tdata .rel.tdata.* .rel.gnu.linkonce.td.*)
 *(.rel.tbss .rel.tbss.* .rel.gnu.linkonce.tb.*)
 *(.rel.ctors)
 *(.rel.dtors)
 *(.rel.got)
 *(.rel.dyn)
 .rel.dyn       0x0000000000400030        0x0 build/us_n64/bin/segment2.o
 *(.rel.sdata .rel.sdata.* .rel.gnu.linkonce.s.*)
 *(.rel.sbss .rel.sbss.* .rel.gnu.linkonce.sb.*)
 *(.rel.sdata2 .rel.sdata2.* .rel.gnu.linkonce.s2.*)
 *(.rel.sbss2 .rel.sbss2.* .rel.gnu.linkonce.sb2.*)
 *(.rel.bss .rel.bss.* .rel.gnu.linkonce.b.*)
                [!provide]                        PROVIDE (__rel_iplt_start = .)
 *(.rel.iplt)
                [!provide]                        PROVIDE (__rel_iplt_end = .)

.rela.dyn       0x0000000000400030        0x0
 *(.rela.init)
 *(.rela.text .rela.text.* .rela.gnu.linkonce.t.*)
 *(.rela.fini)
 *(.rela.rodata .rela.rodata.* .rela.gnu.linkonce.r.*)
 *(.rela.data .rela.data.* .rela.gnu.linkonce.d.*)
 *(.rela.tdata .rela.tdata.* .rela.gnu.linkonce.td.*)
 *(.rela.tbss .rela.tbss.* .rela.gnu.linkonce.tb.*)
 *(.rela.ctors)
 *(.rela.dtors)
 *(.rela.got)
 *(.rela.sdata .rela.sdata.* .rela.gnu.linkonce.s.*)
 *(.rela.sbss .rela.sbss.* .rela.gnu.linkonce.sb.*)
 *(.rela.sdata2 .rela.sdata2.* .rela.gnu.linkonce.s2.*)
 *(.rela.sbss2 .rela.sbss2.* .rela.gnu.linkonce.sb2.*)
 *(.rela.bss .rela.bss.* .rela.gnu.linkonce.b.*)
                [!provide]                        PROVIDE (__rela_iplt_start = .)
 *(.rela.iplt)
                [!provide]                        PROVIDE (__rela_iplt_end = .)

.rel.plt
 *(.rel.plt)

.rela.plt
 *(.rela.plt)

.init
 *(SORT_NONE(.init))

.plt
 *(.plt)

.iplt
 *(.iplt)

.text           0x0000000002000000        0x0
                0x0000000002000000                _ftext = .
 *(.text.unlikely .text.*_unlikely .text.unlikely.*)
 *(.text.exit .text.exit.*)
 *(.text.startup .text.startup.*)
 *(.text.hot .text.hot.*)
 *(.text .stub .text.* .gnu.linkonce.t.*)
 .text          0x0000000002000000        0x0 build/us_n64/bin/segment2.o
 *(.gnu.warning)
 *(.mips16.fn.*)
 *(.mips16.call.*)

.fini
 *(SORT_NONE(.fini))
                [!provide]                        PROVIDE (__etext = .)
                [!provide]                        PROVIDE (_etext = .)
                [!provide]                        PROVIDE (etext = .)

.rodata
 *(.rodata .rodata.* .gnu.linkonce.r.*)

.rodata1
 *(.rodata1)

.sdata2
 *(.sdata2 .sdata2.* .gnu.linkonce.s2.*)

.sbss2
 *(.sbss2 .sbss2.* .gnu.linkonce.sb2.*)

.eh_frame_hdr
 *(.eh_frame_hdr)
 *(.eh_frame_entry .eh_frame_entry.*)

.eh_frame
 *(.eh_frame)
 *(.eh_frame.*)

.gcc_except_table
 *(.gcc_except_table .gcc_except_table.*)

.gnu_extab
 *(.gnu_extab*)

.exception_ranges
 *(.exception_ranges .exception_ranges*)
                0x0000000002000000                . = DATA_SEGMENT_ALIGN (CONSTANT (MAXPAGESIZE), CONSTANT (COMMONPAGESIZE))

.eh_frame
 *(.eh_frame)
 *(.eh_frame.*)

.gnu_extab
 *(.gnu_extab)

.gcc_except_table
 *(.gcc_except_table .gcc_except_table.*)

.exception_ranges
 *(.exception_ranges .exception_ranges*)

.tdata
 *(.tdata .tdata.* .gnu.linkonce.td.*)

.tbss
 *(.tbss .tbss.* .gnu.linkonce.tb.*)
 *(.tcommon)

.preinit_array  0x0000000002000000        0x0
                [!provide]                        PROVIDE (__preinit_array_start = .)
 *(.preinit_array)
                [!provide]                        PROVIDE (__preinit_array_end = .)

.init_array     0x0000000002000000        0x0
                [!provide]                        PROVIDE (__init_array_start = .)
 *(SORT_BY_INIT_PRIORITY(.init_array.*) SORT_BY_INIT_PRIORITY(.ctors.*))
 *(.init_array EXCLUDE_FILE(*crtend?.o *crtend.o *crtbegin?.o *crtbegin.o) .ctors)
                [!provide]                        PROVIDE (__init_array_end = .)

.fini_array     0x0000000002000000        0x0
                [!provide]                        PROVIDE (__fini_array_start = .)
 *(SORT_BY_INIT_PRIORITY(.fini_array.*) SORT_BY_INIT_PRIORITY(.dtors.*))
 *(.fini_array EXCLUDE_FILE(*crtend?.o *crtend.o *crtbegin?.o *crtbegin.o) .dtors)
                [!provide]                        PROVIDE (__fini_array_end = .)

.ctors
 *crtbegin.o(.ctors)
 *crtbegin?.o(.ctors)
 *(EXCLUDE_FILE(*crtend?.o *crtend.o) .ctors)
 *(SORT_BY_NAME(.ctors.*))
 *(.ctors)

.dtors
 *crtbegin.o(.dtors)
 *crtbegin?.o(.dtors)
 *(EXCLUDE_FILE(*crtend?.o *crtend.o) .dtors)
 *(SORT_BY_NAME(.dtors.*))
 *(.dtors)

.jcr
 *(.jcr)

.data.rel.ro
 *(.data.rel.ro.local* .gnu.linkonce.d.rel.ro.local.*)
 *(.data.rel.ro .data.rel.ro.* .gnu.linkonce.d.rel.ro.*)
                0x0000000002000000                . = DATA_SEGMENT_RELRO_END (., 0x0)

.data           0x0000000002000000    0x1ca80
                0x0000000002000000                _fdata = .
 *(.data .data.* .gnu.linkonce.d.*)
 .data          0x0000000002000000        0x0 build/us_n64/bin/segment2.o
 .data.seg2_painting_mesh_neighbor_tris
                0x0000000002000000      0x76c build/us_n64/bin/segment2.o
                0x0000000002000000                seg2_painting_mesh_neighbor_tris
 .data.seg2_painting_triangle_mesh
                0x000000000200076c      0x9e4 build/us_n64/bin/segment2.o
                0x000000000200076c                seg2_painting_triangle_mesh
 .data.dl_paintings_draw_ripples
                0x0000000002001150       0x20 build/us_n64/bin/segment2.o
                0x0000000002001150                dl_paintings_draw_ripples
 .data.dl_paintings_env_mapped_end
                0x0000000002001170       0x28 build/us_n64/bin/segment2.o
                0x0000000002001170                dl_paintings_env_mapped_end
 .data.dl_paintings_env_mapped_begin
                0x0000000002001198       0x48 build/us_n64/bin/segment2.o
                0x0000000002001198                dl_paintings_env_mapped_begin
 .data.dl_paintings_rippling_end
                0x00000000020011e0       0x20 build/us_n64/bin/segment2.o
                0x00000000020011e0                dl_paintings_rippling_end
 .data.dl_paintings_rippling_begin
                0x0000000002001200       0x48 build/us_n64/bin/segment2.o
                0x0000000002001200                dl_paintings_rippling_begin
 .data.dl_ia8_up_arrow_end
                0x0000000002001248       0x20 build/us_n64/bin/segment2.o
                0x0000000002001248                dl_ia8_up_arrow_end
 .data.dl_ia8_up_arrow_load_texture_block
                0x0000000002001268       0x58 build/us_n64/bin/segment2.o
                0x0000000002001268                dl_ia8_up_arrow_load_texture_block
 .data.dl_rgba16_unused
                0x00000000020012c0       0x30 build/us_n64/bin/segment2.o
                0x00000000020012c0                dl_rgba16_unused
 .data.dl_ia8_up_arrow_begin
                0x00000000020012f0       0x38 build/us_n64/bin/segment2.o
                0x00000000020012f0                dl_ia8_up_arrow_begin
 .data.texture_ia8_up_arrow
                0x0000000002001328       0x40 build/us_n64/bin/segment2.o
 .data.dl_waterbox_end
                0x0000000002001368       0x28 build/us_n64/bin/segment2.o
                0x0000000002001368                dl_waterbox_end
 .data.dl_waterbox_ia16_begin
                0x0000000002001390       0x40 build/us_n64/bin/segment2.o
                0x0000000002001390                dl_waterbox_ia16_begin
 .data.dl_waterbox_rgba16_begin
                0x00000000020013d0       0x40 build/us_n64/bin/segment2.o
                0x00000000020013d0                dl_waterbox_rgba16_begin
 .data.dl_skybox_end
                0x0000000002001410       0x28 build/us_n64/bin/segment2.o
                0x0000000002001410                dl_skybox_end
 .data.dl_skybox_tile_tex_settings
                0x0000000002001438       0x30 build/us_n64/bin/segment2.o
                0x0000000002001438                dl_skybox_tile_tex_settings
 .data.dl_skybox_begin
                0x0000000002001468       0x30 build/us_n64/bin/segment2.o
                0x0000000002001468                dl_skybox_begin
 .data.dl_transition_draw_filled_region
                0x0000000002001498       0x28 build/us_n64/bin/segment2.o
                0x0000000002001498                dl_transition_draw_filled_region
 .data.dl_screen_transition_end
                0x00000000020014c0       0x28 build/us_n64/bin/segment2.o
                0x00000000020014c0                dl_screen_transition_end
 .data.dl_proj_mtx_fullscreen
                0x00000000020014e8       0x38 build/us_n64/bin/segment2.o
                0x00000000020014e8                dl_proj_mtx_fullscreen
 .data.dl_shadow_end
                0x0000000002001520       0x38 build/us_n64/bin/segment2.o
                0x0000000002001520                dl_shadow_end
 .data.vertex_shadow
                0x0000000002001558       0x40 build/us_n64/bin/segment2.o
 .data.dl_shadow_square
                0x0000000002001598       0x48 build/us_n64/bin/segment2.o
                0x0000000002001598                dl_shadow_square
 .data.dl_shadow_circle
                0x00000000020015e0       0x48 build/us_n64/bin/segment2.o
                0x00000000020015e0                dl_shadow_circle
 .data.dl_shadow_begin
                0x0000000002001628       0x28 build/us_n64/bin/segment2.o
                0x0000000002001628                dl_shadow_begin
 .data.dl_draw_quad_verts_4567
                0x0000000002001650       0x10 build/us_n64/bin/segment2.o
                0x0000000002001650                dl_draw_quad_verts_4567
 .data.dl_draw_quad_verts_0123
                0x0000000002001660       0x10 build/us_n64/bin/segment2.o
                0x0000000002001660                dl_draw_quad_verts_0123
 .data.matrix_fullscreen
                0x0000000002001670       0x40 build/us_n64/bin/segment2.o
 .data.matrix_identity
                0x00000000020016b0       0x40 build/us_n64/bin/segment2.o
 .data.texture_waterbox_lava
                0x00000000020016f0      0x800 build/us_n64/bin/segment2.o
                0x00000000020016f0                texture_waterbox_lava
 .data.texture_waterbox_mist
                0x0000000002001ef0      0x800 build/us_n64/bin/segment2.o
                0x0000000002001ef0                texture_waterbox_mist
 .data.texture_waterbox_unknown_water
                0x00000000020026f0      0x800 build/us_n64/bin/segment2.o
                0x00000000020026f0                texture_waterbox_unknown_water
 .data.texture_waterbox_jrb_water
                0x0000000002002ef0      0x800 build/us_n64/bin/segment2.o
                0x0000000002002ef0                texture_waterbox_jrb_water
 .data.texture_waterbox_water
                0x00000000020036f0      0x800 build/us_n64/bin/segment2.o
                0x00000000020036f0                texture_waterbox_water
 .data.texture_transition_bowser_half
                0x0000000002003ef0      0x800 build/us_n64/bin/segment2.o
                0x0000000002003ef0                texture_transition_bowser_half
 .data.texture_transition_mario
                0x00000000020046f0     0x1000 build/us_n64/bin/segment2.o
                0x00000000020046f0                texture_transition_mario
 .data.texture_transition_circle_half
                0x00000000020056f0      0x800 build/us_n64/bin/segment2.o
                0x00000000020056f0                texture_transition_circle_half
 .data.texture_transition_star_half
                0x0000000002005ef0      0x800 build/us_n64/bin/segment2.o
                0x0000000002005ef0                texture_transition_star_half
 .data.texture_shadow_quarter_square_64
                0x00000000020066f0     0x1000 build/us_n64/bin/segment2.o
 .data.texture_shadow_quarter_circle_64
                0x00000000020076f0     0x1000 build/us_n64/bin/segment2.o
 .data.dl_billboard_num_F
                0x00000000020086f0       0x30 build/us_n64/bin/segment2.o
                0x00000000020086f0                dl_billboard_num_F
 .data.dl_billboard_num_E
                0x0000000002008720       0x30 build/us_n64/bin/segment2.o
                0x0000000002008720                dl_billboard_num_E
 .data.dl_billboard_num_D
                0x0000000002008750       0x30 build/us_n64/bin/segment2.o
                0x0000000002008750                dl_billboard_num_D
 .data.dl_billboard_num_C
                0x0000000002008780       0x30 build/us_n64/bin/segment2.o
                0x0000000002008780                dl_billboard_num_C
 .data.dl_billboard_num_B
                0x00000000020087b0       0x30 build/us_n64/bin/segment2.o
                0x00000000020087b0                dl_billboard_num_B
 .data.dl_billboard_num_A
                0x00000000020087e0       0x30 build/us_n64/bin/segment2.o
                0x00000000020087e0                dl_billboard_num_A
 .data.dl_billboard_num_9
                0x0000000002008810       0x30 build/us_n64/bin/segment2.o
                0x0000000002008810                dl_billboard_num_9
 .data.dl_billboard_num_8
                0x0000000002008840       0x30 build/us_n64/bin/segment2.o
                0x0000000002008840                dl_billboard_num_8
 .data.dl_billboard_num_7
                0x0000000002008870       0x30 build/us_n64/bin/segment2.o
                0x0000000002008870                dl_billboard_num_7
 .data.dl_billboard_num_6
                0x00000000020088a0       0x30 build/us_n64/bin/segment2.o
                0x00000000020088a0                dl_billboard_num_6
 .data.dl_billboard_num_5
                0x00000000020088d0       0x30 build/us_n64/bin/segment2.o
                0x00000000020088d0                dl_billboard_num_5
 .data.dl_billboard_num_4
                0x0000000002008900       0x30 build/us_n64/bin/segment2.o
                0x0000000002008900                dl_billboard_num_4
 .data.dl_billboard_num_3
                0x0000000002008930       0x30 build/us_n64/bin/segment2.o
                0x0000000002008930                dl_billboard_num_3
 .data.dl_billboard_num_2
                0x0000000002008960       0x30 build/us_n64/bin/segment2.o
                0x0000000002008960                dl_billboard_num_2
 .data.dl_billboard_num_1
                0x0000000002008990       0x30 build/us_n64/bin/segment2.o
                0x0000000002008990                dl_billboard_num_1
 .data.dl_billboard_num_0
                0x00000000020089c0       0x30 build/us_n64/bin/segment2.o
                0x00000000020089c0                dl_billboard_num_0
 .data.dl_billboard_num_end
                0x00000000020089f0       0x38 build/us_n64/bin/segment2.o
                0x00000000020089f0                dl_billboard_num_end
 .data.dl_billboard_num_begin
                0x0000000002008a28       0x48 build/us_n64/bin/segment2.o
                0x0000000002008a28                dl_billboard_num_begin
 .data.vertex_billboard_num
                0x0000000002008a70       0x40 build/us_n64/bin/segment2.o
 .data.dl_draw_triangle
                0x0000000002008ab0       0x58 build/us_n64/bin/segment2.o
                0x0000000002008ab0                dl_draw_triangle
 .data.vertex_triangle
                0x0000000002008b08       0x30 build/us_n64/bin/segment2.o
 .data.dl_ia_text_end
                0x0000000002008b38       0x40 build/us_n64/bin/segment2.o
                0x0000000002008b38                dl_ia_text_end
 .data.dl_ia_text_tex_settings
                0x0000000002008b78       0x40 build/us_n64/bin/segment2.o
                0x0000000002008b78                dl_ia_text_tex_settings
 .data.dl_ia_text_begin
                0x0000000002008bb8       0x40 build/us_n64/bin/segment2.o
                0x0000000002008bb8                dl_ia_text_begin
 .data.vertex_ia8_char
                0x0000000002008bf8       0x40 build/us_n64/bin/segment2.o
 .data.dl_draw_text_bg_box
                0x0000000002008c38       0x38 build/us_n64/bin/segment2.o
                0x0000000002008c38                dl_draw_text_bg_box
 .data.vertex_text_bg_box
                0x0000000002008c70       0x40 build/us_n64/bin/segment2.o
 .data.dl_shade_screen_end
                0x0000000002008cb0       0x28 build/us_n64/bin/segment2.o
                0x0000000002008cb0                dl_shade_screen_end
 .data.dl_shade_screen_begin
                0x0000000002008cd8       0x30 build/us_n64/bin/segment2.o
                0x0000000002008cd8                dl_shade_screen_begin
 .data.dl_rgba16_text_end
                0x0000000002008d08       0x40 build/us_n64/bin/segment2.o
                0x0000000002008d08                dl_rgba16_text_end
 .data.dl_rgba16_load_tex_block
                0x0000000002008d48       0x30 build/us_n64/bin/segment2.o
                0x0000000002008d48                dl_rgba16_load_tex_block
 .data.dl_rgba16_text_begin
                0x0000000002008d78       0x38 build/us_n64/bin/segment2.o
                0x0000000002008d78                dl_rgba16_text_begin
 .data.dl_hud_img_end
                0x0000000002008db0       0x38 build/us_n64/bin/segment2.o
                0x0000000002008db0                dl_hud_img_end
 .data.dl_hud_img_load_tex_block
                0x0000000002008de8       0x30 build/us_n64/bin/segment2.o
                0x0000000002008de8                dl_hud_img_load_tex_block
 .data.dl_hud_img_begin
                0x0000000002008e18       0x40 build/us_n64/bin/segment2.o
                0x0000000002008e18                dl_hud_img_begin
 .data.seg2_act_name_table
                0x0000000002008e58      0x188 build/us_n64/bin/segment2.o
                0x0000000002008e58                seg2_act_name_table
 .data.extra_text_6
                0x0000000002008fe0        0x4 build/us_n64/bin/segment2.o
 .data.extra_text_5
                0x0000000002008fe4        0x4 build/us_n64/bin/segment2.o
 .data.extra_text_4
                0x0000000002008fe8        0x4 build/us_n64/bin/segment2.o
 .data.extra_text_3
                0x0000000002008fec        0x4 build/us_n64/bin/segment2.o
 .data.extra_text_2
                0x0000000002008ff0        0x4 build/us_n64/bin/segment2.o
 .data.extra_text_1
                0x0000000002008ff4        0x4 build/us_n64/bin/segment2.o
 .data.extra_text_0
                0x0000000002008ff8       0x24 build/us_n64/bin/segment2.o
 .data.act_name_COURSE_RR_6
                0x000000000200901c       0x1c build/us_n64/bin/segment2.o
 .data.act_name_COURSE_RR_5
                0x0000000002009038       0x14 build/us_n64/bin/segment2.o
 .data.act_name_COURSE_RR_4
                0x000000000200904c       0x18 build/us_n64/bin/segment2.o
 .data.act_name_COURSE_RR_3
                0x0000000002009064       0x18 build/us_n64/bin/segment2.o
 .data.act_name_COURSE_RR_2
                0x000000000200907c       0x1c build/us_n64/bin/segment2.o
 .data.act_name_COURSE_RR_1
                0x0000000002009098       0x20 build/us_n64/bin/segment2.o
 .data.act_name_COURSE_TTC_6
                0x00000000020090b8       0x18 build/us_n64/bin/segment2.o
 .data.act_name_COURSE_TTC_5
                0x00000000020090d0       0x1c build/us_n64/bin/segment2.o
 .data.act_name_COURSE_TTC_4
                0x00000000020090ec       0x14 build/us_n64/bin/segment2.o
 .data.act_name_COURSE_TTC_3
                0x0000000002009100        0xc build/us_n64/bin/segment2.o
 .data.act_name_COURSE_TTC_2
                0x000000000200910c       0x1c build/us_n64/bin/segment2.o
 .data.act_name_COURSE_TTC_1
                0x0000000002009128       0x14 build/us_n64/bin/segment2.o
 .data.act_name_COURSE_THI_6
                0x000000000200913c       0x14 build/us_n64/bin/segment2.o
 .data.act_name_COURSE_THI_5
                0x0000000002009150       0x14 build/us_n64/bin/segment2.o
 .data.act_name_COURSE_THI_4
                0x0000000002009164       0x18 build/us_n64/bin/segment2.o
 .data.act_name_COURSE_THI_3
                0x000000000200917c       0x20 build/us_n64/bin/segment2.o
 .data.act_name_COURSE_THI_2
                0x000000000200919c       0x20 build/us_n64/bin/segment2.o
 .data.act_name_COURSE_THI_1
                0x00000000020091bc       0x1c build/us_n64/bin/segment2.o
 .data.act_name_COURSE_TTM_6
                0x00000000020091d8       0x20 build/us_n64/bin/segment2.o
 .data.act_name_COURSE_TTM_5
                0x00000000020091f8       0x20 build/us_n64/bin/segment2.o
 .data.act_name_COURSE_TTM_4
                0x0000000002009218       0x18 build/us_n64/bin/segment2.o
 .data.act_name_COURSE_TTM_3
                0x0000000002009230       0x1c build/us_n64/bin/segment2.o
 .data.act_name_COURSE_TTM_2
                0x000000000200924c       0x1c build/us_n64/bin/segment2.o
 .data.act_name_COURSE_TTM_1
                0x0000000002009268       0x14 build/us_n64/bin/segment2.o
 .data.act_name_COURSE_WDW_6
                0x000000000200927c       0x20 build/us_n64/bin/segment2.o
 .data.act_name_COURSE_WDW_5
                0x000000000200929c       0x1c build/us_n64/bin/segment2.o
 .data.act_name_COURSE_WDW_4
                0x00000000020092b8       0x1c build/us_n64/bin/segment2.o
 .data.act_name_COURSE_WDW_3
                0x00000000020092d4       0x20 build/us_n64/bin/segment2.o
 .data.act_name_COURSE_WDW_2
                0x00000000020092f4       0x10 build/us_n64/bin/segment2.o
 .data.act_name_COURSE_WDW_1
                0x0000000002009304       0x18 build/us_n64/bin/segment2.o
 .data.act_name_COURSE_SL_6
                0x000000000200931c       0x10 build/us_n64/bin/segment2.o
 .data.act_name_COURSE_SL_5
                0x000000000200932c       0x20 build/us_n64/bin/segment2.o
 .data.act_name_COURSE_SL_4
                0x000000000200934c       0x20 build/us_n64/bin/segment2.o
 .data.act_name_COURSE_SL_3
                0x000000000200936c       0x14 build/us_n64/bin/segment2.o
 .data.act_name_COURSE_SL_2
                0x0000000002009380       0x18 build/us_n64/bin/segment2.o
 .data.act_name_COURSE_SL_1
                0x0000000002009398       0x14 build/us_n64/bin/segment2.o
 .data.act_name_COURSE_DDD_6
                0x00000000020093ac       0x14 build/us_n64/bin/segment2.o
 .data.act_name_COURSE_DDD_5
                0x00000000020093c0       0x18 build/us_n64/bin/segment2.o
 .data.act_name_COURSE_DDD_4
                0x00000000020093d8       0x18 build/us_n64/bin/segment2.o
 .data.act_name_COURSE_DDD_3
                0x00000000020093f0       0x1c build/us_n64/bin/segment2.o
 .data.act_name_COURSE_DDD_2
                0x000000000200940c       0x18 build/us_n64/bin/segment2.o
 .data.act_name_COURSE_DDD_1
                0x0000000002009424       0x14 build/us_n64/bin/segment2.o
 .data.act_name_COURSE_SSL_6
                0x0000000002009438       0x10 build/us_n64/bin/segment2.o
 .data.act_name_COURSE_SSL_5
                0x0000000002009448       0x1c build/us_n64/bin/segment2.o
 .data.act_name_COURSE_SSL_4
                0x0000000002009464       0x20 build/us_n64/bin/segment2.o
 .data.act_name_COURSE_SSL_3
                0x0000000002009484       0x1c build/us_n64/bin/segment2.o
 .data.act_name_COURSE_SSL_2
                0x00000000020094a0       0x1c build/us_n64/bin/segment2.o
 .data.act_name_COURSE_SSL_1
                0x00000000020094bc       0x20 build/us_n64/bin/segment2.o
 .data.act_name_COURSE_LLL_6
                0x00000000020094dc       0x20 build/us_n64/bin/segment2.o
 .data.act_name_COURSE_LLL_5
                0x00000000020094fc       0x20 build/us_n64/bin/segment2.o
 .data.act_name_COURSE_LLL_4
                0x000000000200951c       0x14 build/us_n64/bin/segment2.o
 .data.act_name_COURSE_LLL_3
                0x0000000002009530       0x20 build/us_n64/bin/segment2.o
 .data.act_name_COURSE_LLL_2
                0x0000000002009550       0x14 build/us_n64/bin/segment2.o
 .data.act_name_COURSE_LLL_1
                0x0000000002009564       0x14 build/us_n64/bin/segment2.o
 .data.act_name_COURSE_HMC_6
                0x0000000002009578       0x18 build/us_n64/bin/segment2.o
 .data.act_name_COURSE_HMC_5
                0x0000000002009590       0x1c build/us_n64/bin/segment2.o
 .data.act_name_COURSE_HMC_4
                0x00000000020095ac       0x1c build/us_n64/bin/segment2.o
 .data.act_name_COURSE_HMC_3
                0x00000000020095c8       0x1c build/us_n64/bin/segment2.o
 .data.act_name_COURSE_HMC_2
                0x00000000020095e4       0x18 build/us_n64/bin/segment2.o
 .data.act_name_COURSE_HMC_1
                0x00000000020095fc       0x20 build/us_n64/bin/segment2.o
 .data.act_name_COURSE_BBH_6
                0x000000000200961c       0x20 build/us_n64/bin/segment2.o
 .data.act_name_COURSE_BBH_5
                0x000000000200963c       0x14 build/us_n64/bin/segment2.o
 .data.act_name_COURSE_BBH_4
                0x0000000002009650       0x18 build/us_n64/bin/segment2.o
 .data.act_name_COURSE_BBH_3
                0x0000000002009668       0x1c build/us_n64/bin/segment2.o
 .data.act_name_COURSE_BBH_2
                0x0000000002009684       0x20 build/us_n64/bin/segment2.o
 .data.act_name_COURSE_BBH_1
                0x00000000020096a4       0x14 build/us_n64/bin/segment2.o
 .data.act_name_COURSE_CCM_6
                0x00000000020096b8       0x18 build/us_n64/bin/segment2.o
 .data.act_name_COURSE_CCM_5
                0x00000000020096d0       0x18 build/us_n64/bin/segment2.o
 .data.act_name_COURSE_CCM_4
                0x00000000020096e8       0x20 build/us_n64/bin/segment2.o
 .data.act_name_COURSE_CCM_3
                0x0000000002009708       0x14 build/us_n64/bin/segment2.o
 .data.act_name_COURSE_CCM_2
                0x000000000200971c       0x14 build/us_n64/bin/segment2.o
 .data.act_name_COURSE_CCM_1
                0x0000000002009730       0x14 build/us_n64/bin/segment2.o
 .data.act_name_COURSE_JRB_6
                0x0000000002009744       0x18 build/us_n64/bin/segment2.o
 .data.act_name_COURSE_JRB_5
                0x000000000200975c       0x1c build/us_n64/bin/segment2.o
 .data.act_name_COURSE_JRB_4
                0x0000000002009778       0x20 build/us_n64/bin/segment2.o
 .data.act_name_COURSE_JRB_3
                0x0000000002009798       0x1c build/us_n64/bin/segment2.o
 .data.act_name_COURSE_JRB_2
                0x00000000020097b4       0x20 build/us_n64/bin/segment2.o
 .data.act_name_COURSE_JRB_1
                0x00000000020097d4       0x1c build/us_n64/bin/segment2.o
 .data.act_name_COURSE_WF_6
                0x00000000020097f0       0x14 build/us_n64/bin/segment2.o
 .data.act_name_COURSE_WF_5
                0x0000000002009804       0x1c build/us_n64/bin/segment2.o
 .data.act_name_COURSE_WF_4
                0x0000000002009820       0x20 build/us_n64/bin/segment2.o
 .data.act_name_COURSE_WF_3
                0x0000000002009840       0x1c build/us_n64/bin/segment2.o
 .data.act_name_COURSE_WF_2
                0x000000000200985c       0x1c build/us_n64/bin/segment2.o
 .data.act_name_COURSE_WF_1
                0x0000000002009878       0x18 build/us_n64/bin/segment2.o
 .data.act_name_COURSE_BOB_6
                0x0000000002009890       0x1c build/us_n64/bin/segment2.o
 .data.act_name_COURSE_BOB_5
                0x00000000020098ac       0x18 build/us_n64/bin/segment2.o
 .data.act_name_COURSE_BOB_4
                0x00000000020098c4       0x18 build/us_n64/bin/segment2.o
 .data.act_name_COURSE_BOB_3
                0x00000000020098dc       0x20 build/us_n64/bin/segment2.o
 .data.act_name_COURSE_BOB_2
                0x00000000020098fc       0x20 build/us_n64/bin/segment2.o
 .data.act_name_COURSE_BOB_1
                0x000000000200991c       0x1c build/us_n64/bin/segment2.o
 .data.seg2_course_name_table
                0x0000000002009938       0x6c build/us_n64/bin/segment2.o
                0x0000000002009938                seg2_course_name_table
 .data.seg2_course_name_table_castle_secret_stars
                0x00000000020099a4       0x18 build/us_n64/bin/segment2.o
 .data.seg2_course_name_table_COURSE_CAKE_END
                0x00000000020099bc        0x4 build/us_n64/bin/segment2.o
 .data.seg2_course_name_table_COURSE_SA
                0x00000000020099c0       0x18 build/us_n64/bin/segment2.o
 .data.seg2_course_name_table_COURSE_WMOTR
                0x00000000020099d8       0x20 build/us_n64/bin/segment2.o
 .data.seg2_course_name_table_COURSE_VCUTM
                0x00000000020099f8       0x20 build/us_n64/bin/segment2.o
 .data.seg2_course_name_table_COURSE_TOTWC
                0x0000000002009a18       0x1c build/us_n64/bin/segment2.o
 .data.seg2_course_name_table_COURSE_COTMC
                0x0000000002009a34       0x1c build/us_n64/bin/segment2.o
 .data.seg2_course_name_table_COURSE_PSS
                0x0000000002009a50       0x20 build/us_n64/bin/segment2.o
 .data.seg2_course_name_table_COURSE_BITS
                0x0000000002009a70       0x18 build/us_n64/bin/segment2.o
 .data.seg2_course_name_table_COURSE_BITFS
                0x0000000002009a88       0x1c build/us_n64/bin/segment2.o
 .data.seg2_course_name_table_COURSE_BITDW
                0x0000000002009aa4       0x1c build/us_n64/bin/segment2.o
 .data.seg2_course_name_table_COURSE_RR
                0x0000000002009ac0       0x10 build/us_n64/bin/segment2.o
 .data.seg2_course_name_table_COURSE_TTC
                0x0000000002009ad0       0x14 build/us_n64/bin/segment2.o
 .data.seg2_course_name_table_COURSE_THI
                0x0000000002009ae4       0x14 build/us_n64/bin/segment2.o
 .data.seg2_course_name_table_COURSE_TTM
                0x0000000002009af8       0x18 build/us_n64/bin/segment2.o
 .data.seg2_course_name_table_COURSE_WDW
                0x0000000002009b10       0x14 build/us_n64/bin/segment2.o
 .data.seg2_course_name_table_COURSE_SL
                0x0000000002009b24       0x14 build/us_n64/bin/segment2.o
 .data.seg2_course_name_table_COURSE_DDD
                0x0000000002009b38       0x14 build/us_n64/bin/segment2.o
 .data.seg2_course_name_table_COURSE_SSL
                0x0000000002009b4c       0x18 build/us_n64/bin/segment2.o
 .data.seg2_course_name_table_COURSE_LLL
                0x0000000002009b64       0x14 build/us_n64/bin/segment2.o
 .data.seg2_course_name_table_COURSE_HMC
                0x0000000002009b78       0x14 build/us_n64/bin/segment2.o
 .data.seg2_course_name_table_COURSE_BBH
                0x0000000002009b8c       0x14 build/us_n64/bin/segment2.o
 .data.seg2_course_name_table_COURSE_CCM
                0x0000000002009ba0       0x18 build/us_n64/bin/segment2.o
 .data.seg2_course_name_table_COURSE_JRB
                0x0000000002009bb8       0x14 build/us_n64/bin/segment2.o
 .data.seg2_course_name_table_COURSE_WF
                0x0000000002009bcc       0x14 build/us_n64/bin/segment2.o
 .data.seg2_course_name_table_COURSE_BOB
                0x0000000002009be0       0x18 build/us_n64/bin/segment2.o
 .data.seg2_dialog_table
                0x0000000002009bf8      0x2ac build/us_n64/bin/segment2.o
                0x0000000002009bf8                seg2_dialog_table
 .data.dialog_entry_DIALOG_169
                0x0000000002009ea4       0x10 build/us_n64/bin/segment2.o
 .data.dialog_entry_DIALOG_168
                0x0000000002009eb4       0x10 build/us_n64/bin/segment2.o
 .data.dialog_entry_DIALOG_167
                0x0000000002009ec4       0x10 build/us_n64/bin/segment2.o
 .data.dialog_entry_DIALOG_166
                0x0000000002009ed4       0x10 build/us_n64/bin/segment2.o
 .data.dialog_entry_DIALOG_165
                0x0000000002009ee4       0x10 build/us_n64/bin/segment2.o
 .data.dialog_entry_DIALOG_164
                0x0000000002009ef4       0x10 build/us_n64/bin/segment2.o
 .data.dialog_entry_DIALOG_163
                0x0000000002009f04       0x10 build/us_n64/bin/segment2.o
 .data.dialog_entry_DIALOG_162
                0x0000000002009f14       0x10 build/us_n64/bin/segment2.o
 .data.dialog_entry_DIALOG_161
                0x0000000002009f24       0x10 build/us_n64/bin/segment2.o
 .data.dialog_entry_DIALOG_160
                0x0000000002009f34       0x10 build/us_n64/bin/segment2.o
 .data.dialog_entry_DIALOG_159
                0x0000000002009f44       0x10 build/us_n64/bin/segment2.o
 .data.dialog_entry_DIALOG_158
                0x0000000002009f54       0x10 build/us_n64/bin/segment2.o
 .data.dialog_entry_DIALOG_157
                0x0000000002009f64       0x10 build/us_n64/bin/segment2.o
 .data.dialog_entry_DIALOG_156
                0x0000000002009f74       0x10 build/us_n64/bin/segment2.o
 .data.dialog_entry_DIALOG_155
                0x0000000002009f84       0x10 build/us_n64/bin/segment2.o
 .data.dialog_entry_DIALOG_154
                0x0000000002009f94       0x10 build/us_n64/bin/segment2.o
 .data.dialog_entry_DIALOG_153
                0x0000000002009fa4       0x10 build/us_n64/bin/segment2.o
 .data.dialog_entry_DIALOG_152
                0x0000000002009fb4       0x10 build/us_n64/bin/segment2.o
 .data.dialog_entry_DIALOG_151
                0x0000000002009fc4       0x10 build/us_n64/bin/segment2.o
 .data.dialog_entry_DIALOG_150
                0x0000000002009fd4       0x10 build/us_n64/bin/segment2.o
 .data.dialog_entry_DIALOG_149
                0x0000000002009fe4       0x10 build/us_n64/bin/segment2.o
 .data.dialog_entry_DIALOG_148
                0x0000000002009ff4       0x10 build/us_n64/bin/segment2.o
 .data.dialog_entry_DIALOG_147
                0x000000000200a004       0x10 build/us_n64/bin/segment2.o
 .data.dialog_entry_DIALOG_146
                0x000000000200a014       0x10 build/us_n64/bin/segment2.o
 .data.dialog_entry_DIALOG_145
                0x000000000200a024       0x10 build/us_n64/bin/segment2.o
 .data.dialog_entry_DIALOG_144
                0x000000000200a034       0x10 build/us_n64/bin/segment2.o
 .data.dialog_entry_DIALOG_143
                0x000000000200a044       0x10 build/us_n64/bin/segment2.o
 .data.dialog_entry_DIALOG_142
                0x000000000200a054       0x10 build/us_n64/bin/segment2.o
 .data.dialog_entry_DIALOG_141
                0x000000000200a064       0x10 build/us_n64/bin/segment2.o
 .data.dialog_entry_DIALOG_140
                0x000000000200a074       0x10 build/us_n64/bin/segment2.o
 .data.dialog_entry_DIALOG_139
                0x000000000200a084       0x10 build/us_n64/bin/segment2.o
 .data.dialog_entry_DIALOG_138
                0x000000000200a094       0x10 build/us_n64/bin/segment2.o
 .data.dialog_entry_DIALOG_137
                0x000000000200a0a4       0x10 build/us_n64/bin/segment2.o
 .data.dialog_entry_DIALOG_136
                0x000000000200a0b4       0x10 build/us_n64/bin/segment2.o
 .data.dialog_entry_DIALOG_135
                0x000000000200a0c4       0x10 build/us_n64/bin/segment2.o
 .data.dialog_entry_DIALOG_134
                0x000000000200a0d4       0x10 build/us_n64/bin/segment2.o
 .data.dialog_entry_DIALOG_133
                0x000000000200a0e4       0x10 build/us_n64/bin/segment2.o
 .data.dialog_entry_DIALOG_132
                0x000000000200a0f4       0x10 build/us_n64/bin/segment2.o
 .data.dialog_entry_DIALOG_131
                0x000000000200a104       0x10 build/us_n64/bin/segment2.o
 .data.dialog_entry_DIALOG_130
                0x000000000200a114       0x10 build/us_n64/bin/segment2.o
 .data.dialog_entry_DIALOG_129
                0x000000000200a124       0x10 build/us_n64/bin/segment2.o
 .data.dialog_entry_DIALOG_128
                0x000000000200a134       0x10 build/us_n64/bin/segment2.o
 .data.dialog_entry_DIALOG_127
                0x000000000200a144       0x10 build/us_n64/bin/segment2.o
 .data.dialog_entry_DIALOG_126
                0x000000000200a154       0x10 build/us_n64/bin/segment2.o
 .data.dialog_entry_DIALOG_125
                0x000000000200a164       0x10 build/us_n64/bin/segment2.o
 .data.dialog_entry_DIALOG_124
                0x000000000200a174       0x10 build/us_n64/bin/segment2.o
 .data.dialog_entry_DIALOG_123
                0x000000000200a184       0x10 build/us_n64/bin/segment2.o
 .data.dialog_entry_DIALOG_122
                0x000000000200a194       0x10 build/us_n64/bin/segment2.o
 .data.dialog_entry_DIALOG_121
                0x000000000200a1a4       0x10 build/us_n64/bin/segment2.o
 .data.dialog_entry_DIALOG_120
                0x000000000200a1b4       0x10 build/us_n64/bin/segment2.o
 .data.dialog_entry_DIALOG_119
                0x000000000200a1c4       0x10 build/us_n64/bin/segment2.o
 .data.dialog_entry_DIALOG_118
                0x000000000200a1d4       0x10 build/us_n64/bin/segment2.o
 .data.dialog_entry_DIALOG_117
                0x000000000200a1e4       0x10 build/us_n64/bin/segment2.o
 .data.dialog_entry_DIALOG_116
                0x000000000200a1f4       0x10 build/us_n64/bin/segment2.o
 .data.dialog_entry_DIALOG_115
                0x000000000200a204       0x10 build/us_n64/bin/segment2.o
 .data.dialog_entry_DIALOG_114
                0x000000000200a214       0x10 build/us_n64/bin/segment2.o
 .data.dialog_entry_DIALOG_113
                0x000000000200a224       0x10 build/us_n64/bin/segment2.o
 .data.dialog_entry_DIALOG_112
                0x000000000200a234       0x10 build/us_n64/bin/segment2.o
 .data.dialog_entry_DIALOG_111
                0x000000000200a244       0x10 build/us_n64/bin/segment2.o
 .data.dialog_entry_DIALOG_110
                0x000000000200a254       0x10 build/us_n64/bin/segment2.o
 .data.dialog_entry_DIALOG_109
                0x000000000200a264       0x10 build/us_n64/bin/segment2.o
 .data.dialog_entry_DIALOG_108
                0x000000000200a274       0x10 build/us_n64/bin/segment2.o
 .data.dialog_entry_DIALOG_107
                0x000000000200a284       0x10 build/us_n64/bin/segment2.o
 .data.dialog_entry_DIALOG_106
                0x000000000200a294       0x10 build/us_n64/bin/segment2.o
 .data.dialog_entry_DIALOG_105
                0x000000000200a2a4       0x10 build/us_n64/bin/segment2.o
 .data.dialog_entry_DIALOG_104
                0x000000000200a2b4       0x10 build/us_n64/bin/segment2.o
 .data.dialog_entry_DIALOG_103
                0x000000000200a2c4       0x10 build/us_n64/bin/segment2.o
 .data.dialog_entry_DIALOG_102
                0x000000000200a2d4       0x10 build/us_n64/bin/segment2.o
 .data.dialog_entry_DIALOG_101
                0x000000000200a2e4       0x10 build/us_n64/bin/segment2.o
 .data.dialog_entry_DIALOG_100
                0x000000000200a2f4       0x10 build/us_n64/bin/segment2.o
 .data.dialog_entry_DIALOG_099
                0x000000000200a304       0x10 build/us_n64/bin/segment2.o
 .data.dialog_entry_DIALOG_098
                0x000000000200a314       0x10 build/us_n64/bin/segment2.o
 .data.dialog_entry_DIALOG_097
                0x000000000200a324       0x10 build/us_n64/bin/segment2.o
 .data.dialog_entry_DIALOG_096
                0x000000000200a334       0x10 build/us_n64/bin/segment2.o
 .data.dialog_entry_DIALOG_095
                0x000000000200a344       0x10 build/us_n64/bin/segment2.o
 .data.dialog_entry_DIALOG_094
                0x000000000200a354       0x10 build/us_n64/bin/segment2.o
 .data.dialog_entry_DIALOG_093
                0x000000000200a364       0x10 build/us_n64/bin/segment2.o
 .data.dialog_entry_DIALOG_092
                0x000000000200a374       0x10 build/us_n64/bin/segment2.o
 .data.dialog_entry_DIALOG_091
                0x000000000200a384       0x10 build/us_n64/bin/segment2.o
 .data.dialog_entry_DIALOG_090
                0x000000000200a394       0x10 build/us_n64/bin/segment2.o
 .data.dialog_entry_DIALOG_089
                0x000000000200a3a4       0x10 build/us_n64/bin/segment2.o
 .data.dialog_entry_DIALOG_088
                0x000000000200a3b4       0x10 build/us_n64/bin/segment2.o
 .data.dialog_entry_DIALOG_087
                0x000000000200a3c4       0x10 build/us_n64/bin/segment2.o
 .data.dialog_entry_DIALOG_086
                0x000000000200a3d4       0x10 build/us_n64/bin/segment2.o
 .data.dialog_entry_DIALOG_085
                0x000000000200a3e4       0x10 build/us_n64/bin/segment2.o
 .data.dialog_entry_DIALOG_084
                0x000000000200a3f4       0x10 build/us_n64/bin/segment2.o
 .data.dialog_entry_DIALOG_083
                0x000000000200a404       0x10 build/us_n64/bin/segment2.o
 .data.dialog_entry_DIALOG_082
                0x000000000200a414       0x10 build/us_n64/bin/segment2.o
 .data.dialog_entry_DIALOG_081
                0x000000000200a424       0x10 build/us_n64/bin/segment2.o
 .data.dialog_entry_DIALOG_080
                0x000000000200a434       0x10 build/us_n64/bin/segment2.o
 .data.dialog_entry_DIALOG_079
                0x000000000200a444       0x10 build/us_n64/bin/segment2.o
 .data.dialog_entry_DIALOG_078
                0x000000000200a454       0x10 build/us_n64/bin/segment2.o
 .data.dialog_entry_DIALOG_077
                0x000000000200a464       0x10 build/us_n64/bin/segment2.o
 .data.dialog_entry_DIALOG_076
                0x000000000200a474       0x10 build/us_n64/bin/segment2.o
 .data.dialog_entry_DIALOG_075
                0x000000000200a484       0x10 build/us_n64/bin/segment2.o
 .data.dialog_entry_DIALOG_074
                0x000000000200a494       0x10 build/us_n64/bin/segment2.o
 .data.dialog_entry_DIALOG_073
                0x000000000200a4a4       0x10 build/us_n64/bin/segment2.o
 .data.dialog_entry_DIALOG_072
                0x000000000200a4b4       0x10 build/us_n64/bin/segment2.o
 .data.dialog_entry_DIALOG_071
                0x000000000200a4c4       0x10 build/us_n64/bin/segment2.o
 .data.dialog_entry_DIALOG_070
                0x000000000200a4d4       0x10 build/us_n64/bin/segment2.o
 .data.dialog_entry_DIALOG_069
                0x000000000200a4e4       0x10 build/us_n64/bin/segment2.o
 .data.dialog_entry_DIALOG_068
                0x000000000200a4f4       0x10 build/us_n64/bin/segment2.o
 .data.dialog_entry_DIALOG_067
                0x000000000200a504       0x10 build/us_n64/bin/segment2.o
 .data.dialog_entry_DIALOG_066
                0x000000000200a514       0x10 build/us_n64/bin/segment2.o
 .data.dialog_entry_DIALOG_065
                0x000000000200a524       0x10 build/us_n64/bin/segment2.o
 .data.dialog_entry_DIALOG_064
                0x000000000200a534       0x10 build/us_n64/bin/segment2.o
 .data.dialog_entry_DIALOG_063
                0x000000000200a544       0x10 build/us_n64/bin/segment2.o
 .data.dialog_entry_DIALOG_062
                0x000000000200a554       0x10 build/us_n64/bin/segment2.o
 .data.dialog_entry_DIALOG_061
                0x000000000200a564       0x10 build/us_n64/bin/segment2.o
 .data.dialog_entry_DIALOG_060
                0x000000000200a574       0x10 build/us_n64/bin/segment2.o
 .data.dialog_entry_DIALOG_059
                0x000000000200a584       0x10 build/us_n64/bin/segment2.o
 .data.dialog_entry_DIALOG_058
                0x000000000200a594       0x10 build/us_n64/bin/segment2.o
 .data.dialog_entry_DIALOG_057
                0x000000000200a5a4       0x10 build/us_n64/bin/segment2.o
 .data.dialog_entry_DIALOG_056
                0x000000000200a5b4       0x10 build/us_n64/bin/segment2.o
 .data.dialog_entry_DIALOG_055
                0x000000000200a5c4       0x10 build/us_n64/bin/segment2.o
 .data.dialog_entry_DIALOG_054
                0x000000000200a5d4       0x10 build/us_n64/bin/segment2.o
 .data.dialog_entry_DIALOG_053
                0x000000000200a5e4       0x10 build/us_n64/bin/segment2.o
 .data.dialog_entry_DIALOG_052
                0x000000000200a5f4       0x10 build/us_n64/bin/segment2.o
 .data.dialog_entry_DIALOG_051
                0x000000000200a604       0x10 build/us_n64/bin/segment2.o
 .data.dialog_entry_DIALOG_050
                0x000000000200a614       0x10 build/us_n64/bin/segment2.o
 .data.dialog_entry_DIALOG_049
                0x000000000200a624       0x10 build/us_n64/bin/segment2.o
 .data.dialog_entry_DIALOG_048
                0x000000000200a634       0x10 build/us_n64/bin/segment2.o
 .data.dialog_entry_DIALOG_047
                0x000000000200a644       0x10 build/us_n64/bin/segment2.o
 .data.dialog_entry_DIALOG_046
                0x000000000200a654       0x10 build/us_n64/bin/segment2.o
 .data.dialog_entry_DIALOG_045
                0x000000000200a664       0x10 build/us_n64/bin/segment2.o
 .data.dialog_entry_DIALOG_044
                0x000000000200a674       0x10 build/us_n64/bin/segment2.o
 .data.dialog_entry_DIALOG_043
                0x000000000200a684       0x10 build/us_n64/bin/segment2.o
 .data.dialog_entry_DIALOG_042
                0x000000000200a694       0x10 build/us_n64/bin/segment2.o
 .data.dialog_entry_DIALOG_041
                0x000000000200a6a4       0x10 build/us_n64/bin/segment2.o
 .data.dialog_entry_DIALOG_040
                0x000000000200a6b4       0x10 build/us_n64/bin/segment2.o
 .data.dialog_entry_DIALOG_039
                0x000000000200a6c4       0x10 build/us_n64/bin/segment2.o
 .data.dialog_entry_DIALOG_038
                0x000000000200a6d4       0x10 build/us_n64/bin/segment2.o
 .data.dialog_entry_DIALOG_037
                0x000000000200a6e4       0x10 build/us_n64/bin/segment2.o
 .data.dialog_entry_DIALOG_036
                0x000000000200a6f4       0x10 build/us_n64/bin/segment2.o
 .data.dialog_entry_DIALOG_035
                0x000000000200a704       0x10 build/us_n64/bin/segment2.o
 .data.dialog_entry_DIALOG_034
                0x000000000200a714       0x10 build/us_n64/bin/segment2.o
 .data.dialog_entry_DIALOG_033
                0x000000000200a724       0x10 build/us_n64/bin/segment2.o
 .data.dialog_entry_DIALOG_032
                0x000000000200a734       0x10 build/us_n64/bin/segment2.o
 .data.dialog_entry_DIALOG_031
                0x000000000200a744       0x10 build/us_n64/bin/segment2.o
 .data.dialog_entry_DIALOG_030
                0x000000000200a754       0x10 build/us_n64/bin/segment2.o
 .data.dialog_entry_DIALOG_029
                0x000000000200a764       0x10 build/us_n64/bin/segment2.o
 .data.dialog_entry_DIALOG_028
                0x000000000200a774       0x10 build/us_n64/bin/segment2.o
 .data.dialog_entry_DIALOG_027
                0x000000000200a784       0x10 build/us_n64/bin/segment2.o
 .data.dialog_entry_DIALOG_026
                0x000000000200a794       0x10 build/us_n64/bin/segment2.o
 .data.dialog_entry_DIALOG_025
                0x000000000200a7a4       0x10 build/us_n64/bin/segment2.o
 .data.dialog_entry_DIALOG_024
                0x000000000200a7b4       0x10 build/us_n64/bin/segment2.o
 .data.dialog_entry_DIALOG_023
                0x000000000200a7c4       0x10 build/us_n64/bin/segment2.o
 .data.dialog_entry_DIALOG_022
                0x000000000200a7d4       0x10 build/us_n64/bin/segment2.o
 .data.dialog_entry_DIALOG_021
                0x000000000200a7e4       0x10 build/us_n64/bin/segment2.o
 .data.dialog_entry_DIALOG_020
                0x000000000200a7f4       0x10 build/us_n64/bin/segment2.o
 .data.dialog_entry_DIALOG_019
                0x000000000200a804       0x10 build/us_n64/bin/segment2.o
 .data.dialog_entry_DIALOG_018
                0x000000000200a814       0x10 build/us_n64/bin/segment2.o
 .data.dialog_entry_DIALOG_017
                0x000000000200a824       0x10 build/us_n64/bin/segment2.o
 .data.dialog_entry_DIALOG_016
                0x000000000200a834       0x10 build/us_n64/bin/segment2.o
 .data.dialog_entry_DIALOG_015
                0x000000000200a844       0x10 build/us_n64/bin/segment2.o
 .data.dialog_entry_DIALOG_014
                0x000000000200a854       0x10 build/us_n64/bin/segment2.o
 .data.dialog_entry_DIALOG_013
                0x000000000200a864       0x10 build/us_n64/bin/segment2.o
 .data.dialog_entry_DIALOG_012
                0x000000000200a874       0x10 build/us_n64/bin/segment2.o
 .data.dialog_entry_DIALOG_011
                0x000000000200a884       0x10 build/us_n64/bin/segment2.o
 .data.dialog_entry_DIALOG_010
                0x000000000200a894       0x10 build/us_n64/bin/segment2.o
 .data.dialog_entry_DIALOG_009
                0x000000000200a8a4       0x10 build/us_n64/bin/segment2.o
 .data.dialog_entry_DIALOG_008
                0x000000000200a8b4       0x10 build/us_n64/bin/segment2.o
 .data.dialog_entry_DIALOG_007
                0x000000000200a8c4       0x10 build/us_n64/bin/segment2.o
 .data.dialog_entry_DIALOG_006
                0x000000000200a8d4       0x10 build/us_n64/bin/segment2.o
 .data.dialog_entry_DIALOG_005
                0x000000000200a8e4       0x10 build/us_n64/bin/segment2.o
 .data.dialog_entry_DIALOG_004
                0x000000000200a8f4       0x10 build/us_n64/bin/segment2.o
 .data.dialog_entry_DIALOG_003
                0x000000000200a904       0x10 build/us_n64/bin/segment2.o
 .data.dialog_entry_DIALOG_002
                0x000000000200a914       0x10 build/us_n64/bin/segment2.o
 .data.dialog_entry_DIALOG_001
                0x000000000200a924       0x10 build/us_n64/bin/segment2.o
 .data.dialog_entry_DIALOG_000
                0x000000000200a934       0x10 build/us_n64/bin/segment2.o
 .data.dialog_text_DIALOG_169
                0x000000000200a944       0x6c build/us_n64/bin/segment2.o
 .data.dialog_text_DIALOG_168
                0x000000000200a9b0       0x64 build/us_n64/bin/segment2.o
 .data.dialog_text_DIALOG_167
                0x000000000200aa14       0xac build/us_n64/bin/segment2.o
 .data.dialog_text_DIALOG_166
                0x000000000200aac0       0x50 build/us_n64/bin/segment2.o
 .data.dialog_text_DIALOG_165
                0x000000000200ab10       0x68 build/us_n64/bin/segment2.o
 .data.dialog_text_DIALOG_164
                0x000000000200ab78       0xd0 build/us_n64/bin/segment2.o
 .data.dialog_text_DIALOG_163
                0x000000000200ac48      0x19c build/us_n64/bin/segment2.o
 .data.dialog_text_DIALOG_162
                0x000000000200ade4       0xf4 build/us_n64/bin/segment2.o
 .data.dialog_text_DIALOG_161
                0x000000000200aed8      0x214 build/us_n64/bin/segment2.o
 .data.dialog_text_DIALOG_160
                0x000000000200b0ec       0x5c build/us_n64/bin/segment2.o
 .data.dialog_text_DIALOG_159
                0x000000000200b148       0x80 build/us_n64/bin/segment2.o
 .data.dialog_text_DIALOG_158
                0x000000000200b1c8      0x104 build/us_n64/bin/segment2.o
 .data.dialog_text_DIALOG_157
                0x000000000200b2cc       0xbc build/us_n64/bin/segment2.o
 .data.dialog_text_DIALOG_156
                0x000000000200b388       0x5c build/us_n64/bin/segment2.o
 .data.dialog_text_DIALOG_155
                0x000000000200b3e4      0x14c build/us_n64/bin/segment2.o
 .data.dialog_text_DIALOG_154
                0x000000000200b530      0x11c build/us_n64/bin/segment2.o
 .data.dialog_text_DIALOG_153
                0x000000000200b64c       0x84 build/us_n64/bin/segment2.o
 .data.dialog_text_DIALOG_152
                0x000000000200b6d0       0xf0 build/us_n64/bin/segment2.o
 .data.dialog_text_DIALOG_151
                0x000000000200b7c0       0x80 build/us_n64/bin/segment2.o
 .data.dialog_text_DIALOG_150
                0x000000000200b840      0x130 build/us_n64/bin/segment2.o
 .data.dialog_text_DIALOG_149
                0x000000000200b970       0xd0 build/us_n64/bin/segment2.o
 .data.dialog_text_DIALOG_148
                0x000000000200ba40       0xcc build/us_n64/bin/segment2.o
 .data.dialog_text_DIALOG_147
                0x000000000200bb0c      0x14c build/us_n64/bin/segment2.o
 .data.dialog_text_DIALOG_146
                0x000000000200bc58       0x88 build/us_n64/bin/segment2.o
 .data.dialog_text_DIALOG_145
                0x000000000200bce0      0x118 build/us_n64/bin/segment2.o
 .data.dialog_text_DIALOG_144
                0x000000000200bdf8      0x154 build/us_n64/bin/segment2.o
 .data.dialog_text_DIALOG_143
                0x000000000200bf4c       0x8c build/us_n64/bin/segment2.o
 .data.dialog_text_DIALOG_142
                0x000000000200bfd8       0xbc build/us_n64/bin/segment2.o
 .data.dialog_text_DIALOG_141
                0x000000000200c094      0x12c build/us_n64/bin/segment2.o
 .data.dialog_text_DIALOG_140
                0x000000000200c1c0       0x60 build/us_n64/bin/segment2.o
 .data.dialog_text_DIALOG_139
                0x000000000200c220       0x78 build/us_n64/bin/segment2.o
 .data.dialog_text_DIALOG_138
                0x000000000200c298       0x44 build/us_n64/bin/segment2.o
 .data.dialog_text_DIALOG_137
                0x000000000200c2dc       0xfc build/us_n64/bin/segment2.o
 .data.dialog_text_DIALOG_136
                0x000000000200c3d8      0x1f0 build/us_n64/bin/segment2.o
 .data.dialog_text_DIALOG_135
                0x000000000200c5c8      0x150 build/us_n64/bin/segment2.o
 .data.dialog_text_DIALOG_134
                0x000000000200c718      0x12c build/us_n64/bin/segment2.o
 .data.dialog_text_DIALOG_133
                0x000000000200c844      0x238 build/us_n64/bin/segment2.o
 .data.dialog_text_DIALOG_132
                0x000000000200ca7c       0x98 build/us_n64/bin/segment2.o
 .data.dialog_text_DIALOG_131
                0x000000000200cb14      0x168 build/us_n64/bin/segment2.o
 .data.dialog_text_DIALOG_130
                0x000000000200cc7c       0xb8 build/us_n64/bin/segment2.o
 .data.dialog_text_DIALOG_129
                0x000000000200cd34       0xec build/us_n64/bin/segment2.o
 .data.dialog_text_DIALOG_128
                0x000000000200ce20       0x58 build/us_n64/bin/segment2.o
 .data.dialog_text_DIALOG_127
                0x000000000200ce78       0xac build/us_n64/bin/segment2.o
 .data.dialog_text_DIALOG_126
                0x000000000200cf24       0x34 build/us_n64/bin/segment2.o
 .data.dialog_text_DIALOG_125
                0x000000000200cf58       0x30 build/us_n64/bin/segment2.o
 .data.dialog_text_DIALOG_124
                0x000000000200cf88       0x70 build/us_n64/bin/segment2.o
 .data.dialog_text_DIALOG_123
                0x000000000200cff8       0x38 build/us_n64/bin/segment2.o
 .data.dialog_text_DIALOG_122
                0x000000000200d030       0x4c build/us_n64/bin/segment2.o
 .data.dialog_text_DIALOG_121
                0x000000000200d07c      0x100 build/us_n64/bin/segment2.o
 .data.dialog_text_DIALOG_120
                0x000000000200d17c       0xfc build/us_n64/bin/segment2.o
 .data.dialog_text_DIALOG_119
                0x000000000200d278       0xfc build/us_n64/bin/segment2.o
 .data.dialog_text_DIALOG_118
                0x000000000200d374       0xa0 build/us_n64/bin/segment2.o
 .data.dialog_text_DIALOG_117
                0x000000000200d414       0xa4 build/us_n64/bin/segment2.o
 .data.dialog_text_DIALOG_116
                0x000000000200d4b8      0x168 build/us_n64/bin/segment2.o
 .data.dialog_text_DIALOG_115
                0x000000000200d620       0x74 build/us_n64/bin/segment2.o
 .data.dialog_text_DIALOG_114
                0x000000000200d694      0x110 build/us_n64/bin/segment2.o
 .data.dialog_text_DIALOG_113
                0x000000000200d7a4       0x7c build/us_n64/bin/segment2.o
 .data.dialog_text_DIALOG_112
                0x000000000200d820      0x10c build/us_n64/bin/segment2.o
 .data.dialog_text_DIALOG_111
                0x000000000200d92c       0x58 build/us_n64/bin/segment2.o
 .data.dialog_text_DIALOG_110
                0x000000000200d984       0x70 build/us_n64/bin/segment2.o
 .data.dialog_text_DIALOG_109
                0x000000000200d9f4       0xb8 build/us_n64/bin/segment2.o
 .data.dialog_text_DIALOG_108
                0x000000000200daac       0x5c build/us_n64/bin/segment2.o
 .data.dialog_text_DIALOG_107
                0x000000000200db08       0x50 build/us_n64/bin/segment2.o
 .data.dialog_text_DIALOG_106
                0x000000000200db58       0x30 build/us_n64/bin/segment2.o
 .data.dialog_text_DIALOG_105
                0x000000000200db88       0xe0 build/us_n64/bin/segment2.o
 .data.dialog_text_DIALOG_104
                0x000000000200dc68       0x6c build/us_n64/bin/segment2.o
 .data.dialog_text_DIALOG_103
                0x000000000200dcd4       0x4c build/us_n64/bin/segment2.o
 .data.dialog_text_DIALOG_102
                0x000000000200dd20       0xc8 build/us_n64/bin/segment2.o
 .data.dialog_text_DIALOG_101
                0x000000000200dde8       0xdc build/us_n64/bin/segment2.o
 .data.dialog_text_DIALOG_100
                0x000000000200dec4       0x48 build/us_n64/bin/segment2.o
 .data.dialog_text_DIALOG_099
                0x000000000200df0c       0x68 build/us_n64/bin/segment2.o
 .data.dialog_text_DIALOG_098
                0x000000000200df74       0x28 build/us_n64/bin/segment2.o
 .data.dialog_text_DIALOG_097
                0x000000000200df9c       0x78 build/us_n64/bin/segment2.o
 .data.dialog_text_DIALOG_096
                0x000000000200e014       0xb0 build/us_n64/bin/segment2.o
 .data.dialog_text_DIALOG_095
                0x000000000200e0c4       0xdc build/us_n64/bin/segment2.o
 .data.dialog_text_DIALOG_094
                0x000000000200e1a0       0x50 build/us_n64/bin/segment2.o
 .data.dialog_text_DIALOG_093
                0x000000000200e1f0       0xf0 build/us_n64/bin/segment2.o
 .data.dialog_text_DIALOG_092
                0x000000000200e2e0       0xb8 build/us_n64/bin/segment2.o
 .data.dialog_text_DIALOG_091
                0x000000000200e398       0x38 build/us_n64/bin/segment2.o
 .data.dialog_text_DIALOG_090
                0x000000000200e3d0       0x6c build/us_n64/bin/segment2.o
 .data.dialog_text_DIALOG_089
                0x000000000200e43c       0xfc build/us_n64/bin/segment2.o
 .data.dialog_text_DIALOG_088
                0x000000000200e538       0x5c build/us_n64/bin/segment2.o
 .data.dialog_text_DIALOG_087
                0x000000000200e594       0x58 build/us_n64/bin/segment2.o
 .data.dialog_text_DIALOG_086
                0x000000000200e5ec       0x40 build/us_n64/bin/segment2.o
 .data.dialog_text_DIALOG_085
                0x000000000200e62c       0x6c build/us_n64/bin/segment2.o
 .data.dialog_text_DIALOG_084
                0x000000000200e698       0xfc build/us_n64/bin/segment2.o
 .data.dialog_text_DIALOG_083
                0x000000000200e794       0x8c build/us_n64/bin/segment2.o
 .data.dialog_text_DIALOG_082
                0x000000000200e820      0x190 build/us_n64/bin/segment2.o
 .data.dialog_text_DIALOG_081
                0x000000000200e9b0       0x7c build/us_n64/bin/segment2.o
 .data.dialog_text_DIALOG_080
                0x000000000200ea2c       0x14 build/us_n64/bin/segment2.o
 .data.dialog_text_DIALOG_079
                0x000000000200ea40       0xc0 build/us_n64/bin/segment2.o
 .data.dialog_text_DIALOG_078
                0x000000000200eb00       0xc8 build/us_n64/bin/segment2.o
 .data.dialog_text_DIALOG_077
                0x000000000200ebc8       0x30 build/us_n64/bin/segment2.o
 .data.dialog_text_DIALOG_076
                0x000000000200ebf8      0x16c build/us_n64/bin/segment2.o
 .data.dialog_text_DIALOG_075
                0x000000000200ed64      0x210 build/us_n64/bin/segment2.o
 .data.dialog_text_DIALOG_074
                0x000000000200ef74      0x130 build/us_n64/bin/segment2.o
 .data.dialog_text_DIALOG_073
                0x000000000200f0a4       0xc0 build/us_n64/bin/segment2.o
 .data.dialog_text_DIALOG_072
                0x000000000200f164       0x64 build/us_n64/bin/segment2.o
 .data.dialog_text_DIALOG_071
                0x000000000200f1c8       0x94 build/us_n64/bin/segment2.o
 .data.dialog_text_DIALOG_070
                0x000000000200f25c      0x218 build/us_n64/bin/segment2.o
 .data.dialog_text_DIALOG_069
                0x000000000200f474       0x7c build/us_n64/bin/segment2.o
 .data.dialog_text_DIALOG_068
                0x000000000200f4f0       0xa8 build/us_n64/bin/segment2.o
 .data.dialog_text_DIALOG_067
                0x000000000200f598       0xc8 build/us_n64/bin/segment2.o
 .data.dialog_text_DIALOG_066
                0x000000000200f660      0x1fc build/us_n64/bin/segment2.o
 .data.dialog_text_DIALOG_065
                0x000000000200f85c      0x1e0 build/us_n64/bin/segment2.o
 .data.dialog_text_DIALOG_064
                0x000000000200fa3c       0xd0 build/us_n64/bin/segment2.o
 .data.dialog_text_DIALOG_063
                0x000000000200fb0c       0xb4 build/us_n64/bin/segment2.o
 .data.dialog_text_DIALOG_062
                0x000000000200fbc0       0xd0 build/us_n64/bin/segment2.o
 .data.dialog_text_DIALOG_061
                0x000000000200fc90       0x48 build/us_n64/bin/segment2.o
 .data.dialog_text_DIALOG_060
                0x000000000200fcd8      0x1d4 build/us_n64/bin/segment2.o
 .data.dialog_text_DIALOG_059
                0x000000000200feac       0x54 build/us_n64/bin/segment2.o
 .data.dialog_text_DIALOG_058
                0x000000000200ff00       0xa0 build/us_n64/bin/segment2.o
 .data.dialog_text_DIALOG_057
                0x000000000200ffa0       0xf0 build/us_n64/bin/segment2.o
 .data.dialog_text_DIALOG_056
                0x0000000002010090       0xc4 build/us_n64/bin/segment2.o
 .data.dialog_text_DIALOG_055
                0x0000000002010154       0xe8 build/us_n64/bin/segment2.o
 .data.dialog_text_DIALOG_054
                0x000000000201023c       0x6c build/us_n64/bin/segment2.o
 .data.dialog_text_DIALOG_053
                0x00000000020102a8       0xa4 build/us_n64/bin/segment2.o
 .data.dialog_text_DIALOG_052
                0x000000000201034c       0xb8 build/us_n64/bin/segment2.o
 .data.dialog_text_DIALOG_051
                0x0000000002010404      0x120 build/us_n64/bin/segment2.o
 .data.dialog_text_DIALOG_050
                0x0000000002010524       0xf4 build/us_n64/bin/segment2.o
 .data.dialog_text_DIALOG_049
                0x0000000002010618       0xec build/us_n64/bin/segment2.o
 .data.dialog_text_DIALOG_048
                0x0000000002010704       0x54 build/us_n64/bin/segment2.o
 .data.dialog_text_DIALOG_047
                0x0000000002010758       0x24 build/us_n64/bin/segment2.o
 .data.dialog_text_DIALOG_046
                0x000000000201077c      0x1d8 build/us_n64/bin/segment2.o
 .data.dialog_text_DIALOG_045
                0x0000000002010954       0x84 build/us_n64/bin/segment2.o
 .data.dialog_text_DIALOG_044
                0x00000000020109d8      0x11c build/us_n64/bin/segment2.o
 .data.dialog_text_DIALOG_043
                0x0000000002010af4       0x70 build/us_n64/bin/segment2.o
 .data.dialog_text_DIALOG_042
                0x0000000002010b64      0x134 build/us_n64/bin/segment2.o
 .data.dialog_text_DIALOG_041
                0x0000000002010c98       0x68 build/us_n64/bin/segment2.o
 .data.dialog_text_DIALOG_040
                0x0000000002010d00       0x24 build/us_n64/bin/segment2.o
 .data.dialog_text_DIALOG_039
                0x0000000002010d24      0x178 build/us_n64/bin/segment2.o
 .data.dialog_text_DIALOG_038
                0x0000000002010e9c       0x30 build/us_n64/bin/segment2.o
 .data.dialog_text_DIALOG_037
                0x0000000002010ecc       0x64 build/us_n64/bin/segment2.o
 .data.dialog_text_DIALOG_036
                0x0000000002010f30      0x110 build/us_n64/bin/segment2.o
 .data.dialog_text_DIALOG_035
                0x0000000002011040      0x1a0 build/us_n64/bin/segment2.o
 .data.dialog_text_DIALOG_034
                0x00000000020111e0      0x268 build/us_n64/bin/segment2.o
 .data.dialog_text_DIALOG_033
                0x0000000002011448      0x104 build/us_n64/bin/segment2.o
 .data.dialog_text_DIALOG_032
                0x000000000201154c       0xf8 build/us_n64/bin/segment2.o
 .data.dialog_text_DIALOG_031
                0x0000000002011644       0xbc build/us_n64/bin/segment2.o
 .data.dialog_text_DIALOG_030
                0x0000000002011700      0x1c0 build/us_n64/bin/segment2.o
 .data.dialog_text_DIALOG_029
                0x00000000020118c0       0x50 build/us_n64/bin/segment2.o
 .data.dialog_text_DIALOG_028
                0x0000000002011910       0x48 build/us_n64/bin/segment2.o
 .data.dialog_text_DIALOG_027
                0x0000000002011958       0x48 build/us_n64/bin/segment2.o
 .data.dialog_text_DIALOG_026
                0x00000000020119a0       0x48 build/us_n64/bin/segment2.o
 .data.dialog_text_DIALOG_025
                0x00000000020119e8       0x48 build/us_n64/bin/segment2.o
 .data.dialog_text_DIALOG_024
                0x0000000002011a30       0x70 build/us_n64/bin/segment2.o
 .data.dialog_text_DIALOG_023
                0x0000000002011aa0       0x34 build/us_n64/bin/segment2.o
 .data.dialog_text_DIALOG_022
                0x0000000002011ad4       0x24 build/us_n64/bin/segment2.o
 .data.dialog_text_DIALOG_021
                0x0000000002011af8       0x44 build/us_n64/bin/segment2.o
 .data.dialog_text_DIALOG_020
                0x0000000002011b3c       0x60 build/us_n64/bin/segment2.o
 .data.dialog_text_DIALOG_019
                0x0000000002011b9c       0x28 build/us_n64/bin/segment2.o
 .data.dialog_text_DIALOG_018
                0x0000000002011bc4       0x5c build/us_n64/bin/segment2.o
 .data.dialog_text_DIALOG_017
                0x0000000002011c20      0x1bc build/us_n64/bin/segment2.o
 .data.dialog_text_DIALOG_016
                0x0000000002011ddc       0x4c build/us_n64/bin/segment2.o
 .data.dialog_text_DIALOG_015
                0x0000000002011e28       0xb0 build/us_n64/bin/segment2.o
 .data.dialog_text_DIALOG_014
                0x0000000002011ed8       0x74 build/us_n64/bin/segment2.o
 .data.dialog_text_DIALOG_013
                0x0000000002011f4c       0x64 build/us_n64/bin/segment2.o
 .data.dialog_text_DIALOG_012
                0x0000000002011fb0       0xb4 build/us_n64/bin/segment2.o
 .data.dialog_text_DIALOG_011
                0x0000000002012064       0xb4 build/us_n64/bin/segment2.o
 .data.dialog_text_DIALOG_010
                0x0000000002012118       0xb0 build/us_n64/bin/segment2.o
 .data.dialog_text_DIALOG_009
                0x00000000020121c8      0x104 build/us_n64/bin/segment2.o
 .data.dialog_text_DIALOG_008
                0x00000000020122cc       0xd4 build/us_n64/bin/segment2.o
 .data.dialog_text_DIALOG_007
                0x00000000020123a0       0x70 build/us_n64/bin/segment2.o
 .data.dialog_text_DIALOG_006
                0x0000000002012410       0x70 build/us_n64/bin/segment2.o
 .data.dialog_text_DIALOG_005
                0x0000000002012480      0x14c build/us_n64/bin/segment2.o
 .data.dialog_text_DIALOG_004
                0x00000000020125cc       0xb8 build/us_n64/bin/segment2.o
 .data.dialog_text_DIALOG_003
                0x0000000002012684      0x134 build/us_n64/bin/segment2.o
 .data.dialog_text_DIALOG_002
                0x00000000020127b8      0x120 build/us_n64/bin/segment2.o
 .data.dialog_text_DIALOG_001
                0x00000000020128d8      0x194 build/us_n64/bin/segment2.o
 .data.dialog_text_DIALOG_000
                0x0000000002012a6c      0x178 build/us_n64/bin/segment2.o
 .data.main_hud_camera_lut
                0x0000000002012be4       0x18 build/us_n64/bin/segment2.o
                0x0000000002012be4                main_hud_camera_lut
 .data.main_credits_font_lut
                0x0000000002012bfc       0x94 build/us_n64/bin/segment2.o
                0x0000000002012bfc                main_credits_font_lut
 .data.main_font_lut
                0x0000000002012c90      0x400 build/us_n64/bin/segment2.o
                0x0000000002012c90                main_font_lut
 .data.main_hud_lut
                0x0000000002013090       0xf0 build/us_n64/bin/segment2.o
                0x0000000002013090                main_hud_lut
 .data.texture_hud_char_souls
                0x0000000002013180      0x200 build/us_n64/bin/segment2.o
 .data.texture_hud_char_arrow_down
                0x0000000002013380       0x80 build/us_n64/bin/segment2.o
 .data.texture_hud_char_arrow_up
                0x0000000002013400       0x80 build/us_n64/bin/segment2.o
 .data.texture_hud_char_no_camera
                0x0000000002013480      0x200 build/us_n64/bin/segment2.o
 .data.texture_hud_char_lakitu
                0x0000000002013680      0x200 build/us_n64/bin/segment2.o
 .data.texture_hud_char_camera
                0x0000000002013880      0x200 build/us_n64/bin/segment2.o
 .data.texture_font_char_us_button_C_right
                0x0000000002013a80       0x40 build/us_n64/bin/segment2.o
 .data.texture_font_char_us_button_C_left
                0x0000000002013ac0       0x40 build/us_n64/bin/segment2.o
 .data.texture_font_char_us_button_C_down
                0x0000000002013b00       0x40 build/us_n64/bin/segment2.o
 .data.texture_font_char_us_button_C_up
                0x0000000002013b40       0x40 build/us_n64/bin/segment2.o
 .data.texture_font_char_us_button_R
                0x0000000002013b80       0x40 build/us_n64/bin/segment2.o
 .data.texture_font_char_us_button_Z
                0x0000000002013bc0       0x40 build/us_n64/bin/segment2.o
 .data.texture_font_char_us_button_C
                0x0000000002013c00       0x40 build/us_n64/bin/segment2.o
 .data.texture_font_char_us_button_B
                0x0000000002013c40       0x40 build/us_n64/bin/segment2.o
 .data.texture_font_char_us_button_A
                0x0000000002013c80       0x40 build/us_n64/bin/segment2.o
 .data.texture_font_char_us_ampersand
                0x0000000002013cc0       0x40 build/us_n64/bin/segment2.o
 .data.texture_font_char_us_slash
                0x0000000002013d00       0x40 build/us_n64/bin/segment2.o
 .data.texture_font_char_us_ellipsis
                0x0000000002013d40       0x40 build/us_n64/bin/segment2.o
 .data.texture_font_char_us_double_quote_close
                0x0000000002013d80       0x40 build/us_n64/bin/segment2.o
 .data.texture_font_char_us_double_quote_open
                0x0000000002013dc0       0x40 build/us_n64/bin/segment2.o
 .data.texture_font_char_us_star_hollow
                0x0000000002013e00       0x40 build/us_n64/bin/segment2.o
 .data.texture_font_char_us_star_filled
                0x0000000002013e40       0x40 build/us_n64/bin/segment2.o
 .data.texture_font_char_us_question
                0x0000000002013e80       0x40 build/us_n64/bin/segment2.o
 .data.texture_font_char_us_apostrophe
                0x0000000002013ec0       0x40 build/us_n64/bin/segment2.o
 .data.texture_font_char_us_comma
                0x0000000002013f00       0x40 build/us_n64/bin/segment2.o
 .data.texture_font_char_us_interpunct
                0x0000000002013f40       0x40 build/us_n64/bin/segment2.o
 .data.texture_font_char_us_percent
                0x0000000002013f80       0x40 build/us_n64/bin/segment2.o
 .data.texture_font_char_us_period
                0x0000000002013fc0       0x40 build/us_n64/bin/segment2.o
 .data.texture_font_char_us_tilde
                0x0000000002014000       0x40 build/us_n64/bin/segment2.o
 .data.texture_font_char_us_close_parentheses
                0x0000000002014040       0x40 build/us_n64/bin/segment2.o
 .data.texture_font_char_us_close_open_parentheses
                0x0000000002014080       0x40 build/us_n64/bin/segment2.o
 .data.texture_font_char_us_open_parentheses
                0x00000000020140c0       0x40 build/us_n64/bin/segment2.o
 .data.texture_font_char_us_multiply
                0x0000000002014100       0x40 build/us_n64/bin/segment2.o
 .data.texture_font_char_us_coin
                0x0000000002014140       0x40 build/us_n64/bin/segment2.o
 .data.texture_font_char_us_exclamation
                0x0000000002014180       0x40 build/us_n64/bin/segment2.o
 .data.texture_font_char_us_left_right_arrow
                0x00000000020141c0       0x40 build/us_n64/bin/segment2.o
 .data.texture_font_char_us_z
                0x0000000002014200       0x40 build/us_n64/bin/segment2.o
 .data.texture_font_char_us_y
                0x0000000002014240       0x40 build/us_n64/bin/segment2.o
 .data.texture_font_char_us_x
                0x0000000002014280       0x40 build/us_n64/bin/segment2.o
 .data.texture_font_char_us_w
                0x00000000020142c0       0x40 build/us_n64/bin/segment2.o
 .data.texture_font_char_us_v
                0x0000000002014300       0x40 build/us_n64/bin/segment2.o
 .data.texture_font_char_us_u
                0x0000000002014340       0x40 build/us_n64/bin/segment2.o
 .data.texture_font_char_us_t
                0x0000000002014380       0x40 build/us_n64/bin/segment2.o
 .data.texture_font_char_us_s
                0x00000000020143c0       0x40 build/us_n64/bin/segment2.o
 .data.texture_font_char_us_r
                0x0000000002014400       0x40 build/us_n64/bin/segment2.o
 .data.texture_font_char_us_q
                0x0000000002014440       0x40 build/us_n64/bin/segment2.o
 .data.texture_font_char_us_p
                0x0000000002014480       0x40 build/us_n64/bin/segment2.o
 .data.texture_font_char_us_o
                0x00000000020144c0       0x40 build/us_n64/bin/segment2.o
 .data.texture_font_char_us_n
                0x0000000002014500       0x40 build/us_n64/bin/segment2.o
 .data.texture_font_char_us_m
                0x0000000002014540       0x40 build/us_n64/bin/segment2.o
 .data.texture_font_char_us_l
                0x0000000002014580       0x40 build/us_n64/bin/segment2.o
 .data.texture_font_char_us_k
                0x00000000020145c0       0x40 build/us_n64/bin/segment2.o
 .data.texture_font_char_us_j
                0x0000000002014600       0x40 build/us_n64/bin/segment2.o
 .data.texture_font_char_us_i
                0x0000000002014640       0x40 build/us_n64/bin/segment2.o
 .data.texture_font_char_us_h
                0x0000000002014680       0x40 build/us_n64/bin/segment2.o
 .data.texture_font_char_us_g
                0x00000000020146c0       0x40 build/us_n64/bin/segment2.o
 .data.texture_font_char_us_f
                0x0000000002014700       0x40 build/us_n64/bin/segment2.o
 .data.texture_font_char_us_e
                0x0000000002014740       0x40 build/us_n64/bin/segment2.o
 .data.texture_font_char_us_d
                0x0000000002014780       0x40 build/us_n64/bin/segment2.o
 .data.texture_font_char_us_c
                0x00000000020147c0       0x40 build/us_n64/bin/segment2.o
 .data.texture_font_char_us_b
                0x0000000002014800       0x40 build/us_n64/bin/segment2.o
 .data.texture_font_char_us_a
                0x0000000002014840       0x40 build/us_n64/bin/segment2.o
 .data.texture_font_char_us_Z
                0x0000000002014880       0x40 build/us_n64/bin/segment2.o
 .data.texture_font_char_us_Y
                0x00000000020148c0       0x40 build/us_n64/bin/segment2.o
 .data.texture_font_char_us_X
                0x0000000002014900       0x40 build/us_n64/bin/segment2.o
 .data.texture_font_char_us_W
                0x0000000002014940       0x40 build/us_n64/bin/segment2.o
 .data.texture_font_char_us_V
                0x0000000002014980       0x40 build/us_n64/bin/segment2.o
 .data.texture_font_char_us_U
                0x00000000020149c0       0x40 build/us_n64/bin/segment2.o
 .data.texture_font_char_us_T
                0x0000000002014a00       0x40 build/us_n64/bin/segment2.o
 .data.texture_font_char_us_S
                0x0000000002014a40       0x40 build/us_n64/bin/segment2.o
 .data.texture_font_char_us_R
                0x0000000002014a80       0x40 build/us_n64/bin/segment2.o
 .data.texture_font_char_us_Q
                0x0000000002014ac0       0x40 build/us_n64/bin/segment2.o
 .data.texture_font_char_us_P
                0x0000000002014b00       0x40 build/us_n64/bin/segment2.o
 .data.texture_font_char_us_O
                0x0000000002014b40       0x40 build/us_n64/bin/segment2.o
 .data.texture_font_char_us_N
                0x0000000002014b80       0x40 build/us_n64/bin/segment2.o
 .data.texture_font_char_us_M
                0x0000000002014bc0       0x40 build/us_n64/bin/segment2.o
 .data.texture_font_char_us_L
                0x0000000002014c00       0x40 build/us_n64/bin/segment2.o
 .data.texture_font_char_us_K
                0x0000000002014c40       0x40 build/us_n64/bin/segment2.o
 .data.texture_font_char_us_J
                0x0000000002014c80       0x40 build/us_n64/bin/segment2.o
 .data.texture_font_char_us_I
                0x0000000002014cc0       0x40 build/us_n64/bin/segment2.o
 .data.texture_font_char_us_H
                0x0000000002014d00       0x40 build/us_n64/bin/segment2.o
 .data.texture_font_char_us_G
                0x0000000002014d40       0x40 build/us_n64/bin/segment2.o
 .data.texture_font_char_us_F
                0x0000000002014d80       0x40 build/us_n64/bin/segment2.o
 .data.texture_font_char_us_E
                0x0000000002014dc0       0x40 build/us_n64/bin/segment2.o
 .data.texture_font_char_us_D
                0x0000000002014e00       0x40 build/us_n64/bin/segment2.o
 .data.texture_font_char_us_C
                0x0000000002014e40       0x40 build/us_n64/bin/segment2.o
 .data.texture_font_char_us_B
                0x0000000002014e80       0x40 build/us_n64/bin/segment2.o
 .data.texture_font_char_us_A
                0x0000000002014ec0       0x40 build/us_n64/bin/segment2.o
 .data.texture_font_char_us_9
                0x0000000002014f00       0x40 build/us_n64/bin/segment2.o
 .data.texture_font_char_us_8
                0x0000000002014f40       0x40 build/us_n64/bin/segment2.o
 .data.texture_font_char_us_7
                0x0000000002014f80       0x40 build/us_n64/bin/segment2.o
 .data.texture_font_char_us_6
                0x0000000002014fc0       0x40 build/us_n64/bin/segment2.o
 .data.texture_font_char_us_5
                0x0000000002015000       0x40 build/us_n64/bin/segment2.o
 .data.texture_font_char_us_4
                0x0000000002015040       0x40 build/us_n64/bin/segment2.o
 .data.texture_font_char_us_3
                0x0000000002015080       0x40 build/us_n64/bin/segment2.o
 .data.texture_font_char_us_2
                0x00000000020150c0       0x40 build/us_n64/bin/segment2.o
 .data.texture_font_char_us_1
                0x0000000002015100       0x40 build/us_n64/bin/segment2.o
 .data.texture_font_char_us_0
                0x0000000002015140       0x40 build/us_n64/bin/segment2.o
 .data.texture_credits_char_period
                0x0000000002015180       0x80 build/us_n64/bin/segment2.o
 .data.texture_credits_char_Z
                0x0000000002015200       0x80 build/us_n64/bin/segment2.o
 .data.texture_credits_char_Y
                0x0000000002015280       0x80 build/us_n64/bin/segment2.o
 .data.texture_credits_char_X
                0x0000000002015300       0x80 build/us_n64/bin/segment2.o
 .data.texture_credits_char_W
                0x0000000002015380       0x80 build/us_n64/bin/segment2.o
 .data.texture_credits_char_V
                0x0000000002015400       0x80 build/us_n64/bin/segment2.o
 .data.texture_credits_char_U
                0x0000000002015480       0x80 build/us_n64/bin/segment2.o
 .data.texture_credits_char_T
                0x0000000002015500       0x80 build/us_n64/bin/segment2.o
 .data.texture_credits_char_S
                0x0000000002015580       0x80 build/us_n64/bin/segment2.o
 .data.texture_credits_char_R
                0x0000000002015600       0x80 build/us_n64/bin/segment2.o
 .data.texture_credits_char_Q
                0x0000000002015680       0x80 build/us_n64/bin/segment2.o
 .data.texture_credits_char_P
                0x0000000002015700       0x80 build/us_n64/bin/segment2.o
 .data.texture_credits_char_O
                0x0000000002015780       0x80 build/us_n64/bin/segment2.o
 .data.texture_credits_char_N
                0x0000000002015800       0x80 build/us_n64/bin/segment2.o
 .data.texture_credits_char_M
                0x0000000002015880       0x80 build/us_n64/bin/segment2.o
 .data.texture_credits_char_L
                0x0000000002015900       0x80 build/us_n64/bin/segment2.o
 .data.texture_credits_char_K
                0x0000000002015980       0x80 build/us_n64/bin/segment2.o
 .data.texture_credits_char_J
                0x0000000002015a00       0x80 build/us_n64/bin/segment2.o
 .data.texture_credits_char_I
                0x0000000002015a80       0x80 build/us_n64/bin/segment2.o
 .data.texture_credits_char_H
                0x0000000002015b00       0x80 build/us_n64/bin/segment2.o
 .data.texture_credits_char_G
                0x0000000002015b80       0x80 build/us_n64/bin/segment2.o
 .data.texture_credits_char_F
                0x0000000002015c00       0x80 build/us_n64/bin/segment2.o
 .data.texture_credits_char_E
                0x0000000002015c80       0x80 build/us_n64/bin/segment2.o
 .data.texture_credits_char_D
                0x0000000002015d00       0x80 build/us_n64/bin/segment2.o
 .data.texture_credits_char_C
                0x0000000002015d80       0x80 build/us_n64/bin/segment2.o
 .data.texture_credits_char_B
                0x0000000002015e00       0x80 build/us_n64/bin/segment2.o
 .data.texture_credits_char_A
                0x0000000002015e80       0x80 build/us_n64/bin/segment2.o
 .data.texture_credits_char_6
                0x0000000002015f00       0x80 build/us_n64/bin/segment2.o
 .data.texture_credits_char_4
                0x0000000002015f80       0x80 build/us_n64/bin/segment2.o
 .data.texture_credits_char_3
                0x0000000002016000       0x80 build/us_n64/bin/segment2.o
 .data.texture_hud_char_beta_key
                0x0000000002016080      0x200 build/us_n64/bin/segment2.o
 .data.texture_hud_char_decimal_point
                0x0000000002016280      0x200 build/us_n64/bin/segment2.o
 .data.texture_hud_char_star
                0x0000000002016480      0x200 build/us_n64/bin/segment2.o
 .data.texture_hud_char_mario_head
                0x0000000002016680      0x200 build/us_n64/bin/segment2.o
 .data.texture_hud_char_silver_coin
                0x0000000002016880      0x200 build/us_n64/bin/segment2.o
 .data.texture_hud_char_red_coin
                0x0000000002016a80      0x200 build/us_n64/bin/segment2.o
 .data.texture_hud_char_coin
                0x0000000002016c80      0x200 build/us_n64/bin/segment2.o
 .data.texture_hud_char_multiply
                0x0000000002016e80      0x200 build/us_n64/bin/segment2.o
 .data.texture_hud_char_minus
                0x0000000002017080      0x200 build/us_n64/bin/segment2.o
 .data.texture_hud_char_percent
                0x0000000002017280      0x200 build/us_n64/bin/segment2.o
 .data.texture_hud_char_ampersand
                0x0000000002017480      0x200 build/us_n64/bin/segment2.o
 .data.texture_hud_char_question
                0x0000000002017680      0x200 build/us_n64/bin/segment2.o
 .data.texture_hud_char_double_exclamation
                0x0000000002017880      0x200 build/us_n64/bin/segment2.o
 .data.texture_hud_char_exclamation
                0x0000000002017a80      0x200 build/us_n64/bin/segment2.o
 .data.texture_hud_char_umlaut
                0x0000000002017c80      0x200 build/us_n64/bin/segment2.o
 .data.texture_hud_char_double_quote
                0x0000000002017e80      0x200 build/us_n64/bin/segment2.o
 .data.texture_hud_char_apostrophe
                0x0000000002018080      0x200 build/us_n64/bin/segment2.o
 .data.texture_hud_char_Z
                0x0000000002018280      0x200 build/us_n64/bin/segment2.o
 .data.texture_hud_char_Y
                0x0000000002018480      0x200 build/us_n64/bin/segment2.o
 .data.texture_hud_char_X
                0x0000000002018680      0x200 build/us_n64/bin/segment2.o
 .data.texture_hud_char_W
                0x0000000002018880      0x200 build/us_n64/bin/segment2.o
 .data.texture_hud_char_V
                0x0000000002018a80      0x200 build/us_n64/bin/segment2.o
 .data.texture_hud_char_U
                0x0000000002018c80      0x200 build/us_n64/bin/segment2.o
 .data.texture_hud_char_T
                0x0000000002018e80      0x200 build/us_n64/bin/segment2.o
 .data.texture_hud_char_S
                0x0000000002019080      0x200 build/us_n64/bin/segment2.o
 .data.texture_hud_char_R
                0x0000000002019280      0x200 build/us_n64/bin/segment2.o
 .data.texture_hud_char_Q
                0x0000000002019480      0x200 build/us_n64/bin/segment2.o
 .data.texture_hud_char_P
                0x0000000002019680      0x200 build/us_n64/bin/segment2.o
 .data.texture_hud_char_O
                0x0000000002019880      0x200 build/us_n64/bin/segment2.o
 .data.texture_hud_char_N
                0x0000000002019a80      0x200 build/us_n64/bin/segment2.o
 .data.texture_hud_char_M
                0x0000000002019c80      0x200 build/us_n64/bin/segment2.o
 .data.texture_hud_char_L
                0x0000000002019e80      0x200 build/us_n64/bin/segment2.o
 .data.texture_hud_char_K
                0x000000000201a080      0x200 build/us_n64/bin/segment2.o
 .data.texture_hud_char_J
                0x000000000201a280      0x200 build/us_n64/bin/segment2.o
 .data.texture_hud_char_I
                0x000000000201a480      0x200 build/us_n64/bin/segment2.o
 .data.texture_hud_char_H
                0x000000000201a680      0x200 build/us_n64/bin/segment2.o
 .data.texture_hud_char_G
                0x000000000201a880      0x200 build/us_n64/bin/segment2.o
 .data.texture_hud_char_F
                0x000000000201aa80      0x200 build/us_n64/bin/segment2.o
 .data.texture_hud_char_E
                0x000000000201ac80      0x200 build/us_n64/bin/segment2.o
 .data.texture_hud_char_D
                0x000000000201ae80      0x200 build/us_n64/bin/segment2.o
 .data.texture_hud_char_C
                0x000000000201b080      0x200 build/us_n64/bin/segment2.o
 .data.texture_hud_char_B
                0x000000000201b280      0x200 build/us_n64/bin/segment2.o
 .data.texture_hud_char_A
                0x000000000201b480      0x200 build/us_n64/bin/segment2.o
 .data.texture_hud_char_9
                0x000000000201b680      0x200 build/us_n64/bin/segment2.o
 .data.texture_hud_char_8
                0x000000000201b880      0x200 build/us_n64/bin/segment2.o
 .data.texture_hud_char_7
                0x000000000201ba80      0x200 build/us_n64/bin/segment2.o
 .data.texture_hud_char_6
                0x000000000201bc80      0x200 build/us_n64/bin/segment2.o
 .data.texture_hud_char_5
                0x000000000201be80      0x200 build/us_n64/bin/segment2.o
 .data.texture_hud_char_4
                0x000000000201c080      0x200 build/us_n64/bin/segment2.o
 .data.texture_hud_char_3
                0x000000000201c280      0x200 build/us_n64/bin/segment2.o
 .data.texture_hud_char_2
                0x000000000201c480      0x200 build/us_n64/bin/segment2.o
 .data.texture_hud_char_1
                0x000000000201c680      0x200 build/us_n64/bin/segment2.o
 .data.texture_hud_char_0
                0x000000000201c880      0x200 build/us_n64/bin/segment2.o

.data1
 *(.data1)

.got.plt
 *(.got.plt)
                0x000000000201ca80                . = .
                0x000000000201ca80                . = .
                0x0000000002024a70                _gp = (ALIGN (0x10) + 0x7ff0)

.got
 *(.got)

.sdata
 *(.sdata .sdata.* .gnu.linkonce.s.*)

.lit8
 *(.lit8)

.lit4
 *(.lit4)
                0x000000000201ca80                _edata = .
                [!provide]                        PROVIDE (edata = .)
                0x000000000201ca80                . = .
                0x000000000201ca80                __bss_start = .
                0x000000000201ca80                _fbss = .

.sbss
 *(.dynsbss)
 *(.sbss .sbss.* .gnu.linkonce.sb.*)
 *(.scommon)

.bss            0x000000000201ca80        0x0
 *(.dynbss)
 *(.bss .bss.* .gnu.linkonce.b.*)
 .bss           0x000000000201ca80        0x0 build/us_n64/bin/segment2.o
 *(COMMON)
                0x000000000201ca80                . = ALIGN ((. != 0x0)?0x4:0x1)
                0x000000000201ca80                . = ALIGN (0x4)
                0x000000000201ca80                . = SEGMENT_START ("ldata-segment", .)
                0x000000000201ca80                . = ALIGN (0x4)
                0x000000000201ca80                _end = .
                [!provide]                        PROVIDE (end = .)
                0x000000000201ca80                . = DATA_SEGMENT_END (.)

.stab
 *(.stab)

.stabstr
 *(.stabstr)

.stab.excl
 *(.stab.excl)

.stab.exclstr
 *(.stab.exclstr)

.stab.index
 *(.stab.index)

.stab.indexstr
 *(.stab.indexstr)

.comment        0x0000000000000000       0x25
 *(.comment)
 .comment       0x0000000000000000       0x25 build/us_n64/bin/segment2.o
                                         0x26 (size before relaxing)

.pdr            0x0000000000000000        0x0
 .pdr           0x0000000000000000        0x0 build/us_n64/bin/segment2.o

.debug
 *(.debug)

.line
 *(.line)

.debug_srcinfo
 *(.debug_srcinfo)

.debug_sfnames
 *(.debug_sfnames)

.debug_aranges
 *(.debug_aranges)

.debug_pubnames
 *(.debug_pubnames)

.debug_info
 *(.debug_info .gnu.linkonce.wi.*)

.debug_abbrev
 *(.debug_abbrev)

.debug_line
 *(.debug_line .debug_line.* .debug_line_end)

.debug_frame
 *(.debug_frame)

.debug_str
 *(.debug_str)

.debug_loc
 *(.debug_loc)

.debug_macinfo
 *(.debug_macinfo)

.debug_weaknames
 *(.debug_weaknames)

.debug_funcnames
 *(.debug_funcnames)

.debug_typenames
 *(.debug_typenames)

.debug_varnames
 *(.debug_varnames)

.debug_pubtypes
 *(.debug_pubtypes)

.debug_ranges
 *(.debug_ranges)

.debug_macro
 *(.debug_macro)

.debug_addr
 *(.debug_addr)

.gnu.attributes
                0x0000000000000000       0x10
 *(.gnu.attributes)
 .gnu.attributes
                0x0000000000000000       0x10 build/us_n64/bin/segment2.o

.gptab.sdata
 *(.gptab.data)
 *(.gptab.sdata)

.gptab.sbss
 *(.gptab.bss)
 *(.gptab.sbss)

.mdebug.abi32   0x0000000000000000        0x0
 *(.mdebug.abi32)
 .mdebug.abi32  0x0000000000000000        0x0 build/us_n64/bin/segment2.o

.mdebug.abiN32
 *(.mdebug.abiN32)

.mdebug.abi64
 *(.mdebug.abi64)

.mdebug.abiO64
 *(.mdebug.abiO64)

.mdebug.eabi32
 *(.mdebug.eabi32)

.mdebug.eabi64
 *(.mdebug.eabi64)

.gcc_compiled_long32
 *(.gcc_compiled_long32)

.gcc_compiled_long64
 *(.gcc_compiled_long64)

/DISCARD/
 *(.note.GNU-stack)
 *(.gnu_debuglink)
 *(.gnu.lto_*)
OUTPUT(build/us_n64/bin/segment2.elf elf32-bigmips)
